Component: ARM Compiler 5.06 update 2 (build 183) Tool: armlink [4d35b7]

==============================================================================

Section Cross References

    main.o(i.assert_nrf_callback) refers to app_error.o(i.app_error_handler) for app_error_handler
    main.o(i.ble_evt_dispatch) refers to ble_conn_params.o(i.ble_conn_params_on_ble_evt) for ble_conn_params_on_ble_evt
    main.o(i.ble_evt_dispatch) refers to ble_nus.o(i.ble_nus_on_ble_evt) for ble_nus_on_ble_evt
    main.o(i.ble_evt_dispatch) refers to bsp.o(i.bsp_indication_set) for bsp_indication_set
    main.o(i.ble_evt_dispatch) refers to app_error.o(i.app_error_handler_bare) for app_error_handler_bare
    main.o(i.ble_evt_dispatch) refers to ble_advertising.o(i.ble_advertising_on_ble_evt) for ble_advertising_on_ble_evt
    main.o(i.ble_evt_dispatch) refers to bsp_btn_ble.o(i.bsp_btn_ble_on_ble_evt) for bsp_btn_ble_on_ble_evt
    main.o(i.ble_evt_dispatch) refers to ble_conn_state.o(i.ble_conn_state_on_ble_evt) for ble_conn_state_on_ble_evt
    main.o(i.ble_evt_dispatch) refers to main.o(.bss) for .bss
    main.o(i.ble_evt_dispatch) refers to main.o(.data) for .data
    main.o(i.ble_stack_init) refers to softdevice_handler.o(i.softdevice_handler_init) for softdevice_handler_init
    main.o(i.ble_stack_init) refers to app_error.o(i.app_error_handler_bare) for app_error_handler_bare
    main.o(i.ble_stack_init) refers to softdevice_handler.o(i.softdevice_enable_get_default_config) for softdevice_enable_get_default_config
    main.o(i.ble_stack_init) refers to softdevice_handler.o(i.softdevice_enable) for softdevice_enable
    main.o(i.ble_stack_init) refers to softdevice_handler.o(i.softdevice_ble_evt_handler_set) for softdevice_ble_evt_handler_set
    main.o(i.ble_stack_init) refers to main.o(.constdata) for .constdata
    main.o(i.ble_stack_init) refers to main.o(.bss) for .bss
    main.o(i.ble_stack_init) refers to main.o(i.ble_evt_dispatch) for ble_evt_dispatch
    main.o(i.bsp_event_handler) refers to main.o(i.sleep_mode_enter) for sleep_mode_enter
    main.o(i.bsp_event_handler) refers to app_error.o(i.app_error_handler_bare) for app_error_handler_bare
    main.o(i.bsp_event_handler) refers to ble_advertising.o(i.ble_advertising_restart_without_whitelist) for ble_advertising_restart_without_whitelist
    main.o(i.bsp_event_handler) refers to main.o(.data) for .data
    main.o(i.conn_params_error_handler) refers to app_error.o(i.app_error_handler_bare) for app_error_handler_bare
    main.o(i.main) refers to segger_rtt.o(i.SEGGER_RTT_WriteString) for SEGGER_RTT_WriteString
    main.o(i.main) refers to app_timer.o(i.app_timer_init) for app_timer_init
    main.o(i.main) refers to app_error.o(i.app_error_handler_bare) for app_error_handler_bare
    main.o(i.main) refers to memcpya.o(.text) for __aeabi_memcpy4
    main.o(i.main) refers to app_uart_fifo.o(i.app_uart_init) for app_uart_init
    main.o(i.main) refers to bsp.o(i.bsp_init) for bsp_init
    main.o(i.main) refers to bsp_btn_ble.o(i.bsp_btn_ble_init) for bsp_btn_ble_init
    main.o(i.main) refers to main.o(i.ble_stack_init) for ble_stack_init
    main.o(i.main) refers to ble_nus.o(i.ble_nus_init) for ble_nus_init
    main.o(i.main) refers to memseta.o(.text) for __aeabi_memclr4
    main.o(i.main) refers to ble_advertising.o(i.ble_advertising_init) for ble_advertising_init
    main.o(i.main) refers to ble_conn_params.o(i.ble_conn_params_init) for ble_conn_params_init
    main.o(i.main) refers to main.o(i.peer_manager_init) for peer_manager_init
    main.o(i.main) refers to printfb.o(i.__0printf$bare) for __2printf
    main.o(i.main) refers to ble_advertising.o(i.ble_advertising_start) for ble_advertising_start
    main.o(i.main) refers to main.o(.bss) for .bss
    main.o(i.main) refers to main.o(.constdata) for .constdata
    main.o(i.main) refers to main.o(i.uart_event_handle) for uart_event_handle
    main.o(i.main) refers to main.o(i.bsp_event_handler) for bsp_event_handler
    main.o(i.main) refers to main.o(i.nus_data_handler) for nus_data_handler
    main.o(i.main) refers to main.o(.data) for .data
    main.o(i.main) refers to main.o(i.on_adv_evt) for on_adv_evt
    main.o(i.main) refers to main.o(i.on_conn_params_evt) for on_conn_params_evt
    main.o(i.main) refers to main.o(i.conn_params_error_handler) for conn_params_error_handler
    main.o(i.nus_data_handler) refers to app_uart_fifo.o(i.app_uart_put) for app_uart_put
    main.o(i.on_adv_evt) refers to bsp.o(i.bsp_indication_set) for bsp_indication_set
    main.o(i.on_adv_evt) refers to app_error.o(i.app_error_handler_bare) for app_error_handler_bare
    main.o(i.on_adv_evt) refers to main.o(i.sleep_mode_enter) for sleep_mode_enter
    main.o(i.on_conn_params_evt) refers to app_error.o(i.app_error_handler_bare) for app_error_handler_bare
    main.o(i.on_conn_params_evt) refers to main.o(.data) for .data
[...]
    nrf_drv_uart.o(i.nrf_drv_uart_rx_disable) refers to nrf_drv_uart.o(.bss) for .bss
    nrf_drv_uart.o(i.nrf_drv_uart_rx_enable) refers to nrf_drv_uart.o(i.rx_enable) for rx_enable
    nrf_drv_uart.o(i.nrf_drv_uart_rx_enable) refers to nrf_drv_uart.o(.bss) for .bss
    nrf_drv_uart.o(i.nrf_drv_uart_rx_for_uart) refers to nrf_drv_uart.o(i.rx_enable) for rx_enable
    nrf_drv_uart.o(i.nrf_drv_uart_rx_for_uart) refers to nrf_drv_uart.o(i.nrf_uart_event_clear) for nrf_uart_event_clear
    nrf_drv_uart.o(i.nrf_drv_uart_rx_for_uart) refers to nrf_drv_uart.o(i.nrf_uart_event_check) for nrf_uart_event_check
    nrf_drv_uart.o(i.nrf_drv_uart_rx_for_uart) refers to nrf_drv_uart.o(i.rx_byte) for rx_byte
    nrf_drv_uart.o(i.nrf_drv_uart_rx_for_uart) refers to nrf_drv_uart.o(.bss) for .bss
    nrf_drv_uart.o(i.nrf_drv_uart_rx_for_uarte) refers to nrf_drv_uart.o(i.nrf_uarte_event_clear) for nrf_uarte_event_clear
    nrf_drv_uart.o(i.nrf_drv_uart_rx_for_uarte) refers to nrf_drv_uart.o(i.nrf_uarte_event_check) for nrf_uarte_event_check
    nrf_drv_uart.o(i.nrf_drv_uart_rx_for_uarte) refers to nrf_drv_uart.o(.bss) for .bss
    nrf_drv_uart.o(i.nrf_drv_uart_tx) refers to nrf_drv_uart.o(i.nrf_drv_is_in_RAM) for nrf_drv_is_in_RAM
    nrf_drv_uart.o(i.nrf_drv_uart_tx) refers to nrf_drv_uart.o(i.nrf_drv_uart_tx_in_progress) for nrf_drv_uart_tx_in_progress
    nrf_drv_uart.o(i.nrf_drv_uart_tx) refers to nrf_drv_uart.o(i.nrf_uarte_event_clear) for nrf_uarte_event_clear
    nrf_drv_uart.o(i.nrf_drv_uart_tx) refers to nrf_drv_uart.o(i.nrf_uarte_event_check) for nrf_uarte_event_check
    nrf_drv_uart.o(i.nrf_drv_uart_tx) refers to nrf_drv_uart.o(i.nrf_uart_event_clear) for nrf_uart_event_clear
    nrf_drv_uart.o(i.nrf_drv_uart_tx) refers to nrf_drv_uart.o(i.tx_byte) for tx_byte
    nrf_drv_uart.o(i.nrf_drv_uart_tx) refers to nrf_drv_uart.o(i.nrf_uart_event_check) for nrf_uart_event_check
    nrf_drv_uart.o(i.nrf_drv_uart_tx) refers to nrf_drv_uart.o(.bss) for .bss
    nrf_drv_uart.o(i.nrf_drv_uart_tx_abort) refers to nrf_drv_uart.o(i.nrf_uarte_event_clear) for nrf_uarte_event_clear
    nrf_drv_uart.o(i.nrf_drv_uart_tx_abort) refers to nrf_drv_uart.o(i.nrf_uarte_event_check) for nrf_uarte_event_check
    nrf_drv_uart.o(i.nrf_drv_uart_tx_abort) refers to nrf_drv_uart.o(i.tx_done_event) for tx_done_event
    nrf_drv_uart.o(i.nrf_drv_uart_tx_abort) refers to nrf_drv_uart.o(.bss) for .bss
    nrf_drv_uart.o(i.nrf_drv_uart_tx_in_progress) refers to nrf_drv_uart.o(.bss) for .bss
    nrf_drv_uart.o(i.nrf_drv_uart_uninit) refers to nrf_drv_uart.o(i.nrf_drv_get_IRQn) for nrf_drv_get_IRQn
    nrf_drv_uart.o(i.nrf_drv_uart_uninit) refers to nrf_drv_uart.o(i.nrf_drv_common_irq_disable) for nrf_drv_common_irq_disable
    nrf_drv_uart.o(i.nrf_drv_uart_uninit) refers to nrf_drv_uart.o(i.pins_to_default) for pins_to_default
    nrf_drv_uart.o(i.nrf_drv_uart_uninit) refers to nrf_drv_uart.o(.bss) for .bss
    nrf_drv_uart.o(i.nrf_gpio_cfg) refers to nrf_drv_uart.o(i.nrf_gpio_pin_port_decode) for nrf_gpio_pin_port_decode
    nrf_drv_uart.o(i.nrf_gpio_cfg_default) refers to nrf_drv_uart.o(i.nrf_gpio_cfg) for nrf_gpio_cfg
    nrf_drv_uart.o(i.nrf_gpio_cfg_input) refers to nrf_drv_uart.o(i.nrf_gpio_cfg) for nrf_gpio_cfg
    nrf_drv_uart.o(i.nrf_gpio_cfg_output) refers to nrf_drv_uart.o(i.nrf_gpio_cfg) for nrf_gpio_cfg
    nrf_drv_uart.o(i.nrf_gpio_pin_set) refers to nrf_drv_uart.o(i.nrf_gpio_pin_port_decode) for nrf_gpio_pin_port_decode
    nrf_drv_uart.o(i.pins_to_default) refers to nrf_drv_uart.o(i.nrf_gpio_cfg_default) for nrf_gpio_cfg_default
    nrf_drv_uart.o(i.pins_to_default) refers to nrf_drv_uart.o(.bss) for .bss
    nrf_drv_uart.o(i.rx_byte) refers to nrf_drv_uart.o(i.nrf_uart_event_clear) for nrf_uart_event_clear
    nrf_drv_uart.o(i.rx_enable) refers to nrf_drv_uart.o(i.nrf_uart_event_clear) for nrf_uart_event_clear
    nrf_drv_uart.o(i.tx_byte) refers to nrf_drv_uart.o(i.nrf_uart_event_clear) for nrf_uart_event_clear
    nrf_drv_uart.o(i.uart_irq_handler) refers to nrf_drv_uart.o(i.nrf_uart_int_enable_check) for nrf_uart_int_enable_check
    nrf_drv_uart.o(i.uart_irq_handler) refers to nrf_drv_uart.o(i.nrf_uart_event_check) for nrf_uart_event_check
    nrf_drv_uart.o(i.uart_irq_handler) refers to nrf_drv_uart.o(i.nrf_uart_event_clear) for nrf_uart_event_clear
    nrf_drv_uart.o(i.uart_irq_handler) refers to nrf_drv_uart.o(i.rx_byte) for rx_byte
    nrf_drv_uart.o(i.uart_irq_handler) refers to nrf_drv_uart.o(i.rx_done_event) for rx_done_event
    nrf_drv_uart.o(i.uart_irq_handler) refers to nrf_drv_uart.o(i.tx_byte) for tx_byte
    nrf_drv_uart.o(i.uart_irq_handler) refers to nrf_drv_uart.o(i.tx_done_event) for tx_done_event
    nrf_drv_uart.o(i.uarte_irq_handler) refers to nrf_drv_uart.o(i.nrf_uarte_event_check) for nrf_uarte_event_check
    nrf_drv_uart.o(i.uarte_irq_handler) refers to nrf_drv_uart.o(i.nrf_uarte_event_clear) for nrf_uarte_event_clear
    nrf_drv_uart.o(i.uarte_irq_handler) refers to nrf_drv_uart.o(i.rx_done_event) for rx_done_event
    nrf_drv_uart.o(i.uarte_irq_handler) refers to nrf_drv_uart.o(i.tx_done_event) for tx_done_event
    app_button.o(i.app_button_disable) refers to nrf_drv_gpiote.o(i.nrf_drv_gpiote_in_event_disable) for nrf_drv_gpiote_in_event_disable
    app_button.o(i.app_button_disable) refers to app_timer.o(i.app_timer_stop) for app_timer_stop
    app_button.o(i.app_button_disable) refers to app_button.o(.data) for .data
    app_button.o(i.app_button_disable) refers to app_button.o(.constdata) for .constdata
    app_button.o(i.app_button_enable) refers to nrf_drv_gpiote.o(i.nrf_drv_gpiote_in_event_enable) for nrf_drv_gpiote_in_event_enable
    app_button.o(i.app_button_enable) refers to app_button.o(.data) for .data
    app_button.o(i.app_button_init) refers to nrf_drv_gpiote.o(i.nrf_drv_gpiote_is_init) for nrf_drv_gpiote_is_init
    app_button.o(i.app_button_init) refers to nrf_drv_gpiote.o(i.nrf_drv_gpiote_init) for nrf_drv_gpiote_init
    app_button.o(i.app_button_init) refers to nrf_drv_gpiote.o(i.nrf_drv_gpiote_in_init) for nrf_drv_gpiote_in_init
    app_button.o(i.app_button_init) refers to app_timer.o(i.app_timer_create) for app_timer_create
    app_button.o(i.app_button_init) refers to app_button.o(.data) for .data
    app_button.o(i.app_button_init) refers to app_button.o(.constdata) for .constdata
    app_button.o(i.app_button_init) refers to app_button.o(i.gpiote_event_handler) for gpiote_event_handler
    app_button.o(i.app_button_init) refers to app_button.o(i.detection_delay_timeout_handler) for detection_delay_timeout_handler
    app_button.o(i.app_button_is_pushed) refers to nrf_drv_gpiote.o(i.nrf_drv_gpiote_in_is_set) for nrf_drv_gpiote_in_is_set
    app_button.o(i.app_button_is_pushed) refers to app_button.o(.data) for .data
    app_button.o(i.detection_delay_timeout_handler) refers to nrf_drv_gpiote.o(i.nrf_drv_gpiote_in_is_set) for nrf_drv_gpiote_in_is_set
    app_button.o(i.detection_delay_timeout_handler) refers to app_button.o(.data) for .data
    app_button.o(i.gpiote_event_handler) refers to app_timer.o(i.app_timer_stop) for app_timer_stop
    app_button.o(i.gpiote_event_handler) refers to nrf_drv_gpiote.o(i.nrf_drv_gpiote_in_is_set) for nrf_drv_gpiote_in_is_set
    app_button.o(i.gpiote_event_handler) refers to app_timer.o(i.app_timer_start) for app_timer_start
    app_button.o(i.gpiote_event_handler) refers to app_button.o(.constdata) for .constdata
    app_button.o(i.gpiote_event_handler) refers to app_button.o(.data) for .data
    app_button.o(.constdata) refers to app_button.o(.bss) for m_detection_delay_timer_id_data
    app_error.o(i.app_error_handler) refers to app_error_weak.o(i.app_error_fault_handler) for app_error_fault_handler
    app_error.o(i.app_error_handler_bare) refers to app_error_weak.o(i.app_error_fault_handler) for app_error_fault_handler
    app_error.o(i.app_error_save_and_stop) refers to app_error.o(.bss) for .bss
    app_fifo.o(i.app_fifo_get) refers to app_fifo.o(i.fifo_get) for fifo_get
    app_fifo.o(i.app_fifo_put) refers to app_fifo.o(i.fifo_put) for fifo_put
    app_fifo.o(i.app_fifo_read) refers to app_fifo.o(i.fifo_get) for fifo_get
    app_fifo.o(i.app_fifo_write) refers to app_fifo.o(i.fifo_put) for fifo_put
    app_timer.o(i.RTC1_IRQHandler) refers to app_timer.o(i.timer_timeouts_check) for timer_timeouts_check
    app_timer.o(i.SWI0_EGU0_IRQHandler) refers to app_timer.o(i.timer_list_handler) for timer_list_handler
    app_timer.o(i.app_timer_create) refers to app_timer.o(.data) for .data
    app_timer.o(i.app_timer_init) refers to app_timer.o(i.rtc1_stop) for rtc1_stop
    app_timer.o(i.app_timer_init) refers to app_timer.o(i.NVIC_ClearPendingIRQ) for NVIC_ClearPendingIRQ
    app_timer.o(i.app_timer_init) refers to app_timer.o(i.NVIC_SetPriority) for NVIC_SetPriority
    app_timer.o(i.app_timer_init) refers to app_timer.o(i.NVIC_EnableIRQ) for NVIC_EnableIRQ
    app_timer.o(i.app_timer_init) refers to app_timer.o(.data) for .data
    app_timer.o(i.app_timer_start) refers to app_util_platform.o(i.app_util_critical_region_enter) for app_util_critical_region_enter
    app_timer.o(i.app_timer_start) refers to app_timer.o(i.user_op_alloc) for user_op_alloc
    app_timer.o(i.app_timer_start) refers to app_util_platform.o(i.app_util_critical_region_exit) for app_util_critical_region_exit
    app_timer.o(i.app_timer_start) refers to app_timer.o(i.NVIC_SetPendingIRQ) for NVIC_SetPendingIRQ
    app_timer.o(i.app_timer_start) refers to app_timer.o(.data) for .data
    app_timer.o(i.app_timer_stop) refers to app_timer.o(i.timer_stop_op_schedule) for timer_stop_op_schedule
    app_timer.o(i.app_timer_stop) refers to app_timer.o(.data) for .data
    app_timer.o(i.app_timer_stop_all) refers to app_timer.o(i.timer_stop_op_schedule) for timer_stop_op_schedule
    app_timer.o(i.app_timer_stop_all) refers to app_timer.o(.data) for .data
    app_timer.o(i.compare_reg_update) refers to app_timer.o(i.NVIC_ClearPendingIRQ) for NVIC_ClearPendingIRQ
    app_timer.o(i.compare_reg_update) refers to app_timer.o(i.NVIC_EnableIRQ) for NVIC_EnableIRQ
    app_timer.o(i.compare_reg_update) refers to app_timer.o(i.nrf_delay_us) for nrf_delay_us
    app_timer.o(i.compare_reg_update) refers to app_timer.o(i.NVIC_SetPendingIRQ) for NVIC_SetPendingIRQ
    app_timer.o(i.compare_reg_update) refers to app_timer.o(i.rtc1_stop) for rtc1_stop
    app_timer.o(i.compare_reg_update) refers to app_timer.o(.data) for .data
    app_timer.o(i.elapsed_ticks_acquire) refers to app_timer.o(.data) for .data
    app_timer.o(i.list_deletions_handler) refers to app_timer.o(.data) for .data
    app_timer.o(i.list_insertions_handler) refers to app_timer.o(i.timer_list_insert) for timer_list_insert
    app_timer.o(i.list_insertions_handler) refers to app_timer.o(.data) for .data
    app_timer.o(i.nrf_delay_us) refers to system_nrf52840.o(.data) for SystemCoreClock
    app_timer.o(i.rtc1_stop) refers to app_timer.o(i.nrf_delay_us) for nrf_delay_us
    app_timer.o(i.rtc1_stop) refers to app_timer.o(.data) for .data
    app_timer.o(i.timer_list_handler) refers to app_timer.o(i.elapsed_ticks_acquire) for elapsed_ticks_acquire
    app_timer.o(i.timer_list_handler) refers to app_timer.o(i.list_deletions_handler) for list_deletions_handler
    app_timer.o(i.timer_list_handler) refers to app_timer.o(i.list_insertions_handler) for list_insertions_handler
    app_timer.o(i.timer_list_handler) refers to app_timer.o(i.compare_reg_update) for compare_reg_update
    app_timer.o(i.timer_list_handler) refers to app_timer.o(.data) for .data
    app_timer.o(i.timer_list_insert) refers to app_timer.o(.data) for .data
    app_timer.o(i.timer_stop_op_schedule) refers to app_util_platform.o(i.app_util_critical_region_enter) for app_util_critical_region_enter
    app_timer.o(i.timer_stop_op_schedule) refers to app_timer.o(i.user_op_alloc) for user_op_alloc
    app_timer.o(i.timer_stop_op_schedule) refers to app_util_platform.o(i.app_util_critical_region_exit) for app_util_critical_region_exit
    app_timer.o(i.timer_stop_op_schedule) refers to app_timer.o(i.NVIC_SetPendingIRQ) for NVIC_SetPendingIRQ
    app_timer.o(i.timer_stop_op_schedule) refers to app_timer.o(.data) for .data
    app_timer.o(i.timer_timeouts_check) refers to app_error.o(i.app_error_handler_bare) for app_error_handler_bare
    app_timer.o(i.timer_timeouts_check) refers to app_timer.o(i.NVIC_SetPendingIRQ) for NVIC_SetPendingIRQ
    app_timer.o(i.timer_timeouts_check) refers to app_timer.o(.data) for .data
    app_timer.o(i.user_op_alloc) refers to app_timer.o(.data) for .data
    app_uart_fifo.o(i.app_uart_close) refers to nrf_drv_uart.o(i.nrf_drv_uart_uninit) for nrf_drv_uart_uninit
    app_uart_fifo.o(i.app_uart_close) refers to app_uart_fifo.o(.data) for .data
    app_uart_fifo.o(i.app_uart_flush) refers to app_fifo.o(i.app_fifo_flush) for app_fifo_flush
    app_uart_fifo.o(i.app_uart_flush) refers to app_uart_fifo.o(.bss) for .bss
    app_uart_fifo.o(i.app_uart_get) refers to app_fifo.o(i.app_fifo_get) for app_fifo_get
    app_uart_fifo.o(i.app_uart_get) refers to nrf_drv_uart.o(i.nrf_drv_uart_rx) for nrf_drv_uart_rx
    app_uart_fifo.o(i.app_uart_get) refers to app_error.o(i.app_error_handler_bare) for app_error_handler_bare
    app_uart_fifo.o(i.app_uart_get) refers to app_uart_fifo.o(.data) for .data
    app_uart_fifo.o(i.app_uart_get) refers to app_uart_fifo.o(.bss) for .bss
    app_uart_fifo.o(i.app_uart_init) refers to app_fifo.o(i.app_fifo_init) for app_fifo_init
    app_uart_fifo.o(i.app_uart_init) refers to memcpya.o(.text) for __aeabi_memcpy4
    app_uart_fifo.o(i.app_uart_init) refers to nrf_drv_uart.o(i.nrf_drv_uart_init) for nrf_drv_uart_init
    app_uart_fifo.o(i.app_uart_init) refers to nrf_drv_uart.o(i.nrf_drv_uart_rx_enable) for nrf_drv_uart_rx_enable
    app_uart_fifo.o(i.app_uart_init) refers to nrf_drv_uart.o(i.nrf_drv_uart_rx) for nrf_drv_uart_rx
    app_uart_fifo.o(i.app_uart_init) refers to app_uart_fifo.o(.data) for .data
    app_uart_fifo.o(i.app_uart_init) refers to app_uart_fifo.o(.bss) for .bss
    app_uart_fifo.o(i.app_uart_init) refers to app_uart_fifo.o(.constdata) for .constdata
    app_uart_fifo.o(i.app_uart_init) refers to app_uart_fifo.o(i.uart_event_handler) for uart_event_handler
    app_uart_fifo.o(i.app_uart_put) refers to app_fifo.o(i.app_fifo_put) for app_fifo_put
    app_uart_fifo.o(i.app_uart_put) refers to nrf_drv_uart.o(i.nrf_drv_uart_tx_in_progress) for nrf_drv_uart_tx_in_progress
    app_uart_fifo.o(i.app_uart_put) refers to app_fifo.o(i.app_fifo_get) for app_fifo_get
    app_uart_fifo.o(i.app_uart_put) refers to nrf_drv_uart.o(i.nrf_drv_uart_tx) for nrf_drv_uart_tx
    app_uart_fifo.o(i.app_uart_put) refers to app_uart_fifo.o(.bss) for .bss
    app_uart_fifo.o(i.app_uart_put) refers to app_uart_fifo.o(.data) for .data
    app_uart_fifo.o(i.uart_event_handler) refers to nrf_drv_uart.o(i.nrf_drv_uart_rx) for nrf_drv_uart_rx
    app_uart_fifo.o(i.uart_event_handler) refers to app_fifo.o(i.app_fifo_put) for app_fifo_put
    app_uart_fifo.o(i.uart_event_handler) refers to app_fifo.o(i.app_fifo_get) for app_fifo_get
    app_uart_fifo.o(i.uart_event_handler) refers to nrf_drv_uart.o(i.nrf_drv_uart_tx) for nrf_drv_uart_tx
    app_uart_fifo.o(i.uart_event_handler) refers to app_uart_fifo.o(.data) for .data
    app_uart_fifo.o(i.uart_event_handler) refers to app_uart_fifo.o(.bss) for .bss
    app_util_platform.o(i.app_util_critical_region_enter) refers to app_util_platform.o(.bss) for .bss
    app_util_platform.o(i.app_util_critical_region_exit) refers to app_util_platform.o(.bss) for .bss
    app_util_platform.o(i.app_util_disable_irq) refers to app_util_platform.o(.data) for .data
    app_util_platform.o(i.app_util_enable_irq) refers to app_util_platform.o(.data) for .data
    fstorage.o(i.fs_erase) refers to fstorage.o(i.check_config) for check_config
    fstorage.o(i.fs_erase) refers to fstorage.o(i.queue_get_next_free) for queue_get_next_free
    fstorage.o(i.fs_erase) refers to fstorage.o(i.queue_start) for queue_start
    fstorage.o(i.fs_erase) refers to fstorage.o(.data) for .data
    fstorage.o(i.fs_fake_init) refers to fstorage.o(.data) for .data
    fstorage.o(i.fs_init) refers to fstorage.o(.data) for .data
    fstorage.o(i.fs_queue_is_empty) refers to fstorage.o(.bss) for .bss
    fstorage.o(i.fs_queue_is_full) refers to fstorage.o(.bss) for .bss
    fstorage.o(i.fs_queued_op_count_get) refers to fstorage.o(.bss) for .bss
    fstorage.o(i.fs_store) refers to fstorage.o(i.check_config) for check_config
    fstorage.o(i.fs_store) refers to fstorage.o(i.queue_get_next_free) for queue_get_next_free
    fstorage.o(i.fs_store) refers to fstorage.o(i.queue_start) for queue_start
    fstorage.o(i.fs_store) refers to fstorage.o(.data) for .data
    fstorage.o(i.fs_sys_event_handler) refers to fstorage.o(i.on_operation_success) for on_operation_success
    fstorage.o(i.fs_sys_event_handler) refers to fstorage.o(i.send_event) for send_event
    fstorage.o(i.fs_sys_event_handler) refers to fstorage.o(i.queue_advance) for queue_advance
    fstorage.o(i.fs_sys_event_handler) refers to fstorage.o(i.queue_process) for queue_process
    fstorage.o(i.fs_sys_event_handler) refers to fstorage.o(.bss) for .bss
    fstorage.o(i.fs_sys_event_handler) refers to fstorage.o(.data) for .data
    fstorage.o(i.on_operation_success) refers to fstorage.o(i.send_event) for send_event
    fstorage.o(i.on_operation_success) refers to fstorage.o(i.queue_advance) for queue_advance
    fstorage.o(i.on_operation_success) refers to fstorage.o(.data) for .data
    fstorage.o(i.queue_advance) refers to fstorage.o(.bss) for .bss
    fstorage.o(i.queue_advance) refers to fstorage.o(.data) for .data
    fstorage.o(i.queue_get_next_free) refers to memseta.o(.text) for __aeabi_memclr4
    fstorage.o(i.queue_get_next_free) refers to fstorage.o(.bss) for .bss
    fstorage.o(i.queue_process) refers to fstorage.o(i.send_event) for send_event
    fstorage.o(i.queue_process) refers to fstorage.o(.bss) for .bss
    fstorage.o(i.queue_process) refers to fstorage.o(.data) for .data
    fstorage.o(i.queue_start) refers to fstorage.o(i.queue_process) for queue_process
    fstorage.o(i.queue_start) refers to fstorage.o(.data) for .data
    nrf_assert.o(i.assert_nrf_callback) refers to app_error_weak.o(i.app_error_fault_handler) for app_error_fault_handler
    retarget.o(i.fgetc) refers to app_uart_fifo.o(i.app_uart_get) for app_uart_get
    retarget.o(i.fputc) refers to app_uart_fifo.o(i.app_uart_put) for app_uart_put
    sdk_mapped_flags.o(i.sdk_mapped_flags_first_key_index_get) refers to sdk_mapped_flags.o(i.sdk_mapped_flags_get_by_index) for sdk_mapped_flags_get_by_index
    sdk_mapped_flags.o(i.sdk_mapped_flags_get_by_key) refers to sdk_mapped_flags.o(i.sdk_mapped_flags_get_by_index) for sdk_mapped_flags_get_by_index
    sdk_mapped_flags.o(i.sdk_mapped_flags_key_list_get) refers to sdk_mapped_flags.o(i.sdk_mapped_flags_get_by_index) for sdk_mapped_flags_get_by_index
    sdk_mapped_flags.o(i.sdk_mapped_flags_key_list_get) refers to memcpya.o(.text) for __aeabi_memcpy4
    sdk_mapped_flags.o(i.sdk_mapped_flags_n_flags_set) refers to sdk_mapped_flags.o(i.sdk_mapped_flags_get_by_index) for sdk_mapped_flags_get_by_index
    sdk_mapped_flags.o(i.sdk_mapped_flags_update_by_key) refers to sdk_mapped_flags.o(i.sdk_mapped_flags_bulk_update_by_key) for sdk_mapped_flags_bulk_update_by_key
    segger_rtt.o(i.SEGGER_RTT_ConfigDownBuffer) refers to segger_rtt.o(i._DoInit) for _DoInit
    segger_rtt.o(i.SEGGER_RTT_ConfigDownBuffer) refers to app_util_platform.o(i.app_util_critical_region_enter) for app_util_critical_region_enter
    segger_rtt.o(i.SEGGER_RTT_ConfigDownBuffer) refers to app_util_platform.o(i.app_util_critical_region_exit) for app_util_critical_region_exit
    segger_rtt.o(i.SEGGER_RTT_ConfigDownBuffer) refers to segger_rtt.o(.bss) for .bss
    segger_rtt.o(i.SEGGER_RTT_ConfigUpBuffer) refers to segger_rtt.o(i._DoInit) for _DoInit
    segger_rtt.o(i.SEGGER_RTT_ConfigUpBuffer) refers to app_util_platform.o(i.app_util_critical_region_enter) for app_util_critical_region_enter
    segger_rtt.o(i.SEGGER_RTT_ConfigUpBuffer) refers to app_util_platform.o(i.app_util_critical_region_exit) for app_util_critical_region_exit
    segger_rtt.o(i.SEGGER_RTT_ConfigUpBuffer) refers to segger_rtt.o(.bss) for .bss
    segger_rtt.o(i.SEGGER_RTT_GetKey) refers to segger_rtt.o(i.SEGGER_RTT_Read) for SEGGER_RTT_Read
    segger_rtt.o(i.SEGGER_RTT_HasData) refers to segger_rtt.o(.bss) for .bss
    segger_rtt.o(i.SEGGER_RTT_HasKey) refers to segger_rtt.o(i._DoInit) for _DoInit
    segger_rtt.o(i.SEGGER_RTT_HasKey) refers to segger_rtt.o(.bss) for .bss
    segger_rtt.o(i.SEGGER_RTT_Init) refers to segger_rtt.o(i._DoInit) for _DoInit
    segger_rtt.o(i.SEGGER_RTT_Init) refers to segger_rtt.o(.bss) for .bss
    segger_rtt.o(i.SEGGER_RTT_Read) refers to app_util_platform.o(i.app_util_critical_region_enter) for app_util_critical_region_enter
    segger_rtt.o(i.SEGGER_RTT_Read) refers to segger_rtt.o(i.SEGGER_RTT_ReadNoLock) for SEGGER_RTT_ReadNoLock
    segger_rtt.o(i.SEGGER_RTT_Read) refers to app_util_platform.o(i.app_util_critical_region_exit) for app_util_critical_region_exit
    segger_rtt.o(i.SEGGER_RTT_ReadNoLock) refers to segger_rtt.o(i._DoInit) for _DoInit
    segger_rtt.o(i.SEGGER_RTT_ReadNoLock) refers to memcpya.o(.text) for __aeabi_memcpy
    segger_rtt.o(i.SEGGER_RTT_ReadNoLock) refers to segger_rtt.o(.bss) for .bss
    segger_rtt.o(i.SEGGER_RTT_SetNameDownBuffer) refers to segger_rtt.o(i._DoInit) for _DoInit
    segger_rtt.o(i.SEGGER_RTT_SetNameDownBuffer) refers to app_util_platform.o(i.app_util_critical_region_enter) for app_util_critical_region_enter
    segger_rtt.o(i.SEGGER_RTT_SetNameDownBuffer) refers to app_util_platform.o(i.app_util_critical_region_exit) for app_util_critical_region_exit
    segger_rtt.o(i.SEGGER_RTT_SetNameDownBuffer) refers to segger_rtt.o(.bss) for .bss
    segger_rtt.o(i.SEGGER_RTT_SetNameUpBuffer) refers to segger_rtt.o(i._DoInit) for _DoInit
    segger_rtt.o(i.SEGGER_RTT_SetNameUpBuffer) refers to app_util_platform.o(i.app_util_critical_region_enter) for app_util_critical_region_enter
    segger_rtt.o(i.SEGGER_RTT_SetNameUpBuffer) refers to app_util_platform.o(i.app_util_critical_region_exit) for app_util_critical_region_exit
    segger_rtt.o(i.SEGGER_RTT_SetNameUpBuffer) refers to segger_rtt.o(.bss) for .bss
    segger_rtt.o(i.SEGGER_RTT_SetTerminal) refers to segger_rtt.o(i._DoInit) for _DoInit
    segger_rtt.o(i.SEGGER_RTT_SetTerminal) refers to app_util_platform.o(i.app_util_critical_region_enter) for app_util_critical_region_enter
    segger_rtt.o(i.SEGGER_RTT_SetTerminal) refers to segger_rtt.o(i._GetAvailWriteSpace) for _GetAvailWriteSpace
    segger_rtt.o(i.SEGGER_RTT_SetTerminal) refers to segger_rtt.o(i._WriteNoCheck) for _WriteNoCheck
    segger_rtt.o(i.SEGGER_RTT_SetTerminal) refers to segger_rtt.o(i._WriteBlocking) for _WriteBlocking
    segger_rtt.o(i.SEGGER_RTT_SetTerminal) refers to app_util_platform.o(i.app_util_critical_region_exit) for app_util_critical_region_exit
    segger_rtt.o(i.SEGGER_RTT_SetTerminal) refers to segger_rtt.o(.bss) for .bss
    segger_rtt.o(i.SEGGER_RTT_SetTerminal) refers to segger_rtt.o(.data) for .data
    segger_rtt.o(i.SEGGER_RTT_TerminalOut) refers to segger_rtt.o(i._DoInit) for _DoInit
    segger_rtt.o(i.SEGGER_RTT_TerminalOut) refers to strlen.o(.text) for strlen
    segger_rtt.o(i.SEGGER_RTT_TerminalOut) refers to app_util_platform.o(i.app_util_critical_region_enter) for app_util_critical_region_enter
    segger_rtt.o(i.SEGGER_RTT_TerminalOut) refers to segger_rtt.o(i._GetAvailWriteSpace) for _GetAvailWriteSpace
    segger_rtt.o(i.SEGGER_RTT_TerminalOut) refers to segger_rtt.o(i._PostTerminalSwitch) for _PostTerminalSwitch
    segger_rtt.o(i.SEGGER_RTT_TerminalOut) refers to segger_rtt.o(i._WriteBlocking) for _WriteBlocking
    segger_rtt.o(i.SEGGER_RTT_TerminalOut) refers to app_util_platform.o(i.app_util_critical_region_exit) for app_util_critical_region_exit
    segger_rtt.o(i.SEGGER_RTT_TerminalOut) refers to segger_rtt.o(.bss) for .bss
    segger_rtt.o(i.SEGGER_RTT_TerminalOut) refers to segger_rtt.o(.data) for .data
    segger_rtt.o(i.SEGGER_RTT_WaitKey) refers to segger_rtt.o(i.SEGGER_RTT_GetKey) for SEGGER_RTT_GetKey
    segger_rtt.o(i.SEGGER_RTT_Write) refers to segger_rtt.o(i._DoInit) for _DoInit
    segger_rtt.o(i.SEGGER_RTT_Write) refers to app_util_platform.o(i.app_util_critical_region_enter) for app_util_critical_region_enter
    segger_rtt.o(i.SEGGER_RTT_Write) refers to segger_rtt.o(i.SEGGER_RTT_WriteNoLock) for SEGGER_RTT_WriteNoLock
    segger_rtt.o(i.SEGGER_RTT_Write) refers to app_util_platform.o(i.app_util_critical_region_exit) for app_util_critical_region_exit
    segger_rtt.o(i.SEGGER_RTT_Write) refers to segger_rtt.o(.bss) for .bss
    segger_rtt.o(i.SEGGER_RTT_WriteNoLock) refers to segger_rtt.o(i._GetAvailWriteSpace) for _GetAvailWriteSpace
    segger_rtt.o(i.SEGGER_RTT_WriteNoLock) refers to segger_rtt.o(i._WriteNoCheck) for _WriteNoCheck
    segger_rtt.o(i.SEGGER_RTT_WriteNoLock) refers to segger_rtt.o(i._WriteBlocking) for _WriteBlocking
    segger_rtt.o(i.SEGGER_RTT_WriteNoLock) refers to segger_rtt.o(.bss) for .bss
    segger_rtt.o(i.SEGGER_RTT_WriteSkipNoLock) refers to memcpya.o(.text) for __aeabi_memcpy
    segger_rtt.o(i.SEGGER_RTT_WriteSkipNoLock) refers to segger_rtt.o(.bss) for .bss
    segger_rtt.o(i.SEGGER_RTT_WriteString) refers to strlen.o(.text) for strlen
    segger_rtt.o(i.SEGGER_RTT_WriteString) refers to segger_rtt.o(i.SEGGER_RTT_Write) for SEGGER_RTT_Write
    segger_rtt.o(i._DoInit) refers to strcpy.o(.text) for strcpy
    segger_rtt.o(i._DoInit) refers to segger_rtt.o(.bss) for .bss
    segger_rtt.o(i._PostTerminalSwitch) refers to segger_rtt.o(i._WriteBlocking) for _WriteBlocking
    segger_rtt.o(i._PostTerminalSwitch) refers to segger_rtt.o(.data) for .data
    segger_rtt.o(i._WriteBlocking) refers to memcpya.o(.text) for __aeabi_memcpy
    segger_rtt.o(i._WriteNoCheck) refers to memcpya.o(.text) for __aeabi_memcpy
    softdevice_handler.o(i.SWI2_EGU2_IRQHandler) refers to app_error.o(i.app_error_handler_bare) for app_error_handler_bare
    softdevice_handler.o(i.SWI2_EGU2_IRQHandler) refers to softdevice_handler.o(i.intern_softdevice_events_execute) for intern_softdevice_events_execute
    softdevice_handler.o(i.SWI2_EGU2_IRQHandler) refers to softdevice_handler.o(.data) for .data
    softdevice_handler.o(i.intern_softdevice_events_execute) refers to app_error.o(i.app_error_handler_bare) for app_error_handler_bare
    softdevice_handler.o(i.intern_softdevice_events_execute) refers to nrf_drv_clock.o(i.nrf_drv_clock_on_soc_event) for nrf_drv_clock_on_soc_event
    softdevice_handler.o(i.intern_softdevice_events_execute) refers to softdevice_handler.o(.data) for .data
    softdevice_handler.o(i.sd_nvic_EnableIRQ) refers to softdevice_handler.o(i.__sd_nvic_app_accessible_irq) for __sd_nvic_app_accessible_irq
    softdevice_handler.o(i.sd_nvic_EnableIRQ) refers to softdevice_handler.o(i.NVIC_EnableIRQ) for NVIC_EnableIRQ
    softdevice_handler.o(i.sd_nvic_EnableIRQ) refers to app_util_platform.o(.bss) for nrf_nvic_state
    softdevice_handler.o(i.softdevice_ble_evt_handler_set) refers to softdevice_handler.o(.data) for .data
    softdevice_handler.o(i.softdevice_enable_get_default_config) refers to memseta.o(.text) for __aeabi_memclr4
    softdevice_handler.o(i.softdevice_fault_handler) refers to app_error_weak.o(i.app_error_fault_handler) for app_error_fault_handler
    softdevice_handler.o(i.softdevice_handler_init) refers to softdevice_handler.o(i.NVIC_DisableIRQ) for NVIC_DisableIRQ
    softdevice_handler.o(i.softdevice_handler_init) refers to softdevice_handler.o(i.NVIC_EnableIRQ) for NVIC_EnableIRQ
    softdevice_handler.o(i.softdevice_handler_init) refers to nrf_drv_clock.o(i.nrf_drv_clock_on_sd_enable) for nrf_drv_clock_on_sd_enable
    softdevice_handler.o(i.softdevice_handler_init) refers to softdevice_handler.o(i.sd_nvic_EnableIRQ) for sd_nvic_EnableIRQ
    softdevice_handler.o(i.softdevice_handler_init) refers to softdevice_handler.o(.data) for .data
    softdevice_handler.o(i.softdevice_handler_init) refers to softdevice_handler.o(i.softdevice_fault_handler) for softdevice_fault_handler
    softdevice_handler.o(i.softdevice_handler_is_enabled) refers to softdevice_handler.o(.data) for .data
    softdevice_handler.o(i.softdevice_handler_is_suspended) refers to softdevice_handler.o(.data) for .data
    softdevice_handler.o(i.softdevice_handler_resume) refers to softdevice_handler.o(i.__sd_nvic_app_accessible_irq) for __sd_nvic_app_accessible_irq
    softdevice_handler.o(i.softdevice_handler_resume) refers to app_error.o(i.app_error_handler_bare) for app_error_handler_bare
    softdevice_handler.o(i.softdevice_handler_resume) refers to softdevice_handler.o(i.sd_nvic_EnableIRQ) for sd_nvic_EnableIRQ
    softdevice_handler.o(i.softdevice_handler_resume) refers to softdevice_handler.o(.data) for .data
    softdevice_handler.o(i.softdevice_handler_sd_disable) refers to nrf_drv_clock.o(i.nrf_drv_clock_on_sd_disable) for nrf_drv_clock_on_sd_disable
    softdevice_handler.o(i.softdevice_handler_sd_disable) refers to softdevice_handler.o(.data) for .data
    softdevice_handler.o(i.softdevice_handler_suspend) refers to softdevice_handler.o(i.__sd_nvic_app_accessible_irq) for __sd_nvic_app_accessible_irq
    softdevice_handler.o(i.softdevice_handler_suspend) refers to app_error.o(i.app_error_handler_bare) for app_error_handler_bare
    softdevice_handler.o(i.softdevice_handler_suspend) refers to softdevice_handler.o(i.NVIC_DisableIRQ) for NVIC_DisableIRQ
    softdevice_handler.o(i.softdevice_handler_suspend) refers to app_util_platform.o(.bss) for nrf_nvic_state
    softdevice_handler.o(i.softdevice_handler_suspend) refers to softdevice_handler.o(.data) for .data
    softdevice_handler.o(i.softdevice_sys_evt_handler_set) refers to softdevice_handler.o(.data) for .data
    arm_startup_nrf52840.o(RESET) refers to arm_startup_nrf52840.o(STACK) for __initial_sp
    arm_startup_nrf52840.o(RESET) refers to arm_startup_nrf52840.o(.text) for Reset_Handler
    arm_startup_nrf52840.o(RESET) refers to nrf_drv_clock.o(i.POWER_CLOCK_IRQHandler) for POWER_CLOCK_IRQHandler
    arm_startup_nrf52840.o(RESET) refers to nrf_drv_uart.o(i.UARTE0_UART0_IRQHandler) for UARTE0_UART0_IRQHandler
    arm_startup_nrf52840.o(RESET) refers to nrf_drv_gpiote.o(i.GPIOTE_IRQHandler) for GPIOTE_IRQHandler
    arm_startup_nrf52840.o(RESET) refers to app_timer.o(i.RTC1_IRQHandler) for RTC1_IRQHandler
    arm_startup_nrf52840.o(RESET) refers to app_timer.o(i.SWI0_EGU0_IRQHandler) for SWI0_EGU0_IRQHandler
    arm_startup_nrf52840.o(RESET) refers to softdevice_handler.o(i.SWI2_EGU2_IRQHandler) for SWI2_EGU2_IRQHandler
    arm_startup_nrf52840.o(.text) refers to system_nrf52840.o(i.SystemInit) for SystemInit
    arm_startup_nrf52840.o(.text) refers to entry.o(.ARM.Collect$$$$00000000) for __main
    system_nrf52840.o(i.SystemCoreClockUpdate) refers to system_nrf52840.o(.data) for .data
    system_nrf52840.o(i.SystemInit) refers to system_nrf52840.o(.data) for .data
    entry.o(.ARM.Collect$$$$00000000) refers (Special) to entry10a.o(.ARM.Collect$$$$0000000D) for __rt_final_cpp
    entry.o(.ARM.Collect$$$$00000000) refers (Special) to entry11a.o(.ARM.Collect$$$$0000000F) for __rt_final_exit
    entry.o(.ARM.Collect$$$$00000000) refers (Special) to entry7b.o(.ARM.Collect$$$$00000008) for _main_clock
    entry.o(.ARM.Collect$$$$00000000) refers (Special) to entry8b.o(.ARM.Collect$$$$0000000A) for _main_cpp_init
    entry.o(.ARM.Collect$$$$00000000) refers (Special) to entry9a.o(.ARM.Collect$$$$0000000B) for _main_init
    entry.o(.ARM.Collect$$$$00000000) refers (Special) to entry5.o(.ARM.Collect$$$$00000004) for _main_scatterload
    entry.o(.ARM.Collect$$$$00000000) refers (Special) to entry2.o(.ARM.Collect$$$$00000001) for _main_stk
    printfb.o(i.__0fprintf$bare) refers to printfb.o(i._printf_core) for _printf_core
    printfb.o(i.__0fprintf$bare) refers to retarget.o(i.fputc) for fputc
    printfb.o(i.__0printf$bare) refers to printfb.o(i._printf_core) for _printf_core
    printfb.o(i.__0printf$bare) refers to retarget.o(i.fputc) for fputc
    printfb.o(i.__0printf$bare) refers to retarget.o(.data) for __stdout
    printfb.o(i.__0snprintf$bare) refers to printfb.o(i._printf_core) for _printf_core
    printfb.o(i.__0snprintf$bare) refers to printfb.o(i._snputc) for _snputc
    printfb.o(i.__0sprintf$bare) refers to printfb.o(i._printf_core) for _printf_core
    printfb.o(i.__0sprintf$bare) refers to printfb.o(i._sputc) for _sputc
    printfb.o(i.__0vfprintf$bare) refers to printfb.o(i._printf_core) for _printf_core
    printfb.o(i.__0vfprintf$bare) refers to retarget.o(i.fputc) for fputc
    printfb.o(i.__0vprintf$bare) refers to printfb.o(i._printf_core) for _printf_core
    printfb.o(i.__0vprintf$bare) refers to retarget.o(i.fputc) for fputc
    printfb.o(i.__0vprintf$bare) refers to retarget.o(.data) for __stdout
    printfb.o(i.__0vsnprintf$bare) refers to printfb.o(i._printf_core) for _printf_core
    printfb.o(i.__0vsnprintf$bare) refers to printfb.o(i._snputc) for _snputc
    printfb.o(i.__0vsprintf$bare) refers to printfb.o(i._printf_core) for _printf_core
    printfb.o(i.__0vsprintf$bare) refers to printfb.o(i._sputc) for _sputc
    printf0.o(i.__0fprintf$0) refers to printf0.o(i._printf_core) for _printf_core
    printf0.o(i.__0fprintf$0) refers to retarget.o(i.fputc) for fputc
    printf0.o(i.__0printf$0) refers to printf0.o(i._printf_core) for _printf_core
    printf0.o(i.__0printf$0) refers to retarget.o(i.fputc) for fputc
    printf0.o(i.__0printf$0) refers to retarget.o(.data) for __stdout
    printf0.o(i.__0snprintf$0) refers to printf0.o(i._printf_core) for _printf_core
    printf0.o(i.__0snprintf$0) refers to printf0.o(i._snputc) for _snputc
    printf0.o(i.__0sprintf$0) refers to printf0.o(i._printf_core) for _printf_core
    printf0.o(i.__0sprintf$0) refers to printf0.o(i._sputc) for _sputc
    printf0.o(i.__0vfprintf$0) refers to printf0.o(i._printf_core) for _printf_core
    printf0.o(i.__0vfprintf$0) refers to retarget.o(i.fputc) for fputc
    printf0.o(i.__0vprintf$0) refers to printf0.o(i._printf_core) for _printf_core
    printf0.o(i.__0vprintf$0) refers to retarget.o(i.fputc) for fputc
    printf0.o(i.__0vprintf$0) refers to retarget.o(.data) for __stdout
    printf0.o(i.__0vsnprintf$0) refers to printf0.o(i._printf_core) for _printf_core
    printf0.o(i.__0vsnprintf$0) refers to printf0.o(i._snputc) for _snputc
    printf0.o(i.__0vsprintf$0) refers to printf0.o(i._printf_core) for _printf_core
    printf0.o(i.__0vsprintf$0) refers to printf0.o(i._sputc) for _sputc
    printf1.o(i.__0fprintf$1) refers to printf1.o(i._printf_core) for _printf_core
    printf1.o(i.__0fprintf$1) refers to retarget.o(i.fputc) for fputc
    printf1.o(i.__0printf$1) refers to printf1.o(i._printf_core) for _printf_core
    printf1.o(i.__0printf$1) refers to retarget.o(i.fputc) for fputc
    printf1.o(i.__0printf$1) refers to retarget.o(.data) for __stdout
    printf1.o(i.__0snprintf$1) refers to printf1.o(i._printf_core) for _printf_core
    printf1.o(i.__0snprintf$1) refers to printf1.o(i._snputc) for _snputc
    printf1.o(i.__0sprintf$1) refers to printf1.o(i._printf_core) for _printf_core
    printf1.o(i.__0sprintf$1) refers to printf1.o(i._sputc) for _sputc
    printf1.o(i.__0vfprintf$1) refers to printf1.o(i._printf_core) for _printf_core
    printf1.o(i.__0vfprintf$1) refers to retarget.o(i.fputc) for fputc
    printf1.o(i.__0vprintf$1) refers to printf1.o(i._printf_core) for _printf_core
    printf1.o(i.__0vprintf$1) refers to retarget.o(i.fputc) for fputc
    printf1.o(i.__0vprintf$1) refers to retarget.o(.data) for __stdout
    printf1.o(i.__0vsnprintf$1) refers to printf1.o(i._printf_core) for _printf_core
    printf1.o(i.__0vsnprintf$1) refers to printf1.o(i._snputc) for _snputc
    printf1.o(i.__0vsprintf$1) refers to printf1.o(i._printf_core) for _printf_core
    printf1.o(i.__0vsprintf$1) refers to printf1.o(i._sputc) for _sputc
    printf1.o(i._printf_core) refers to uidiv.o(.text) for __aeabi_uidivmod
    printf2.o(i.__0fprintf$2) refers to printf2.o(i._printf_core) for _printf_core
    printf2.o(i.__0fprintf$2) refers to retarget.o(i.fputc) for fputc
    printf2.o(i.__0printf$2) refers to printf2.o(i._printf_core) for _printf_core
    printf2.o(i.__0printf$2) refers to retarget.o(i.fputc) for fputc
    printf2.o(i.__0printf$2) refers to retarget.o(.data) for __stdout
    printf2.o(i.__0snprintf$2) refers to printf2.o(i._printf_core) for _printf_core
    printf2.o(i.__0snprintf$2) refers to printf2.o(i._snputc) for _snputc
    printf2.o(i.__0sprintf$2) refers to printf2.o(i._printf_core) for _printf_core
    printf2.o(i.__0sprintf$2) refers to printf2.o(i._sputc) for _sputc
    printf2.o(i.__0vfprintf$2) refers to printf2.o(i._printf_core) for _printf_core
    printf2.o(i.__0vfprintf$2) refers to retarget.o(i.fputc) for fputc
    printf2.o(i.__0vprintf$2) refers to printf2.o(i._printf_core) for _printf_core
    printf2.o(i.__0vprintf$2) refers to retarget.o(i.fputc) for fputc
    printf2.o(i.__0vprintf$2) refers to retarget.o(.data) for __stdout
    printf2.o(i.__0vsnprintf$2) refers to printf2.o(i._printf_core) for _printf_core
    printf2.o(i.__0vsnprintf$2) refers to printf2.o(i._snputc) for _snputc
    printf2.o(i.__0vsprintf$2) refers to printf2.o(i._printf_core) for _printf_core
    printf2.o(i.__0vsprintf$2) refers to printf2.o(i._sputc) for _sputc
    printf3.o(i.__0fprintf$3) refers to printf3.o(i._printf_core) for _printf_core
    printf3.o(i.__0fprintf$3) refers to retarget.o(i.fputc) for fputc
    printf3.o(i.__0printf$3) refers to printf3.o(i._printf_core) for _printf_core
    printf3.o(i.__0printf$3) refers to retarget.o(i.fputc) for fputc
    printf3.o(i.__0printf$3) refers to retarget.o(.data) for __stdout
    printf3.o(i.__0snprintf$3) refers to printf3.o(i._printf_core) for _printf_core
    printf3.o(i.__0snprintf$3) refers to printf3.o(i._snputc) for _snputc
    printf3.o(i.__0sprintf$3) refers to printf3.o(i._printf_core) for _printf_core
    printf3.o(i.__0sprintf$3) refers to printf3.o(i._sputc) for _sputc
    printf3.o(i.__0vfprintf$3) refers to printf3.o(i._printf_core) for _printf_core
    printf3.o(i.__0vfprintf$3) refers to retarget.o(i.fputc) for fputc
    printf3.o(i.__0vprintf$3) refers to printf3.o(i._printf_core) for _printf_core
    printf3.o(i.__0vprintf$3) refers to retarget.o(i.fputc) for fputc
    printf3.o(i.__0vprintf$3) refers to retarget.o(.data) for __stdout
    printf3.o(i.__0vsnprintf$3) refers to printf3.o(i._printf_core) for _printf_core
    printf3.o(i.__0vsnprintf$3) refers to printf3.o(i._snputc) for _snputc
    printf3.o(i.__0vsprintf$3) refers to printf3.o(i._printf_core) for _printf_core
    printf3.o(i.__0vsprintf$3) refers to printf3.o(i._sputc) for _sputc
    printf3.o(i._printf_core) refers to uidiv.o(.text) for __aeabi_uidivmod
    printf4.o(i.__0fprintf$4) refers to printf4.o(i._printf_core) for _printf_core
    printf4.o(i.__0fprintf$4) refers to retarget.o(i.fputc) for fputc
    printf4.o(i.__0printf$4) refers to printf4.o(i._printf_core) for _printf_core
    printf4.o(i.__0printf$4) refers to retarget.o(i.fputc) for fputc
    printf4.o(i.__0printf$4) refers to retarget.o(.data) for __stdout
    printf4.o(i.__0snprintf$4) refers to printf4.o(i._printf_core) for _printf_core
    printf4.o(i.__0snprintf$4) refers to printf4.o(i._snputc) for _snputc
    printf4.o(i.__0sprintf$4) refers to printf4.o(i._printf_core) for _printf_core
    printf4.o(i.__0sprintf$4) refers to printf4.o(i._sputc) for _sputc
    printf4.o(i.__0vfprintf$4) refers to printf4.o(i._printf_core) for _printf_core
    printf4.o(i.__0vfprintf$4) refers to retarget.o(i.fputc) for fputc
    printf4.o(i.__0vprintf$4) refers to printf4.o(i._printf_core) for _printf_core
    printf4.o(i.__0vprintf$4) refers to retarget.o(i.fputc) for fputc
    printf4.o(i.__0vprintf$4) refers to retarget.o(.data) for __stdout
    printf4.o(i.__0vsnprintf$4) refers to printf4.o(i._printf_core) for _printf_core
    printf4.o(i.__0vsnprintf$4) refers to printf4.o(i._snputc) for _snputc
    printf4.o(i.__0vsprintf$4) refers to printf4.o(i._printf_core) for _printf_core
    printf4.o(i.__0vsprintf$4) refers to printf4.o(i._sputc) for _sputc
    printf4.o(i._printf_core) refers to uldiv.o(.text) for __aeabi_uldivmod
    printf5.o(i.__0fprintf$5) refers to printf5.o(i._printf_core) for _printf_core
    printf5.o(i.__0fprintf$5) refers to retarget.o(i.fputc) for fputc
    printf5.o(i.__0printf$5) refers to printf5.o(i._printf_core) for _printf_core
    printf5.o(i.__0printf$5) refers to retarget.o(i.fputc) for fputc
    printf5.o(i.__0printf$5) refers to retarget.o(.data) for __stdout
    printf5.o(i.__0snprintf$5) refers to printf5.o(i._printf_core) for _printf_core
    printf5.o(i.__0snprintf$5) refers to printf5.o(i._snputc) for _snputc
    printf5.o(i.__0sprintf$5) refers to printf5.o(i._printf_core) for _printf_core
    printf5.o(i.__0sprintf$5) refers to printf5.o(i._sputc) for _sputc
    printf5.o(i.__0vfprintf$5) refers to printf5.o(i._printf_core) for _printf_core
    printf5.o(i.__0vfprintf$5) refers to retarget.o(i.fputc) for fputc
    printf5.o(i.__0vprintf$5) refers to printf5.o(i._printf_core) for _printf_core
    printf5.o(i.__0vprintf$5) refers to retarget.o(i.fputc) for fputc
    printf5.o(i.__0vprintf$5) refers to retarget.o(.data) for __stdout
    printf5.o(i.__0vsnprintf$5) refers to printf5.o(i._printf_core) for _printf_core
    printf5.o(i.__0vsnprintf$5) refers to printf5.o(i._snputc) for _snputc
    printf5.o(i.__0vsprintf$5) refers to printf5.o(i._printf_core) for _printf_core
    printf5.o(i.__0vsprintf$5) refers to printf5.o(i._sputc) for _sputc
    printf5.o(i._printf_core) refers to uldiv.o(.text) for __aeabi_uldivmod
    printf6.o(i.__0fprintf$6) refers to printf6.o(i._printf_core) for _printf_core
    printf6.o(i.__0fprintf$6) refers to retarget.o(i.fputc) for fputc
    printf6.o(i.__0printf$6) refers to printf6.o(i._printf_core) for _printf_core
    printf6.o(i.__0printf$6) refers to retarget.o(i.fputc) for fputc
    printf6.o(i.__0printf$6) refers to retarget.o(.data) for __stdout
    printf6.o(i.__0snprintf$6) refers to printf6.o(i._printf_core) for _printf_core
    printf6.o(i.__0snprintf$6) refers to printf6.o(i._snputc) for _snputc
    printf6.o(i.__0sprintf$6) refers to printf6.o(i._printf_core) for _printf_core
    printf6.o(i.__0sprintf$6) refers to printf6.o(i._sputc) for _sputc
    printf6.o(i.__0vfprintf$6) refers to printf6.o(i._printf_core) for _printf_core
    printf6.o(i.__0vfprintf$6) refers to retarget.o(i.fputc) for fputc
    printf6.o(i.__0vprintf$6) refers to printf6.o(i._printf_core) for _printf_core
    printf6.o(i.__0vprintf$6) refers to retarget.o(i.fputc) for fputc
    printf6.o(i.__0vprintf$6) refers to retarget.o(.data) for __stdout
    printf6.o(i.__0vsnprintf$6) refers to printf6.o(i._printf_core) for _printf_core
    printf6.o(i.__0vsnprintf$6) refers to printf6.o(i._snputc) for _snputc
    printf6.o(i.__0vsprintf$6) refers to printf6.o(i._printf_core) for _printf_core
    printf6.o(i.__0vsprintf$6) refers to printf6.o(i._sputc) for _sputc
    printf6.o(i._printf_core) refers to printf6.o(i._printf_pre_padding) for _printf_pre_padding
    printf6.o(i._printf_core) refers to uidiv.o(.text) for __aeabi_uidivmod
    printf6.o(i._printf_core) refers to printf6.o(i._printf_post_padding) for _printf_post_padding
    printf7.o(i.__0fprintf$7) refers to printf7.o(i._printf_core) for _printf_core
    printf7.o(i.__0fprintf$7) refers to retarget.o(i.fputc) for fputc
    printf7.o(i.__0printf$7) refers to printf7.o(i._printf_core) for _printf_core
    printf7.o(i.__0printf$7) refers to retarget.o(i.fputc) for fputc
    printf7.o(i.__0printf$7) refers to retarget.o(.data) for __stdout
    printf7.o(i.__0snprintf$7) refers to printf7.o(i._printf_core) for _printf_core
    printf7.o(i.__0snprintf$7) refers to printf7.o(i._snputc) for _snputc
    printf7.o(i.__0sprintf$7) refers to printf7.o(i._printf_core) for _printf_core
    printf7.o(i.__0sprintf$7) refers to printf7.o(i._sputc) for _sputc
    printf7.o(i.__0vfprintf$7) refers to printf7.o(i._printf_core) for _printf_core
    printf7.o(i.__0vfprintf$7) refers to retarget.o(i.fputc) for fputc
    printf7.o(i.__0vprintf$7) refers to printf7.o(i._printf_core) for _printf_core
    printf7.o(i.__0vprintf$7) refers to retarget.o(i.fputc) for fputc
    printf7.o(i.__0vprintf$7) refers to retarget.o(.data) for __stdout
    printf7.o(i.__0vsnprintf$7) refers to printf7.o(i._printf_core) for _printf_core
    printf7.o(i.__0vsnprintf$7) refers to printf7.o(i._snputc) for _snputc
    printf7.o(i.__0vsprintf$7) refers to printf7.o(i._printf_core) for _printf_core
    printf7.o(i.__0vsprintf$7) refers to printf7.o(i._sputc) for _sputc
    printf7.o(i._printf_core) refers to printf7.o(i._printf_pre_padding) for _printf_pre_padding
    printf7.o(i._printf_core) refers to uldiv.o(.text) for __aeabi_uldivmod
    printf7.o(i._printf_core) refers to printf7.o(i._printf_post_padding) for _printf_post_padding
    printf8.o(i.__0fprintf$8) refers to printf8.o(i._printf_core) for _printf_core
    printf8.o(i.__0fprintf$8) refers to retarget.o(i.fputc) for fputc
    printf8.o(i.__0printf$8) refers to printf8.o(i._printf_core) for _printf_core
    printf8.o(i.__0printf$8) refers to retarget.o(i.fputc) for fputc
    printf8.o(i.__0printf$8) refers to retarget.o(.data) for __stdout
    printf8.o(i.__0snprintf$8) refers to printf8.o(i._printf_core) for _printf_core
    printf8.o(i.__0snprintf$8) refers to printf8.o(i._snputc) for _snputc
    printf8.o(i.__0sprintf$8) refers to printf8.o(i._printf_core) for _printf_core
    printf8.o(i.__0sprintf$8) refers to printf8.o(i._sputc) for _sputc
    printf8.o(i.__0vfprintf$8) refers to printf8.o(i._printf_core) for _printf_core
    printf8.o(i.__0vfprintf$8) refers to retarget.o(i.fputc) for fputc
    printf8.o(i.__0vprintf$8) refers to printf8.o(i._printf_core) for _printf_core
    printf8.o(i.__0vprintf$8) refers to retarget.o(i.fputc) for fputc
    printf8.o(i.__0vprintf$8) refers to retarget.o(.data) for __stdout
    printf8.o(i.__0vsnprintf$8) refers to printf8.o(i._printf_core) for _printf_core
    printf8.o(i.__0vsnprintf$8) refers to printf8.o(i._snputc) for _snputc
    printf8.o(i.__0vsprintf$8) refers to printf8.o(i._printf_core) for _printf_core
    printf8.o(i.__0vsprintf$8) refers to printf8.o(i._sputc) for _sputc
    printf8.o(i._printf_core) refers to printf8.o(i._printf_pre_padding) for _printf_pre_padding
    printf8.o(i._printf_core) refers to uldiv.o(.text) for __aeabi_uldivmod
    printf8.o(i._printf_core) refers to printf8.o(i._printf_post_padding) for _printf_post_padding
    printfa.o(i.__0fprintf) refers (Special) to iusefp.o(.text) for __I$use$fp
    printfa.o(i.__0fprintf) refers to printfa.o(i._printf_core) for _printf_core
    printfa.o(i.__0fprintf) refers to retarget.o(i.fputc) for fputc
    printfa.o(i.__0printf) refers (Special) to iusefp.o(.text) for __I$use$fp
    printfa.o(i.__0printf) refers to printfa.o(i._printf_core) for _printf_core
    printfa.o(i.__0printf) refers to retarget.o(i.fputc) for fputc
    printfa.o(i.__0printf) refers to retarget.o(.data) for __stdout
    printfa.o(i.__0snprintf) refers (Special) to iusefp.o(.text) for __I$use$fp
    printfa.o(i.__0snprintf) refers to printfa.o(i._printf_core) for _printf_core
    printfa.o(i.__0snprintf) refers to printfa.o(i._snputc) for _snputc
    printfa.o(i.__0sprintf) refers (Special) to iusefp.o(.text) for __I$use$fp
    printfa.o(i.__0sprintf) refers to printfa.o(i._printf_core) for _printf_core
    printfa.o(i.__0sprintf) refers to printfa.o(i._sputc) for _sputc
    printfa.o(i.__0vfprintf) refers (Special) to iusefp.o(.text) for __I$use$fp
    printfa.o(i.__0vfprintf) refers to printfa.o(i._printf_core) for _printf_core
    printfa.o(i.__0vfprintf) refers to retarget.o(i.fputc) for fputc
    printfa.o(i.__0vprintf) refers (Special) to iusefp.o(.text) for __I$use$fp
    printfa.o(i.__0vprintf) refers to printfa.o(i._printf_core) for _printf_core
    printfa.o(i.__0vprintf) refers to retarget.o(i.fputc) for fputc
    printfa.o(i.__0vprintf) refers to retarget.o(.data) for __stdout
    printfa.o(i.__0vsnprintf) refers (Special) to iusefp.o(.text) for __I$use$fp
    printfa.o(i.__0vsnprintf) refers to printfa.o(i._printf_core) for _printf_core
    printfa.o(i.__0vsnprintf) refers to printfa.o(i._snputc) for _snputc
    printfa.o(i.__0vsprintf) refers (Special) to iusefp.o(.text) for __I$use$fp
    printfa.o(i.__0vsprintf) refers to printfa.o(i._printf_core) for _printf_core
    printfa.o(i.__0vsprintf) refers to printfa.o(i._sputc) for _sputc
    printfa.o(i._fp_digits) refers (Special) to iusefp.o(.text) for __I$use$fp
    printfa.o(i._fp_digits) refers to dmul.o(.text) for __aeabi_dmul
    printfa.o(i._fp_digits) refers to ddiv.o(.text) for __aeabi_ddiv
    printfa.o(i._fp_digits) refers to cdrcmple.o(.text) for __aeabi_cdrcmple
    printfa.o(i._fp_digits) refers to dadd.o(.text) for __aeabi_dadd
    printfa.o(i._fp_digits) refers to dfixul.o(.text) for __aeabi_d2ulz
    printfa.o(i._fp_digits) refers to uldiv.o(.text) for __aeabi_uldivmod
    printfa.o(i._printf_core) refers (Special) to iusefp.o(.text) for __I$use$fp
    printfa.o(i._printf_core) refers to printfa.o(i._printf_pre_padding) for _printf_pre_padding
    printfa.o(i._printf_core) refers to uldiv.o(.text) for __aeabi_uldivmod
    printfa.o(i._printf_core) refers to printfa.o(i._printf_post_padding) for _printf_post_padding
    printfa.o(i._printf_core) refers to printfa.o(i._fp_digits) for _fp_digits
    printfa.o(i._printf_core) refers to uidiv.o(.text) for __aeabi_uidivmod
    printfa.o(i._printf_post_padding) refers (Special) to iusefp.o(.text) for __I$use$fp
    printfa.o(i._printf_pre_padding) refers (Special) to iusefp.o(.text) for __I$use$fp
    printfa.o(i._snputc) refers (Special) to iusefp.o(.text) for __I$use$fp
    printfa.o(i._sputc) refers (Special) to iusefp.o(.text) for __I$use$fp
    entry2.o(.ARM.Collect$$$$00000001) refers to entry2.o(.ARM.Collect$$$$00002712) for __lit__00000000
    entry2.o(.ARM.Collect$$$$00002712) refers to arm_startup_nrf52840.o(STACK) for __initial_sp
    entry2.o(__vectab_stack_and_reset_area) refers to arm_startup_nrf52840.o(STACK) for __initial_sp
    entry2.o(__vectab_stack_and_reset_area) refers to entry.o(.ARM.Collect$$$$00000000) for __main
    entry5.o(.ARM.Collect$$$$00000004) refers to init.o(.text) for __scatterload
    entry9a.o(.ARM.Collect$$$$0000000B) refers to main.o(i.main) for main
    entry9b.o(.ARM.Collect$$$$0000000C) refers to main.o(i.main) for main
    uldiv.o(.text) refers to llushr.o(.text) for __aeabi_llsr
    uldiv.o(.text) refers to llshl.o(.text) for __aeabi_llsl
    dadd.o(.text) refers to llshl.o(.text) for __aeabi_llsl
    dadd.o(.text) refers to llsshr.o(.text) for __aeabi_lasr
    dadd.o(.text) refers to depilogue.o(.text) for _double_epilogue
    dmul.o(.text) refers to depilogue.o(.text) for _double_epilogue
    ddiv.o(.text) refers to depilogue.o(.text) for _double_round
    dfixul.o(.text) refers to llushr.o(.text) for __aeabi_llsr
    dfixul.o(.text) refers to llshl.o(.text) for __aeabi_llsl
    init.o(.text) refers to entry5.o(.ARM.Collect$$$$00000004) for __main_after_scatterload
    depilogue.o(.text) refers to llshl.o(.text) for __aeabi_llsl
    depilogue.o(.text) refers to llushr.o(.text) for __aeabi_llsr


==============================================================================

Removing Unused input sections from the image.

    Removing main.o(.rev16_text), (4 bytes).
    Removing main.o(.revsh_text), (4 bytes).
    Removing main.o(.rrx_text), (6 bytes).
    Removing main.o(i.assert_nrf_callback), (16 bytes).
    Removing boards.o(.rev16_text), (4 bytes).
    Removing boards.o(.revsh_text), (4 bytes).
    Removing boards.o(.rrx_text), (6 bytes).
    Removing boards.o(i.bsp_board_buttons_init), (36 bytes).
    Removing boards.o(i.bsp_board_led_idx_to_pin), (12 bytes).
    Removing boards.o(i.bsp_board_pin_to_led_idx), (36 bytes).
    Removing bsp.o(.rev16_text), (4 bytes).
    Removing bsp.o(.revsh_text), (4 bytes).
    Removing bsp.o(.rrx_text), (6 bytes).
    Removing bsp.o(i.bsp_buttons_disable), (4 bytes).
    Removing bsp.o(i.bsp_buttons_enable), (4 bytes).
    Removing bsp.o(i.bsp_wakeup_button_disable), (16 bytes).
    Removing bsp_btn_ble.o(.rev16_text), (4 bytes).
    Removing bsp_btn_ble.o(.revsh_text), (4 bytes).
    Removing bsp_btn_ble.o(.rrx_text), (6 bytes).
    Removing bsp_nfc.o(.rev16_text), (4 bytes).
    Removing bsp_nfc.o(.revsh_text), (4 bytes).
    Removing bsp_nfc.o(.rrx_text), (6 bytes).
    Removing bsp_nfc.o(i.bsp_nfc_btn_deinit), (8 bytes).
    Removing bsp_nfc.o(i.bsp_nfc_btn_init), (8 bytes).
    Removing bsp_nfc.o(i.bsp_nfc_sleep_mode_prepare), (16 bytes).
    Removing ble_advdata.o(.rev16_text), (4 bytes).
    Removing ble_advdata.o(.revsh_text), (4 bytes).
    Removing ble_advdata.o(.rrx_text), (6 bytes).
    Removing ble_advertising.o(.rev16_text), (4 bytes).
    Removing ble_advertising.o(.revsh_text), (4 bytes).
    Removing ble_advertising.o(.rrx_text), (6 bytes).
    Removing ble_advertising.o(i.ble_advertising_on_sys_evt), (52 bytes).
    Removing ble_advertising.o(i.ble_advertising_peer_addr_reply), (36 bytes).
    Removing ble_advertising.o(i.ble_advertising_whitelist_reply), (32 bytes).
    Removing ble_conn_params.o(.rev16_text), (4 bytes).
    Removing ble_conn_params.o(.revsh_text), (4 bytes).
    Removing ble_conn_params.o(.rrx_text), (6 bytes).
    Removing ble_conn_params.o(i.ble_conn_params_change_conn_params), (76 bytes).
    Removing ble_conn_params.o(i.ble_conn_params_stop), (12 bytes).
    Removing ble_srv_common.o(.rev16_text), (4 bytes).
    Removing ble_srv_common.o(.revsh_text), (4 bytes).
    Removing ble_srv_common.o(.rrx_text), (6 bytes).
    Removing ble_srv_common.o(i.ble_srv_ascii_to_utf8), (18 bytes).
    Removing ble_srv_common.o(i.ble_srv_is_indication_enabled), (8 bytes).
    Removing ble_srv_common.o(i.ble_srv_report_ref_encode), (12 bytes).
    Removing ble_srv_common.o(i.characteristic_add), (400 bytes).
    Removing ble_srv_common.o(i.descriptor_add), (170 bytes).
    Removing ble_srv_common.o(i.set_security_req), (48 bytes).
    Removing gatt_cache_manager.o(.rev16_text), (4 bytes).
    Removing gatt_cache_manager.o(.revsh_text), (4 bytes).
    Removing gatt_cache_manager.o(.rrx_text), (6 bytes).
    Removing gatts_cache_manager.o(.rev16_text), (4 bytes).
    Removing gatts_cache_manager.o(.revsh_text), (4 bytes).
    Removing gatts_cache_manager.o(.rrx_text), (6 bytes).
    Removing id_manager.o(.rev16_text), (4 bytes).
    Removing id_manager.o(.revsh_text), (4 bytes).
    Removing id_manager.o(.rrx_text), (6 bytes).
    Removing peer_data.o(.rev16_text), (4 bytes).
    Removing peer_data.o(.revsh_text), (4 bytes).
    Removing peer_data.o(.rrx_text), (6 bytes).
    Removing peer_data_storage.o(.rev16_text), (4 bytes).
    Removing peer_data_storage.o(.revsh_text), (4 bytes).
    Removing peer_data_storage.o(.rrx_text), (6 bytes).
    Removing peer_database.o(.rev16_text), (4 bytes).
    Removing peer_database.o(.revsh_text), (4 bytes).
    Removing peer_database.o(.rrx_text), (6 bytes).
    Removing peer_id.o(.rev16_text), (4 bytes).
    Removing peer_id.o(.revsh_text), (4 bytes).
    Removing peer_id.o(.rrx_text), (6 bytes).
    Removing peer_manager.o(.rev16_text), (4 bytes).
    Removing peer_manager.o(.revsh_text), (4 bytes).
    Removing peer_manager.o(.rrx_text), (6 bytes).
    Removing pm_buffer.o(.rev16_text), (4 bytes).
    Removing pm_buffer.o(.revsh_text), (4 bytes).
    Removing pm_buffer.o(.rrx_text), (6 bytes).
    Removing pm_mutex.o(.rev16_text), (4 bytes).
    Removing pm_mutex.o(.revsh_text), (4 bytes).
    Removing pm_mutex.o(.rrx_text), (6 bytes).
    Removing security_dispatcher.o(.rev16_text), (4 bytes).
    Removing security_dispatcher.o(.revsh_text), (4 bytes).
    Removing security_dispatcher.o(.rrx_text), (6 bytes).
    Removing security_manager.o(.rev16_text), (4 bytes).
    Removing security_manager.o(.revsh_text), (4 bytes).
    Removing security_manager.o(.rrx_text), (6 bytes).
    Removing ble_conn_state.o(.rev16_text), (4 bytes).
    Removing ble_conn_state.o(.revsh_text), (4 bytes).
    Removing ble_conn_state.o(.rrx_text), (6 bytes).
    Removing ble_conn_state.o(i.bcs_internal_state_reset), (12 bytes).
    Removing ble_conn_state.o(i.ble_conn_state_central_handles), (20 bytes).
    Removing ble_conn_state.o(i.ble_conn_state_conn_handles), (16 bytes).
    Removing ble_conn_state.o(i.ble_conn_state_encrypted), (16 bytes).
    Removing ble_conn_state.o(i.ble_conn_state_init), (4 bytes).
    Removing ble_conn_state.o(i.ble_conn_state_mitm_protected), (16 bytes).
    Removing ble_conn_state.o(i.ble_conn_state_n_centrals), (16 bytes).
    Removing ble_conn_state.o(i.ble_conn_state_n_connections), (12 bytes).
    Removing ble_conn_state.o(i.ble_conn_state_n_peripherals), (16 bytes).
    Removing ble_conn_state.o(i.ble_conn_state_periph_handles), (20 bytes).
    Removing ble_conn_state.o(i.ble_conn_state_role), (48 bytes).
    Removing ble_conn_state.o(i.ble_conn_state_status), (48 bytes).
    Removing ble_conn_state.o(i.ble_conn_state_user_flag_acquire), (44 bytes).
    Removing ble_conn_state.o(i.ble_conn_state_user_flag_collection), (24 bytes).
    Removing ble_conn_state.o(i.ble_conn_state_user_flag_get), (40 bytes).
    Removing ble_conn_state.o(i.ble_conn_state_user_flag_set), (44 bytes).
    Removing ble_conn_state.o(i.ble_conn_state_valid), (16 bytes).
    Removing ble_conn_state.o(i.user_flag_is_acquired), (24 bytes).
    Removing ble_nus.o(.rev16_text), (4 bytes).
    Removing ble_nus.o(.revsh_text), (4 bytes).
    Removing ble_nus.o(.rrx_text), (6 bytes).
    Removing nrf_drv_clock.o(.rev16_text), (4 bytes).
    Removing nrf_drv_clock.o(.revsh_text), (4 bytes).
    Removing nrf_drv_clock.o(.rrx_text), (6 bytes).
    Removing nrf_drv_clock.o(i.hfclk_stop), (44 bytes).
    Removing nrf_drv_clock.o(i.item_enqueue), (22 bytes).
    Removing nrf_drv_clock.o(i.lfclk_stop), (40 bytes).
    Removing nrf_drv_clock.o(i.nrf_clock_hf_is_running), (28 bytes).
    Removing nrf_drv_clock.o(i.nrf_drv_clock_calibration_abort), (4 bytes).
    Removing nrf_drv_clock.o(i.nrf_drv_clock_calibration_start), (4 bytes).
    Removing nrf_drv_clock.o(i.nrf_drv_clock_hfclk_is_running), (32 bytes).
    Removing nrf_drv_clock.o(i.nrf_drv_clock_hfclk_release), (44 bytes).
    Removing nrf_drv_clock.o(i.nrf_drv_clock_hfclk_request), (108 bytes).
    Removing nrf_drv_clock.o(i.nrf_drv_clock_init_check), (12 bytes).
    Removing nrf_drv_clock.o(i.nrf_drv_clock_is_calibrating), (4 bytes).
    Removing nrf_drv_clock.o(i.nrf_drv_clock_lfclk_is_running), (28 bytes).
    Removing nrf_drv_clock.o(i.nrf_drv_clock_lfclk_release), (44 bytes).
    Removing nrf_drv_clock.o(i.nrf_drv_clock_lfclk_request), (104 bytes).
    Removing nrf_drv_clock.o(i.nrf_drv_clock_on_sd_disable), (18 bytes).
    Removing nrf_drv_clock.o(i.nrf_drv_clock_uninit), (40 bytes).
    Removing nrf_drv_clock.o(.constdata), (19 bytes).
    Removing nrf_drv_clock.o(.constdata), (32 bytes).
    Removing nrf_drv_clock.o(.constdata), (32 bytes).
    Removing nrf_drv_clock.o(.constdata), (29 bytes).
    Removing nrf_drv_common.o(.rev16_text), (4 bytes).
    Removing nrf_drv_common.o(.revsh_text), (4 bytes).
    Removing nrf_drv_common.o(.rrx_text), (6 bytes).
    Removing nrf_drv_common.o(i.nrf_drv_common_clock_irq_disable), (12 bytes).
    Removing nrf_drv_gpiote.o(.rev16_text), (4 bytes).
    Removing nrf_drv_gpiote.o(.revsh_text), (4 bytes).
    Removing nrf_drv_gpiote.o(.rrx_text), (6 bytes).
    Removing nrf_drv_gpiote.o(i.nrf_drv_gpiote_clr_task_addr_get), (24 bytes).
    Removing nrf_drv_gpiote.o(i.nrf_drv_gpiote_clr_task_trigger), (28 bytes).
    Removing nrf_drv_gpiote.o(i.nrf_drv_gpiote_in_event_addr_get), (40 bytes).
    Removing nrf_drv_gpiote.o(i.nrf_drv_gpiote_in_event_disable), (72 bytes).
    Removing nrf_drv_gpiote.o(i.nrf_drv_gpiote_in_uninit), (72 bytes).
    Removing nrf_drv_gpiote.o(i.nrf_drv_gpiote_out_clear), (4 bytes).
    Removing nrf_drv_gpiote.o(i.nrf_drv_gpiote_out_init), (176 bytes).
    Removing nrf_drv_gpiote.o(i.nrf_drv_gpiote_out_set), (4 bytes).
    Removing nrf_drv_gpiote.o(i.nrf_drv_gpiote_out_task_addr_get), (20 bytes).
    Removing nrf_drv_gpiote.o(i.nrf_drv_gpiote_out_task_disable), (36 bytes).
    Removing nrf_drv_gpiote.o(i.nrf_drv_gpiote_out_task_enable), (36 bytes).
    Removing nrf_drv_gpiote.o(i.nrf_drv_gpiote_out_task_force), (40 bytes).
    Removing nrf_drv_gpiote.o(i.nrf_drv_gpiote_out_task_trigger), (24 bytes).
    Removing nrf_drv_gpiote.o(i.nrf_drv_gpiote_out_toggle), (36 bytes).
    Removing nrf_drv_gpiote.o(i.nrf_drv_gpiote_out_uninit), (68 bytes).
    Removing nrf_drv_gpiote.o(i.nrf_drv_gpiote_set_task_addr_get), (24 bytes).
    Removing nrf_drv_gpiote.o(i.nrf_drv_gpiote_set_task_trigger), (28 bytes).
    Removing nrf_drv_gpiote.o(i.nrf_drv_gpiote_uninit), (56 bytes).
    Removing nrf_drv_gpiote.o(i.nrf_gpio_cfg_default), (18 bytes).
    Removing nrf_drv_gpiote.o(i.nrf_gpio_pin_clear), (20 bytes).
    Removing nrf_drv_gpiote.o(i.nrf_gpio_pin_set), (20 bytes).
    Removing nrf_drv_gpiote.o(.constdata), (20 bytes).
    Removing nrf_drv_gpiote.o(.constdata), (24 bytes).
    Removing nrf_drv_gpiote.o(.constdata), (23 bytes).
    Removing nrf_drv_uart.o(.rev16_text), (4 bytes).
    Removing nrf_drv_uart.o(.revsh_text), (4 bytes).
    Removing nrf_drv_uart.o(.rrx_text), (6 bytes).
    Removing nrf_drv_uart.o(i.nrf_drv_common_irq_disable), (22 bytes).
    Removing nrf_drv_uart.o(i.nrf_drv_uart_errorsrc_get), (48 bytes).
    Removing nrf_drv_uart.o(i.nrf_drv_uart_rx_abort), (40 bytes).
    Removing nrf_drv_uart.o(i.nrf_drv_uart_rx_disable), (36 bytes).
    Removing nrf_drv_uart.o(i.nrf_drv_uart_tx_abort), (88 bytes).
    Removing nrf_drv_uart.o(i.nrf_drv_uart_uninit), (84 bytes).
    Removing nrf_drv_uart.o(i.nrf_gpio_cfg_default), (18 bytes).
    Removing nrf_drv_uart.o(i.pins_to_default), (120 bytes).
    Removing nrf_drv_uart.o(.constdata), (18 bytes).
    Removing nrf_drv_uart.o(.constdata), (25 bytes).
    Removing nrf_drv_uart.o(.constdata), (26 bytes).
    Removing nrf_drv_uart.o(.constdata), (16 bytes).
    Removing nrf_drv_uart.o(.constdata), (25 bytes).
    Removing nrf_drv_uart.o(.constdata), (26 bytes).
    Removing nrf_drv_uart.o(.constdata), (16 bytes).
    Removing app_button.o(.rev16_text), (4 bytes).
    Removing app_button.o(.revsh_text), (4 bytes).
    Removing app_button.o(.rrx_text), (6 bytes).
    Removing app_button.o(i.app_button_disable), (48 bytes).
    Removing app_button.o(i.app_button_is_pushed), (36 bytes).
    Removing app_error.o(.rev16_text), (4 bytes).
    Removing app_error.o(.revsh_text), (4 bytes).
    Removing app_error.o(.rrx_text), (6 bytes).
    Removing app_error.o(i.app_error_handler), (24 bytes).
    Removing app_error.o(i.app_error_save_and_stop), (100 bytes).
    Removing app_error.o(.bss), (32 bytes).
    Removing app_error_weak.o(.rev16_text), (4 bytes).
    Removing app_error_weak.o(.revsh_text), (4 bytes).
    Removing app_error_weak.o(.rrx_text), (6 bytes).
    Removing app_fifo.o(.rev16_text), (4 bytes).
    Removing app_fifo.o(.revsh_text), (4 bytes).
    Removing app_fifo.o(.rrx_text), (6 bytes).
    Removing app_fifo.o(i.app_fifo_flush), (8 bytes).
    Removing app_fifo.o(i.app_fifo_peek), (34 bytes).
    Removing app_fifo.o(i.app_fifo_read), (74 bytes).
    Removing app_fifo.o(i.app_fifo_write), (82 bytes).
    Removing app_timer.o(.rev16_text), (4 bytes).
    Removing app_timer.o(.revsh_text), (4 bytes).
    Removing app_timer.o(.rrx_text), (6 bytes).
    Removing app_timer.o(i.app_timer_cnt_diff_compute), (12 bytes).
    Removing app_timer.o(i.app_timer_cnt_get), (12 bytes).
    Removing app_timer.o(i.app_timer_stop_all), (24 bytes).
    Removing app_uart_fifo.o(.rev16_text), (4 bytes).
    Removing app_uart_fifo.o(.revsh_text), (4 bytes).
    Removing app_uart_fifo.o(.rrx_text), (6 bytes).
    Removing app_uart_fifo.o(i.app_uart_close), (16 bytes).
    Removing app_uart_fifo.o(i.app_uart_flush), (32 bytes).
    Removing app_util_platform.o(.rev16_text), (4 bytes).
    Removing app_util_platform.o(.revsh_text), (4 bytes).
    Removing app_util_platform.o(.rrx_text), (6 bytes).
    Removing app_util_platform.o(i.app_util_disable_irq), (16 bytes).
    Removing app_util_platform.o(i.app_util_enable_irq), (20 bytes).
    Removing app_util_platform.o(.data), (4 bytes).
    Removing fstorage.o(.rev16_text), (4 bytes).
    Removing fstorage.o(.revsh_text), (4 bytes).
    Removing fstorage.o(.rrx_text), (6 bytes).
    Removing fstorage.o(i.check_config), (32 bytes).
    Removing fstorage.o(i.fs_erase), (116 bytes).
    Removing fstorage.o(i.fs_fake_init), (20 bytes).
    Removing fstorage.o(i.fs_init), (176 bytes).
    Removing fstorage.o(i.fs_queue_is_empty), (20 bytes).
    Removing fstorage.o(i.fs_queue_is_full), (20 bytes).
    Removing fstorage.o(i.fs_store), (128 bytes).
    Removing fstorage.o(i.fs_sys_event_handler), (104 bytes).
    Removing fstorage.o(i.on_operation_success), (84 bytes).
    Removing fstorage.o(i.queue_advance), (44 bytes).
    Removing fstorage.o(i.queue_get_next_free), (56 bytes).
    Removing fstorage.o(i.queue_process), (112 bytes).
    Removing fstorage.o(i.queue_start), (28 bytes).
    Removing fstorage.o(i.send_event), (76 bytes).
    Removing fstorage.o(.data), (2 bytes).
    Removing hardfault_implementation.o(.rev16_text), (4 bytes).
    Removing hardfault_implementation.o(.revsh_text), (4 bytes).
    Removing hardfault_implementation.o(.rrx_text), (6 bytes).
    Removing nrf_assert.o(.rev16_text), (4 bytes).
    Removing nrf_assert.o(.revsh_text), (4 bytes).
    Removing nrf_assert.o(.rrx_text), (6 bytes).
    Removing nrf_assert.o(i.assert_nrf_callback), (22 bytes).
    Removing retarget.o(.rev16_text), (4 bytes).
    Removing retarget.o(.revsh_text), (4 bytes).
    Removing retarget.o(.rrx_text), (6 bytes).
    Removing retarget.o(i.fgetc), (18 bytes).
    Removing retarget.o(.data), (4 bytes).
    Removing fds.o(.rev16_text), (4 bytes).
    Removing fds.o(.revsh_text), (4 bytes).
    Removing fds.o(.rrx_text), (6 bytes).
    Removing sdk_mapped_flags.o(.rev16_text), (4 bytes).
    Removing sdk_mapped_flags.o(.revsh_text), (4 bytes).
    Removing sdk_mapped_flags.o(.rrx_text), (6 bytes).
    Removing sdk_mapped_flags.o(i.sdk_mapped_flags_get_by_key), (38 bytes).
    Removing sdk_mapped_flags.o(i.sdk_mapped_flags_n_flags_set), (30 bytes).
    Removing nrf_log_backend_serial.o(.rev16_text), (4 bytes).
    Removing nrf_log_backend_serial.o(.revsh_text), (4 bytes).
    Removing nrf_log_backend_serial.o(.rrx_text), (6 bytes).
    Removing nrf_log_frontend.o(.rev16_text), (4 bytes).
    Removing nrf_log_frontend.o(.revsh_text), (4 bytes).
    Removing nrf_log_frontend.o(.rrx_text), (6 bytes).
    Removing segger_rtt.o(.rev16_text), (4 bytes).
    Removing segger_rtt.o(.revsh_text), (4 bytes).
    Removing segger_rtt.o(.rrx_text), (6 bytes).
    Removing segger_rtt.o(i.SEGGER_RTT_ConfigDownBuffer), (100 bytes).
    Removing segger_rtt.o(i.SEGGER_RTT_ConfigUpBuffer), (100 bytes).
    Removing segger_rtt.o(i.SEGGER_RTT_GetKey), (28 bytes).
    Removing segger_rtt.o(i.SEGGER_RTT_HasData), (24 bytes).
    Removing segger_rtt.o(i.SEGGER_RTT_HasKey), (32 bytes).
    Removing segger_rtt.o(i.SEGGER_RTT_Init), (20 bytes).
    Removing segger_rtt.o(i.SEGGER_RTT_Read), (46 bytes).
    Removing segger_rtt.o(i.SEGGER_RTT_ReadNoLock), (124 bytes).
    Removing segger_rtt.o(i.SEGGER_RTT_SetNameDownBuffer), (68 bytes).
    Removing segger_rtt.o(i.SEGGER_RTT_SetNameUpBuffer), (68 bytes).
    Removing segger_rtt.o(i.SEGGER_RTT_SetTerminal), (140 bytes).
    Removing segger_rtt.o(i.SEGGER_RTT_TerminalOut), (180 bytes).
    Removing segger_rtt.o(i.SEGGER_RTT_WaitKey), (14 bytes).
    Removing segger_rtt.o(i.SEGGER_RTT_WriteSkipNoLock), (116 bytes).
    Removing segger_rtt.o(i._PostTerminalSwitch), (32 bytes).
    Removing segger_rtt.o(.data), (17 bytes).
    Removing softdevice_handler.o(.rev16_text), (4 bytes).
    Removing softdevice_handler.o(.revsh_text), (4 bytes).
    Removing softdevice_handler.o(.rrx_text), (6 bytes).
    Removing softdevice_handler.o(i.sd_check_ram_start), (16 bytes).
    Removing softdevice_handler.o(i.softdevice_handler_is_suspended), (12 bytes).
    Removing softdevice_handler.o(i.softdevice_handler_resume), (68 bytes).
    Removing softdevice_handler.o(i.softdevice_handler_sd_disable), (24 bytes).
    Removing softdevice_handler.o(i.softdevice_handler_suspend), (60 bytes).
    Removing softdevice_handler.o(i.softdevice_sys_evt_handler_set), (20 bytes).
    Removing arm_startup_nrf52840.o(HEAP), (8192 bytes).
    Removing system_nrf52840.o(.rev16_text), (4 bytes).
    Removing system_nrf52840.o(.revsh_text), (4 bytes).
    Removing system_nrf52840.o(.rrx_text), (6 bytes).
    Removing system_nrf52840.o(i.SystemCoreClockUpdate), (16 bytes).
    Removing dadd.o(.text), (334 bytes).
    Removing dmul.o(.text), (228 bytes).
    Removing ddiv.o(.text), (222 bytes).
    Removing dfixul.o(.text), (48 bytes).
    Removing cdrcmple.o(.text), (48 bytes).
    Removing depilogue.o(.text), (186 bytes).

301 unused section(s) (total 16594 bytes) removed from the image.

==============================================================================

Memory Map of the image

  Image Entry point : 0x00000000

  Load Region LR_IROM1 (Base: 0x00000000, Size: 0x00003ea0, Max: 0x00100000, ABSOLUTE)

    Execution Region ER_IROM1 (Base: 0x00000000, Size: 0x00003de8, Max: 0x00100000, ABSOLUTE)

    Base Addr    Size         Type   Attr      Idx    E Section Name        Object

    0x00000000   0x00000400   Data   RO         3176    RESET               arm_startup_nrf52840.o
    0x00000400   0x00000000   Code   RO         3217  * .ARM.Collect$$$$00000000  mc_w.l(entry.o)
    0x00000400   0x00000004   Code   RO         3490    .ARM.Collect$$$$00000001  mc_w.l(entry2.o)
    0x00000404   0x00000004   Code   RO         3493    .ARM.Collect$$$$00000004  mc_w.l(entry5.o)
    0x00000408   0x00000000   Code   RO         3495    .ARM.Collect$$$$00000008  mc_w.l(entry7b.o)
    0x00000408   0x00000000   Code   RO         3497    .ARM.Collect$$$$0000000A  mc_w.l(entry8b.o)
    0x00000408   0x00000008   Code   RO         3498    .ARM.Collect$$$$0000000B  mc_w.l(entry9a.o)
    0x00000410   0x00000000   Code   RO         3500    .ARM.Collect$$$$0000000D  mc_w.l(entry10a.o)
    0x00000410   0x00000000   Code   RO         3502    .ARM.Collect$$$$0000000F  mc_w.l(entry11a.o)
    0x00000410   0x00000004   Code   RO         3491    .ARM.Collect$$$$00002712  mc_w.l(entry2.o)
    0x00000414   0x00000024   Code   RO         3177    .text               arm_startup_nrf52840.o
    0x00000438   0x00000024   Code   RO         3220    .text               mc_w.l(memcpya.o)
    0x0000045c   0x00000024   Code   RO         3222    .text               mc_w.l(memseta.o)
    0x00000480   0x0000000e   Code   RO         3224    .text               mc_w.l(strlen.o)
    0x0000048e   0x00000012   Code   RO         3226    .text               mc_w.l(strcpy.o)
    0x000004a0   0x00000024   Code   RO         3519    .text               mc_w.l(init.o)
    0x000004c4   0x000001c4   Code   RO         1570    i.GPIOTE_IRQHandler  nrf_drv_gpiote.o
    0x00000688   0x00000016   Code   RO         2284    i.NVIC_ClearPendingIRQ  app_timer.o
    0x0000069e   0x00000016   Code   RO         3029    i.NVIC_DisableIRQ   softdevice_handler.o
    0x000006b4   0x00000016   Code   RO         2285    i.NVIC_EnableIRQ    app_timer.o
    0x000006ca   0x00000016   Code   RO         3030    i.NVIC_EnableIRQ    softdevice_handler.o
    0x000006e0   0x00000016   Code   RO         2286    i.NVIC_SetPendingIRQ  app_timer.o
    0x000006f6   0x00000020   Code   RO         2287    i.NVIC_SetPriority  app_timer.o
    0x00000716   0x00000002   PAD
    0x00000718   0x00000058   Code   RO         1344    i.POWER_CLOCK_IRQHandler  nrf_drv_clock.o
    0x00000770   0x00000024   Code   RO         2288    i.RTC1_IRQHandler   app_timer.o
    0x00000794   0x0000003c   Code   RO         2888    i.SEGGER_RTT_Write  segger_rtt.o
    0x000007d0   0x0000005c   Code   RO         2889    i.SEGGER_RTT_WriteNoLock  segger_rtt.o
    0x0000082c   0x0000001a   Code   RO         2891    i.SEGGER_RTT_WriteString  segger_rtt.o
    0x00000846   0x00000004   Code   RO         2289    i.SWI0_EGU0_IRQHandler  app_timer.o
    0x0000084a   0x00000002   PAD
    0x0000084c   0x00000024   Code   RO         3031    i.SWI2_EGU2_IRQHandler  softdevice_handler.o
    0x00000870   0x00000128   Code   RO         3185    i.SystemInit        system_nrf52840.o
    0x00000998   0x0000001c   Code   RO         1833    i.UARTE0_UART0_IRQHandler  nrf_drv_uart.o
    0x000009b4   0x00000068   Code   RO         2892    i._DoInit           segger_rtt.o
    0x00000a1c   0x00000016   Code   RO         2893    i._GetAvailWriteSpace  segger_rtt.o
    0x00000a32   0x0000005a   Code   RO         2895    i._WriteBlocking    segger_rtt.o
    0x00000a8c   0x0000003e   Code   RO         2896    i._WriteNoCheck     segger_rtt.o
    0x00000aca   0x00000002   PAD
    0x00000acc   0x00000010   Code   RO         3231    i.__0printf$bare    mc_w.l(printfb.o)
    0x00000adc   0x00000024   Code   RO         3032    i.__sd_nvic_app_accessible_irq  softdevice_handler.o
    0x00000b00   0x00000022   Code   RO         3238    i._printf_core      mc_w.l(printfb.o)
    0x00000b22   0x00000182   Code   RO          656    i.adv_data_encode   ble_advdata.o
    0x00000ca4   0x00000058   Code   RO          736    i.adv_mode_next_avail_get  ble_advertising.o
    0x00000cfc   0x00000036   Code   RO          574    i.advertising_buttons_configure  bsp_btn_ble.o
    0x00000d32   0x00000006   Code   RO          459    i.alert_timer_handler  bsp.o
    0x00000d38   0x00000024   Code   RO         2076    i.app_button_enable  app_button.o
    0x00000d5c   0x00000070   Code   RO         2077    i.app_button_init   app_button.o
    0x00000dcc   0x00000024   Code   RO         2180    i.app_error_fault_handler  app_error_weak.o
    0x00000df0   0x00000016   Code   RO         2138    i.app_error_handler_bare  app_error.o
    0x00000e06   0x00000016   Code   RO         2212    i.app_fifo_get      app_fifo.o
    0x00000e1c   0x00000020   Code   RO         2213    i.app_fifo_init     app_fifo.o
    0x00000e3c   0x0000001a   Code   RO         2215    i.app_fifo_put      app_fifo.o
    0x00000e56   0x00000002   PAD
    0x00000e58   0x00000024   Code   RO         2292    i.app_timer_create  app_timer.o
    0x00000e7c   0x00000070   Code   RO         2293    i.app_timer_init    app_timer.o
    0x00000eec   0x00000088   Code   RO         2294    i.app_timer_start   app_timer.o
    0x00000f74   0x00000020   Code   RO         2295    i.app_timer_stop    app_timer.o
    0x00000f94   0x00000034   Code   RO         2446    i.app_uart_get      app_uart_fifo.o
    0x00000fc8   0x000000b4   Code   RO         2447    i.app_uart_init     app_uart_fifo.o
    0x0000107c   0x0000003c   Code   RO         2448    i.app_uart_put      app_uart_fifo.o
    0x000010b8   0x00000048   Code   RO         2510    i.app_util_critical_region_enter  app_util_platform.o
    0x00001100   0x00000034   Code   RO         2511    i.app_util_critical_region_exit  app_util_platform.o
    0x00001134   0x000000a8   Code   RO         1834    i.apply_config      nrf_drv_uart.o
    0x000011dc   0x00000068   Code   RO          657    i.ble_advdata_set   ble_advdata.o
    0x00001244   0x00000120   Code   RO          737    i.ble_advertising_init  ble_advertising.o
    0x00001364   0x0000005c   Code   RO          738    i.ble_advertising_on_ble_evt  ble_advertising.o
    0x000013c0   0x0000003c   Code   RO          741    i.ble_advertising_restart_without_whitelist  ble_advertising.o
    0x000013fc   0x00000104   Code   RO          742    i.ble_advertising_start  ble_advertising.o
    0x00001500   0x00000058   Code   RO          821    i.ble_conn_params_init  ble_conn_params.o
    0x00001558   0x00000084   Code   RO          822    i.ble_conn_params_on_ble_evt  ble_conn_params.o
    0x000015dc   0x0000010c   Code   RO         1173    i.ble_conn_state_on_ble_evt  ble_conn_state.o
    0x000016e8   0x00000060   Code   RO          658    i.ble_device_addr_encode  ble_advdata.o
    0x00001748   0x0000004c   Code   RO            5    i.ble_evt_dispatch  main.o
    0x00001794   0x00000064   Code   RO         1297    i.ble_nus_init      ble_nus.o
    0x000017f8   0x0000005c   Code   RO         1298    i.ble_nus_on_ble_evt  ble_nus.o
    0x00001854   0x0000004e   Code   RO         1299    i.ble_nus_string_send  ble_nus.o
    0x000018a2   0x00000008   Code   RO          891    i.ble_srv_is_notification_enabled  ble_srv_common.o
    0x000018aa   0x00000002   PAD
    0x000018ac   0x0000005c   Code   RO            6    i.ble_stack_init    main.o
    0x00001908   0x0000000c   Code   RO          338    i.bsp_board_button_idx_to_pin  boards.o
    0x00001914   0x00000028   Code   RO          339    i.bsp_board_button_state_get  boards.o
    0x0000193c   0x0000002c   Code   RO          342    i.bsp_board_led_invert  boards.o
    0x00001968   0x00000010   Code   RO          343    i.bsp_board_led_off  boards.o
    0x00001978   0x00000010   Code   RO          344    i.bsp_board_led_on  boards.o
    0x00001988   0x00000028   Code   RO          345    i.bsp_board_led_state_get  boards.o
    0x000019b0   0x0000002c   Code   RO          346    i.bsp_board_leds_init  boards.o
    0x000019dc   0x00000012   Code   RO          347    i.bsp_board_leds_off  boards.o
    0x000019ee   0x00000012   Code   RO          348    i.bsp_board_leds_on  boards.o
    0x00001a00   0x00000024   Code   RO          349    i.bsp_board_pin_to_button_idx  boards.o
    0x00001a24   0x00000038   Code   RO          575    i.bsp_btn_ble_init  bsp_btn_ble.o
    0x00001a5c   0x00000070   Code   RO          576    i.bsp_btn_ble_on_ble_evt  bsp_btn_ble.o
    0x00001acc   0x0000001e   Code   RO          577    i.bsp_btn_ble_sleep_mode_prepare  bsp_btn_ble.o
    0x00001aea   0x00000002   PAD
    0x00001aec   0x00000094   Code   RO          460    i.bsp_button_event_handler  bsp.o
    0x00001b80   0x00000004   Code   RO          461    i.bsp_button_is_pressed  bsp.o
    0x00001b84   0x00000044   Code   RO            7    i.bsp_event_handler  main.o
    0x00001bc8   0x00000044   Code   RO          464    i.bsp_event_to_button_action_assign  bsp.o
    0x00001c0c   0x00000018   Code   RO          465    i.bsp_indication_set  bsp.o
    0x00001c24   0x00000098   Code   RO          466    i.bsp_init          bsp.o
    0x00001cbc   0x00000174   Code   RO          467    i.bsp_led_indication  bsp.o
    0x00001e30   0x00000010   Code   RO          469    i.bsp_wakeup_button_enable  bsp.o
    0x00001e40   0x00000008   Code   RO          470    i.button_timer_handler  bsp.o
    0x00001e48   0x0000001c   Code   RO         1571    i.channel_free      nrf_drv_gpiote.o
    0x00001e64   0x00000048   Code   RO         1572    i.channel_port_alloc  nrf_drv_gpiote.o
    0x00001eac   0x00000010   Code   RO         1573    i.channel_port_get  nrf_drv_gpiote.o
    0x00001ebc   0x00000028   Code   RO         1345    i.clock_clk_started_notify  nrf_drv_clock.o
    0x00001ee4   0x000000ac   Code   RO         2297    i.compare_reg_update  app_timer.o
    0x00001f90   0x00000088   Code   RO          659    i.conn_int_encode   ble_advdata.o
    0x00002018   0x00000004   Code   RO            8    i.conn_params_error_handler  main.o
    0x0000201c   0x0000005c   Code   RO          824    i.conn_params_negotiation  ble_conn_params.o
    0x00002078   0x00000060   Code   RO         2079    i.detection_delay_timeout_handler  app_button.o
    0x000020d8   0x00000040   Code   RO         2298    i.elapsed_ticks_acquire  app_timer.o
    0x00002118   0x00000014   Code   RO         2218    i.fifo_get          app_fifo.o
    0x0000212c   0x00000012   Code   RO         2219    i.fifo_put          app_fifo.o
    0x0000213e   0x0000000e   Code   RO         2716    i.fputc             retarget.o
    0x0000214c   0x00000014   Code   RO         2568    i.fs_queued_op_count_get  fstorage.o
    0x00002160   0x00000058   Code   RO         2080    i.gpiote_event_handler  app_button.o
    0x000021b8   0x00000078   Code   RO         3033    i.intern_softdevice_events_execute  softdevice_handler.o
    0x00002230   0x00000078   Code   RO         1835    i.interrupts_enable  nrf_drv_uart.o
    0x000022a8   0x0000001c   Code   RO          825    i.is_conn_params_ok  ble_conn_params.o
    0x000022c4   0x00000014   Code   RO          471    i.leds_timer_handler  bsp.o
    0x000022d8   0x000000a8   Code   RO         2299    i.list_deletions_handler  app_timer.o
    0x00002380   0x000000b8   Code   RO         2300    i.list_insertions_handler  app_timer.o
    0x00002438   0x000001e0   Code   RO            9    i.main              main.o
    0x00002618   0x00000064   Code   RO          660    i.manuf_specific_data_encode  ble_advdata.o
    0x0000267c   0x0000009c   Code   RO          661    i.name_encode       ble_advdata.o
    0x00002718   0x00000010   Code   RO         1574    i.nrf_bitmask_bit_is_set  nrf_drv_gpiote.o
    0x00002728   0x0000000e   Code   RO         1349    i.nrf_clock_event_check  nrf_drv_clock.o
    0x00002736   0x00000010   Code   RO         1350    i.nrf_clock_event_clear  nrf_drv_clock.o
    0x00002746   0x00000002   PAD
    0x00002748   0x0000008c   Code   RO         2301    i.nrf_delay_us      app_timer.o
    0x000027d4   0x00000048   Code   RO         1357    i.nrf_drv_clock_init  nrf_drv_clock.o
    0x0000281c   0x00000030   Code   RO         1364    i.nrf_drv_clock_on_sd_enable  nrf_drv_clock.o
    0x0000284c   0x0000000a   Code   RO         1365    i.nrf_drv_clock_on_soc_event  nrf_drv_clock.o
    0x00002856   0x00000038   Code   RO         1524    i.nrf_drv_common_irq_enable  nrf_drv_common.o
    0x0000288e   0x00000006   Code   RO         1837    i.nrf_drv_get_IRQn  nrf_drv_uart.o
    0x00002894   0x00000098   Code   RO         1579    i.nrf_drv_gpiote_in_event_enable  nrf_drv_gpiote.o
    0x0000292c   0x000000c0   Code   RO         1580    i.nrf_drv_gpiote_in_init  nrf_drv_gpiote.o
    0x000029ec   0x0000000e   Code   RO         1581    i.nrf_drv_gpiote_in_is_set  nrf_drv_gpiote.o
    0x000029fa   0x00000002   PAD
    0x000029fc   0x0000005c   Code   RO         1583    i.nrf_drv_gpiote_init  nrf_drv_gpiote.o
    0x00002a58   0x00000014   Code   RO         1584    i.nrf_drv_gpiote_is_init  nrf_drv_gpiote.o
    0x00002a6c   0x00000010   Code   RO         1838    i.nrf_drv_is_in_RAM  nrf_drv_uart.o
    0x00002a7c   0x00000068   Code   RO         1840    i.nrf_drv_uart_init  nrf_drv_uart.o
    0x00002ae4   0x000000b0   Code   RO         1841    i.nrf_drv_uart_rx   nrf_drv_uart.o
    0x00002b94   0x00000030   Code   RO         1844    i.nrf_drv_uart_rx_enable  nrf_drv_uart.o
    0x00002bc4   0x000000a8   Code   RO         1845    i.nrf_drv_uart_rx_for_uart  nrf_drv_uart.o
    0x00002c6c   0x000000b0   Code   RO         1846    i.nrf_drv_uart_rx_for_uarte  nrf_drv_uart.o
    0x00002d1c   0x0000010c   Code   RO         1847    i.nrf_drv_uart_tx   nrf_drv_uart.o
    0x00002e28   0x00000018   Code   RO         1849    i.nrf_drv_uart_tx_in_progress  nrf_drv_uart.o
    0x00002e40   0x00000032   Code   RO          351    i.nrf_gpio_cfg      boards.o
    0x00002e72   0x00000032   Code   RO         1598    i.nrf_gpio_cfg      nrf_drv_gpiote.o
    0x00002ea4   0x00000032   Code   RO         1851    i.nrf_gpio_cfg      nrf_drv_uart.o
    0x00002ed6   0x00000012   Code   RO         1853    i.nrf_gpio_cfg_input  nrf_drv_uart.o
    0x00002ee8   0x00000014   Code   RO         1854    i.nrf_gpio_cfg_output  nrf_drv_uart.o
    0x00002efc   0x00000034   Code   RO          472    i.nrf_gpio_cfg_sense_set  bsp.o
    0x00002f30   0x00000030   Code   RO         1600    i.nrf_gpio_cfg_sense_set  nrf_drv_gpiote.o
    0x00002f60   0x0000001c   Code   RO          352    i.nrf_gpio_pin_port_decode  boards.o
    0x00002f7c   0x0000001c   Code   RO         1602    i.nrf_gpio_pin_port_decode  nrf_drv_gpiote.o
    0x00002f98   0x0000001c   Code   RO         1855    i.nrf_gpio_pin_port_decode  nrf_drv_uart.o
    0x00002fb4   0x00000016   Code   RO         1603    i.nrf_gpio_pin_read  nrf_drv_gpiote.o
    0x00002fca   0x00000014   Code   RO         1856    i.nrf_gpio_pin_set  nrf_drv_uart.o
    0x00002fde   0x00000026   Code   RO          353    i.nrf_gpio_pin_write  boards.o
    0x00003004   0x0000002c   Code   RO         1605    i.nrf_gpio_ports_read  nrf_drv_gpiote.o
    0x00003030   0x00000014   Code   RO         1606    i.nrf_gpiote_event_clear  nrf_drv_gpiote.o
    0x00003044   0x00000010   Code   RO         1607    i.nrf_gpiote_event_is_set  nrf_drv_gpiote.o
    0x00003054   0x0000000a   Code   RO         1857    i.nrf_uart_event_check  nrf_drv_uart.o
    0x0000305e   0x0000000c   Code   RO         1858    i.nrf_uart_event_clear  nrf_drv_uart.o
    0x0000306a   0x0000000c   Code   RO         1859    i.nrf_uart_int_enable_check  nrf_drv_uart.o
    0x00003076   0x0000000a   Code   RO         1860    i.nrf_uarte_event_check  nrf_drv_uart.o
    0x00003080   0x0000000c   Code   RO         1861    i.nrf_uarte_event_clear  nrf_drv_uart.o
    0x0000308c   0x00000030   Code   RO           10    i.nus_data_handler  main.o
    0x000030bc   0x00000024   Code   RO           11    i.on_adv_evt        main.o
    0x000030e0   0x0000001c   Code   RO           12    i.on_conn_params_evt  main.o
    0x000030fc   0x0000007c   Code   RO           13    i.peer_manager_init  main.o
    0x00003178   0x00000018   Code   RO         1608    i.pin_in_use_by_port  nrf_drv_gpiote.o
    0x00003190   0x00000018   Code   RO         1609    i.pin_in_use_by_te  nrf_drv_gpiote.o
    0x000031a8   0x00000002   Code   RO           14    i.pm_evt_handler    main.o
    0x000031aa   0x00000002   PAD
    0x000031ac   0x0000003c   Code   RO         2302    i.rtc1_stop         app_timer.o
    0x000031e8   0x00000032   Code   RO         1863    i.rx_byte           nrf_drv_uart.o
    0x0000321a   0x000000dc   Code   RO         1300    i.rx_char_add       ble_nus.o
    0x000032f6   0x00000018   Code   RO         1864    i.rx_done_event     nrf_drv_uart.o
    0x0000330e   0x00000020   Code   RO         1865    i.rx_enable         nrf_drv_uart.o
    0x0000332e   0x00000002   PAD
    0x00003330   0x00000070   Code   RO         3035    i.sd_nvic_EnableIRQ  softdevice_handler.o
    0x000033a0   0x00000044   Code   RO         2777    i.sdk_mapped_flags_bulk_update_by_key  sdk_mapped_flags.o
    0x000033e4   0x00000022   Code   RO         2778    i.sdk_mapped_flags_first_key_index_get  sdk_mapped_flags.o
    0x00003406   0x00000010   Code   RO         2779    i.sdk_mapped_flags_get_by_index  sdk_mapped_flags.o
    0x00003416   0x0000004a   Code   RO         2781    i.sdk_mapped_flags_key_list_get  sdk_mapped_flags.o
    0x00003460   0x0000000e   Code   RO         2783    i.sdk_mapped_flags_update_by_key  sdk_mapped_flags.o
    0x0000346e   0x00000002   PAD
    0x00003470   0x00000088   Code   RO          662    i.service_data_encode  ble_advdata.o
    0x000034f8   0x00000048   Code   RO          744    i.set_adv_mode_fast  ble_advertising.o
    0x00003540   0x00000044   Code   RO          745    i.set_adv_mode_slow  ble_advertising.o
    0x00003584   0x00000028   Code   RO           15    i.sleep_mode_enter  main.o
    0x000035ac   0x00000014   Code   RO         3036    i.softdevice_ble_evt_handler_set  softdevice_handler.o
    0x000035c0   0x00000014   Code   RO         3037    i.softdevice_enable  softdevice_handler.o
    0x000035d4   0x00000026   Code   RO         3038    i.softdevice_enable_get_default_config  softdevice_handler.o
    0x000035fa   0x00000004   Code   RO         3039    i.softdevice_fault_handler  softdevice_handler.o
    0x000035fe   0x00000002   PAD
    0x00003600   0x00000064   Code   RO         3040    i.softdevice_handler_init  softdevice_handler.o
    0x00003664   0x0000000c   Code   RO         3041    i.softdevice_handler_is_enabled  softdevice_handler.o
    0x00003670   0x0000008c   Code   RO         2303    i.timer_list_handler  app_timer.o
    0x000036fc   0x0000003c   Code   RO         2304    i.timer_list_insert  app_timer.o
    0x00003738   0x00000048   Code   RO         2305    i.timer_stop_op_schedule  app_timer.o
    0x00003780   0x00000084   Code   RO         2306    i.timer_timeouts_check  app_timer.o
    0x00003804   0x00000020   Code   RO         1866    i.tx_byte           nrf_drv_uart.o
    0x00003824   0x000000a0   Code   RO         1301    i.tx_char_add       ble_nus.o
    0x000038c4   0x0000001c   Code   RO         1867    i.tx_done_event     nrf_drv_uart.o
    0x000038e0   0x0000005c   Code   RO           16    i.uart_event_handle  main.o
    0x0000393c   0x000000a0   Code   RO         2449    i.uart_event_handler  app_uart_fifo.o
    0x000039dc   0x0000011e   Code   RO         1868    i.uart_irq_handler  nrf_drv_uart.o
    0x00003afa   0x000000f0   Code   RO         1869    i.uarte_irq_handler  nrf_drv_uart.o
    0x00003bea   0x0000000a   Code   RO          663    i.uint16_encode     ble_advdata.o
    0x00003bf4   0x00000060   Code   RO          826    i.update_timeout_handler  ble_conn_params.o
    0x00003c54   0x00000030   Code   RO         2307    i.user_op_alloc     app_timer.o
    0x00003c84   0x00000030   Code   RO          664    i.uuid_list_encode  ble_advdata.o
    0x00003cb4   0x0000009e   Code   RO          665    i.uuid_list_sized_encode  ble_advdata.o
    0x00003d52   0x00000002   PAD
    0x00003d54   0x0000001c   Data   RO           18    .constdata          main.o
    0x00003d70   0x00000008   Data   RO          354    .constdata          boards.o
    0x00003d78   0x0000002c   Data   RO          477    .constdata          bsp.o
    0x00003da4   0x00000004   Data   RO          829    .constdata          ble_conn_params.o
    0x00003da8   0x00000010   Data   RO         1302    .constdata          ble_nus.o
    0x00003db8   0x00000008   Data   RO         1611    .constdata          nrf_drv_gpiote.o
    0x00003dc0   0x00000008   Data   RO         2082    .constdata          app_button.o
    0x00003dc8   0x00000020   Data   RO         2451    .constdata          app_uart_fifo.o
    0x00003de8   0x00000000   Data   RO         3529    Region$$Table       anon$$obj.o


    Execution Region RW_IRAM1 (Base: 0x20000000, Size: 0x00002758, Max: 0x00040000, ABSOLUTE)

    Base Addr    Size         Type   Attr      Idx    E Section Name        Object

    0x20000000   0x00000008   Data   RW           19    .data               main.o
    0x20000008   0x00000014   Data   RW          478    .data               bsp.o
    0x2000001c   0x00000008   Data   RW          578    .data               bsp_btn_ble.o
    0x20000024   0x0000001f   Data   RW          747    .data               ble_advertising.o
    0x20000043   0x00000001   PAD
    0x20000044   0x00000014   Data   RW          830    .data               ble_conn_params.o
    0x20000058   0x00000014   Data   RW         2083    .data               app_button.o
    0x2000006c   0x00000020   Data   RW         2308    .data               app_timer.o
    0x2000008c   0x00000010   Data   RW         2452    .data               app_uart_fifo.o
    0x2000009c   0x00000004   Data   RW         2717    .data               retarget.o
    0x200000a0   0x00000014   Data   RW         3047    .data               softdevice_handler.o
    0x200000b4   0x00000004   Data   RW         3186    .data               system_nrf52840.o
    0x200000b8   0x000002f8   Zero   RW           17    .bss                main.o
    0x200003b0   0x00000020   Zero   RW          473    .bss                bsp.o
    0x200003d0   0x00000020   Zero   RW          474    .bss                bsp.o
    0x200003f0   0x0000000c   Zero   RW          475    .bss                bsp.o
    0x200003fc   0x00000020   Zero   RW          476    .bss                bsp.o
    0x2000041c   0x000000b3   Zero   RW          746    .bss                ble_advertising.o
    0x200004cf   0x00000001   PAD
    0x200004d0   0x00000020   Zero   RW          827    .bss                ble_conn_params.o
    0x200004f0   0x0000001c   Zero   RW          828    .bss                ble_conn_params.o
    0x2000050c   0x00000034   Zero   RW         1183    .bss                ble_conn_state.o
    0x20000540   0x00000014   Zero   RW         1367    .bss                nrf_drv_clock.o
    0x20000554   0x00000068   Zero   RW         1610    .bss                nrf_drv_gpiote.o
    0x200005bc   0x00000020   Zero   RW         1870    .bss                nrf_drv_uart.o
    0x200005dc   0x00000020   Zero   RW         2081    .bss                app_button.o
    0x200005fc   0x00000020   Zero   RW         2450    .bss                app_uart_fifo.o
    0x2000061c   0x0000000c   Zero   RW         2514    .bss                app_util_platform.o
    0x20000628   0x00000068   Zero   RW         2577    .bss                fstorage.o
    0x20000690   0x000000c8   Zero   RW         2897    .bss                segger_rtt.o
    0x20000758   0x00002000   Zero   RW         3174    STACK               arm_startup_nrf52840.o

