Component: ARM Compiler 5.06 update 4 (build 422) Tool: armlink [4d35d2]

==============================================================================

Section Cross References

    main.o(i.assert_nrf_callback) refers to app_error.o(i.app_error_handler) for app_error_handler
    main.o(i.bas_c_evt_handler) refers to nrf_log_frontend.o(i.nrf_log_frontend_std_1) for nrf_log_frontend_std_1
    main.o(i.bas_c_evt_handler) refers to ble_bas_c.o(i.ble_bas_c_handles_assign) for ble_bas_c_handles_assign
    main.o(i.bas_c_evt_handler) refers to app_error.o(i.app_error_handler_bare) for app_error_handler_bare
    main.o(i.bas_c_evt_handler) refers to peer_manager.o(i.pm_conn_secure) for pm_conn_secure
    main.o(i.bas_c_evt_handler) refers to ble_bas_c.o(i.ble_bas_c_bl_read) for ble_bas_c_bl_read
    main.o(i.bas_c_evt_handler) refers to ble_bas_c.o(i.ble_bas_c_bl_notif_enable) for ble_bas_c_bl_notif_enable
    main.o(i.ble_evt_dispatch) refers to ble_conn_state.o(i.ble_conn_state_on_ble_evt) for ble_conn_state_on_ble_evt
    main.o(i.ble_evt_dispatch) refers to peer_manager.o(i.pm_on_ble_evt) for pm_on_ble_evt
    main.o(i.ble_evt_dispatch) refers to ble_db_discovery.o(i.ble_db_discovery_on_ble_evt) for ble_db_discovery_on_ble_evt
    main.o(i.ble_evt_dispatch) refers to ble_hrs_c.o(i.ble_hrs_c_on_ble_evt) for ble_hrs_c_on_ble_evt
    main.o(i.ble_evt_dispatch) refers to ble_bas_c.o(i.ble_bas_c_on_ble_evt) for ble_bas_c_on_ble_evt
    main.o(i.ble_evt_dispatch) refers to bsp_btn_ble.o(i.bsp_btn_ble_on_ble_evt) for bsp_btn_ble_on_ble_evt
    main.o(i.ble_evt_dispatch) refers to nrf_ble_gatt.o(i.nrf_ble_gatt_on_ble_evt) for nrf_ble_gatt_on_ble_evt
    main.o(i.ble_evt_dispatch) refers to main.o(i.on_ble_evt) for on_ble_evt
    main.o(i.ble_evt_dispatch) refers to main.o(.bss) for .bss
    main.o(i.ble_stack_init) refers to softdevice_handler.o(i.softdevice_handler_init) for softdevice_handler_init
    main.o(i.ble_stack_init) refers to app_error.o(i.app_error_handler_bare) for app_error_handler_bare
    main.o(i.ble_stack_init) refers to softdevice_handler.o(i.softdevice_enable_get_default_config) for softdevice_enable_get_default_config
    main.o(i.ble_stack_init) refers to softdevice_handler.o(i.softdevice_enable) for softdevice_enable
    main.o(i.ble_stack_init) refers to softdevice_handler.o(i.softdevice_ble_evt_handler_set) for softdevice_ble_evt_handler_set
    main.o(i.ble_stack_init) refers to softdevice_handler.o(i.softdevice_sys_evt_handler_set) for softdevice_sys_evt_handler_set
    main.o(i.ble_stack_init) refers to main.o(.constdata) for .constdata
    main.o(i.ble_stack_init) refers to main.o(.bss) for .bss
    main.o(i.ble_stack_init) refers to main.o(i.ble_evt_dispatch) for ble_evt_dispatch
    main.o(i.ble_stack_init) refers to main.o(i.sys_evt_dispatch) for sys_evt_dispatch
    main.o(i.bsp_event_handler) refers to bsp.o(i.bsp_indication_set) for bsp_indication_set
    main.o(i.bsp_event_handler) refers to app_error.o(i.app_error_handler_bare) for app_error_handler_bare
    main.o(i.bsp_event_handler) refers to bsp_btn_ble.o(i.bsp_btn_ble_sleep_mode_prepare) for bsp_btn_ble_sleep_mode_prepare
    main.o(i.bsp_event_handler) refers to nrf_log_frontend.o(i.nrf_log_frontend_std_0) for nrf_log_frontend_std_0
    main.o(i.bsp_event_handler) refers to main.o(i.scan_start) for scan_start
    main.o(i.bsp_event_handler) refers to main.o(.data) for .data
    main.o(i.db_disc_handler) refers to ble_hrs_c.o(i.ble_hrs_on_db_disc_evt) for ble_hrs_on_db_disc_evt
    main.o(i.db_disc_handler) refers to ble_bas_c.o(i.ble_bas_on_db_disc_evt) for ble_bas_on_db_disc_evt
    main.o(i.db_disc_handler) refers to main.o(.bss) for .bss
    main.o(i.gatt_evt_handler) refers to nrf_log_frontend.o(i.nrf_log_frontend_std_2) for nrf_log_frontend_std_2
    main.o(i.gatt_evt_handler) refers to ble_db_discovery.o(i.ble_db_discovery_start) for ble_db_discovery_start
    main.o(i.gatt_evt_handler) refers to app_error.o(i.app_error_handler_bare) for app_error_handler_bare
    main.o(i.gatt_evt_handler) refers to main.o(.data) for .data
    main.o(i.gatt_evt_handler) refers to main.o(.bss) for .bss
    main.o(i.gatt_init) refers to nrf_ble_gatt.o(i.nrf_ble_gatt_init) for nrf_ble_gatt_init
    main.o(i.gatt_init) refers to app_error.o(i.app_error_handler_bare) for app_error_handler_bare
    main.o(i.gatt_init) refers to main.o(i.gatt_evt_handler) for gatt_evt_handler
    main.o(i.gatt_init) refers to main.o(.bss) for .bss
    main.o(i.hrs_c_evt_handler) refers to main.o(i.nrf_gpio_pin_toggle) for nrf_gpio_pin_toggle
    main.o(i.hrs_c_evt_handler) refers to nrf_drv_gpiote.o(i.nrf_drv_gpiote_out_toggle) for nrf_drv_gpiote_out_toggle
    main.o(i.hrs_c_evt_handler) refers to ble_hrs_c.o(i.ble_hrs_c_handles_assign) for ble_hrs_c_handles_assign
    main.o(i.hrs_c_evt_handler) refers to app_error.o(i.app_error_handler_bare) for app_error_handler_bare
[...]
    I2S_IRQHandler                           0x0001f42f   Thumb Code     0  arm_startup_nrf52.o(.text)
    MWU_IRQHandler                           0x0001f42f   Thumb Code     0  arm_startup_nrf52.o(.text)
    NFCT_IRQHandler                          0x0001f42f   Thumb Code     0  arm_startup_nrf52.o(.text)
    PDM_IRQHandler                           0x0001f42f   Thumb Code     0  arm_startup_nrf52.o(.text)
    PWM0_IRQHandler                          0x0001f42f   Thumb Code     0  arm_startup_nrf52.o(.text)
    PWM1_IRQHandler                          0x0001f42f   Thumb Code     0  arm_startup_nrf52.o(.text)
    PWM2_IRQHandler                          0x0001f42f   Thumb Code     0  arm_startup_nrf52.o(.text)
    QDEC_IRQHandler                          0x0001f42f   Thumb Code     0  arm_startup_nrf52.o(.text)
    RADIO_IRQHandler                         0x0001f42f   Thumb Code     0  arm_startup_nrf52.o(.text)
    RNG_IRQHandler                           0x0001f42f   Thumb Code     0  arm_startup_nrf52.o(.text)
    RTC0_IRQHandler                          0x0001f42f   Thumb Code     0  arm_startup_nrf52.o(.text)
    RTC2_IRQHandler                          0x0001f42f   Thumb Code     0  arm_startup_nrf52.o(.text)
    SAADC_IRQHandler                         0x0001f42f   Thumb Code     0  arm_startup_nrf52.o(.text)
    SPIM0_SPIS0_TWIM0_TWIS0_SPI0_TWI0_IRQHandler 0x0001f42f   Thumb Code     0  arm_startup_nrf52.o(.text)
    SPIM1_SPIS1_TWIM1_TWIS1_SPI1_TWI1_IRQHandler 0x0001f42f   Thumb Code     0  arm_startup_nrf52.o(.text)
    SPIM2_SPIS2_SPI2_IRQHandler              0x0001f42f   Thumb Code     0  arm_startup_nrf52.o(.text)
    SWI1_EGU1_IRQHandler                     0x0001f42f   Thumb Code     0  arm_startup_nrf52.o(.text)
    SWI3_EGU3_IRQHandler                     0x0001f42f   Thumb Code     0  arm_startup_nrf52.o(.text)
    SWI4_EGU4_IRQHandler                     0x0001f42f   Thumb Code     0  arm_startup_nrf52.o(.text)
    SWI5_EGU5_IRQHandler                     0x0001f42f   Thumb Code     0  arm_startup_nrf52.o(.text)
    TEMP_IRQHandler                          0x0001f42f   Thumb Code     0  arm_startup_nrf52.o(.text)
    TIMER0_IRQHandler                        0x0001f42f   Thumb Code     0  arm_startup_nrf52.o(.text)
    TIMER1_IRQHandler                        0x0001f42f   Thumb Code     0  arm_startup_nrf52.o(.text)
    TIMER2_IRQHandler                        0x0001f42f   Thumb Code     0  arm_startup_nrf52.o(.text)
    TIMER3_IRQHandler                        0x0001f42f   Thumb Code     0  arm_startup_nrf52.o(.text)
    TIMER4_IRQHandler                        0x0001f42f   Thumb Code     0  arm_startup_nrf52.o(.text)
    WDT_IRQHandler                           0x0001f42f   Thumb Code     0  arm_startup_nrf52.o(.text)
    __rt_ctype_table                         0x0001f439   Thumb Code     4  ctype_o.o(.text)
    __aeabi_memcpy                           0x0001f441   Thumb Code    36  memcpya.o(.text)
    __aeabi_memcpy4                          0x0001f441   Thumb Code     0  memcpya.o(.text)
    __aeabi_memcpy8                          0x0001f441   Thumb Code     0  memcpya.o(.text)
    __aeabi_memset                           0x0001f465   Thumb Code    14  memseta.o(.text)
    __aeabi_memset4                          0x0001f465   Thumb Code     0  memseta.o(.text)
    __aeabi_memset8                          0x0001f465   Thumb Code     0  memseta.o(.text)
    __aeabi_memclr                           0x0001f473   Thumb Code     4  memseta.o(.text)
    __aeabi_memclr4                          0x0001f473   Thumb Code     0  memseta.o(.text)
    __aeabi_memclr8                          0x0001f473   Thumb Code     0  memseta.o(.text)
    _memset$wrapper                          0x0001f477   Thumb Code    18  memseta.o(.text)
    strlen                                   0x0001f489   Thumb Code    14  strlen.o(.text)
    memcmp                                   0x0001f497   Thumb Code    26  memcmp.o(.text)
    __aeabi_uldivmod                         0x0001f4b1   Thumb Code    98  uldiv.o(.text)
    __scatterload                            0x0001f515   Thumb Code    28  init.o(.text)
    __scatterload_rt2                        0x0001f515   Thumb Code     0  init.o(.text)
    __aeabi_llsl                             0x0001f539   Thumb Code    30  llshl.o(.text)
    _ll_shift_l                              0x0001f539   Thumb Code     0  llshl.o(.text)
    __aeabi_llsr                             0x0001f557   Thumb Code    32  llushr.o(.text)
    _ll_ushift_r                             0x0001f557   Thumb Code     0  llushr.o(.text)
    __decompress                             0x0001f577   Thumb Code     0  __dczerorl.o(.text)
    __decompress0                            0x0001f577   Thumb Code    58  __dczerorl.o(.text)
    GPIOTE_IRQHandler                        0x0001f5b1   Thumb Code   362  nrf_drv_gpiote.o(i.GPIOTE_IRQHandler)
    POWER_CLOCK_IRQHandler                   0x0001f7b5   Thumb Code    84  nrf_drv_clock.o(i.POWER_CLOCK_IRQHandler)
    RTC1_IRQHandler                          0x0001f80d   Thumb Code    32  app_timer.o(i.RTC1_IRQHandler)
    SWI0_EGU0_IRQHandler                     0x0001f831   Thumb Code     4  app_timer.o(i.SWI0_EGU0_IRQHandler)
    SWI2_EGU2_IRQHandler                     0x0001f835   Thumb Code    32  softdevice_handler.o(i.SWI2_EGU2_IRQHandler)
    SystemInit                               0x0001f859   Thumb Code   610  system_nrf52.o(i.SystemInit)
    UARTE0_UART0_IRQHandler                  0x0001faf5   Thumb Code    20  nrf_drv_uart.o(i.UARTE0_UART0_IRQHandler)
    __0snprintf$8                            0x0001fb11   Thumb Code    44  printf8.o(i.__0snprintf$8)
    __1snprintf$8                            0x0001fb11   Thumb Code     0  printf8.o(i.__0snprintf$8)
    __2snprintf                              0x0001fb11   Thumb Code     0  printf8.o(i.__0snprintf$8)
    __scatterload_copy                       0x0001fb41   Thumb Code    14  handlers.o(i.__scatterload_copy)
    __scatterload_null                       0x0001fb4f   Thumb Code     2  handlers.o(i.__scatterload_null)
    __scatterload_zeroinit                   0x0001fb51   Thumb Code    14  handlers.o(i.__scatterload_zeroinit)
    addr_compare                             0x0001fffd   Thumb Code    38  id_manager.o(i.addr_compare)
    ah                                       0x00020087   Thumb Code    82  id_manager.o(i.ah)
    app_button_enable                        0x000200e1   Thumb Code    32  app_button.o(i.app_button_enable)
    app_button_init                          0x00020105   Thumb Code    96  app_button.o(i.app_button_init)
    app_error_fault_handler                  0x00020175   Thumb Code    46  app_error_weak.o(i.app_error_fault_handler)
    app_error_handler_bare                   0x000201c5   Thumb Code    22  app_error.o(i.app_error_handler_bare)
    app_timer_create                         0x000201dd   Thumb Code    32  app_timer.o(i.app_timer_create)
    app_timer_init                           0x00020201   Thumb Code   102  app_timer.o(i.app_timer_init)
    app_timer_start                          0x00020271   Thumb Code   128  app_timer.o(i.app_timer_start)
    app_timer_stop                           0x000202f9   Thumb Code    26  app_timer.o(i.app_timer_stop)
    app_util_critical_region_enter           0x00020319   Thumb Code    64  app_util_platform.o(i.app_util_critical_region_enter)
    app_util_critical_region_exit            0x00020361   Thumb Code    46  app_util_platform.o(i.app_util_critical_region_exit)
    ble_bas_c_bl_notif_enable                0x000205a9   Thumb Code    80  ble_bas_c.o(i.ble_bas_c_bl_notif_enable)
    ble_bas_c_bl_read                        0x00020601   Thumb Code    64  ble_bas_c.o(i.ble_bas_c_bl_read)
    ble_bas_c_handles_assign                 0x00020649   Thumb Code    20  ble_bas_c.o(i.ble_bas_c_handles_assign)
    ble_bas_c_init                           0x0002065d   Thumb Code    48  ble_bas_c.o(i.ble_bas_c_init)
    ble_bas_c_on_ble_evt                     0x0002068d   Thumb Code   154  ble_bas_c.o(i.ble_bas_c_on_ble_evt)
    ble_bas_on_db_disc_evt                   0x00020729   Thumb Code   124  ble_bas_c.o(i.ble_bas_on_db_disc_evt)
    ble_conn_state_conn_handles              0x000207a5   Thumb Code    10  ble_conn_state.o(i.ble_conn_state_conn_handles)
    ble_conn_state_encrypted                 0x000207b5   Thumb Code    12  ble_conn_state.o(i.ble_conn_state_encrypted)
    ble_conn_state_mitm_protected            0x000207c5   Thumb Code    12  ble_conn_state.o(i.ble_conn_state_mitm_protected)
    ble_conn_state_n_centrals                0x000207d5   Thumb Code    12  ble_conn_state.o(i.ble_conn_state_n_centrals)
    ble_conn_state_on_ble_evt                0x000207e5   Thumb Code   264  ble_conn_state.o(i.ble_conn_state_on_ble_evt)
    ble_conn_state_role                      0x000208f1   Thumb Code    42  ble_conn_state.o(i.ble_conn_state_role)
    ble_conn_state_user_flag_acquire         0x00020921   Thumb Code    40  ble_conn_state.o(i.ble_conn_state_user_flag_acquire)
    ble_conn_state_user_flag_collection      0x0002094d   Thumb Code    20  ble_conn_state.o(i.ble_conn_state_user_flag_collection)
    ble_conn_state_user_flag_get             0x00020965   Thumb Code    36  ble_conn_state.o(i.ble_conn_state_user_flag_get)
    ble_conn_state_user_flag_set             0x0002098d   Thumb Code    40  ble_conn_state.o(i.ble_conn_state_user_flag_set)
    ble_db_discovery_evt_register            0x000209b9   Thumb Code    56  ble_db_discovery.o(i.ble_db_discovery_evt_register)
    ble_db_discovery_init                    0x000209f9   Thumb Code    24  ble_db_discovery.o(i.ble_db_discovery_init)
    ble_db_discovery_on_ble_evt              0x00020a15   Thumb Code    70  ble_db_discovery.o(i.ble_db_discovery_on_ble_evt)
    ble_db_discovery_start                   0x00020a61   Thumb Code    96  ble_db_discovery.o(i.ble_db_discovery_start)
    ble_hrs_c_handles_assign                 0x00020b19   Thumb Code    20  ble_hrs_c.o(i.ble_hrs_c_handles_assign)
    ble_hrs_c_hrm_notif_enable               0x00020b2d   Thumb Code    16  ble_hrs_c.o(i.ble_hrs_c_hrm_notif_enable)
    ble_hrs_c_init                           0x00020b3d   Thumb Code    48  ble_hrs_c.o(i.ble_hrs_c_init)
    ble_hrs_c_on_ble_evt                     0x00020b6d   Thumb Code    60  ble_hrs_c.o(i.ble_hrs_c_on_ble_evt)
    ble_hrs_on_db_disc_evt                   0x00020ba9   Thumb Code   134  ble_hrs_c.o(i.ble_hrs_on_db_disc_evt)
    bsp_board_button_idx_to_pin              0x00020cd5   Thumb Code     6  boards.o(i.bsp_board_button_idx_to_pin)
    bsp_board_button_state_get               0x00020ce1   Thumb Code    28  boards.o(i.bsp_board_button_state_get)
    bsp_board_led_invert                     0x00020d01   Thumb Code    32  boards.o(i.bsp_board_led_invert)
    bsp_board_led_off                        0x00020d25   Thumb Code    10  boards.o(i.bsp_board_led_off)
    bsp_board_led_on                         0x00020d35   Thumb Code    10  boards.o(i.bsp_board_led_on)
    bsp_board_led_state_get                  0x00020d45   Thumb Code    28  boards.o(i.bsp_board_led_state_get)
    bsp_board_leds_init                      0x00020d65   Thumb Code    38  boards.o(i.bsp_board_leds_init)
    bsp_board_leds_off                       0x00020d91   Thumb Code    18  boards.o(i.bsp_board_leds_off)
    bsp_board_leds_on                        0x00020da3   Thumb Code    18  boards.o(i.bsp_board_leds_on)
    bsp_board_pin_to_button_idx              0x00020db5   Thumb Code    30  boards.o(i.bsp_board_pin_to_button_idx)
    bsp_btn_ble_init                         0x00020dd9   Thumb Code    52  bsp_btn_ble.o(i.bsp_btn_ble_init)
    bsp_btn_ble_on_ble_evt                   0x00020e11   Thumb Code   106  bsp_btn_ble.o(i.bsp_btn_ble_on_ble_evt)
    bsp_btn_ble_sleep_mode_prepare           0x00020e81   Thumb Code    30  bsp_btn_ble.o(i.bsp_btn_ble_sleep_mode_prepare)
    bsp_button_is_pressed                    0x00020f35   Thumb Code     4  bsp.o(i.bsp_button_is_pressed)
    bsp_event_handler                        0x00020f39   Thumb Code    94  main.o(i.bsp_event_handler)
    bsp_event_to_button_action_assign        0x00020fc9   Thumb Code    64  bsp.o(i.bsp_event_to_button_action_assign)
    bsp_indication_set                       0x0002100d   Thumb Code    20  bsp.o(i.bsp_indication_set)
    bsp_init                                 0x00021025   Thumb Code   132  bsp.o(i.bsp_init)
    bsp_wakeup_button_enable                 0x00021231   Thumb Code    16  bsp.o(i.bsp_wakeup_button_enable)
    buffer_is_empty                          0x000212bd   Thumb Code    16  nrf_log_frontend.o(i.buffer_is_empty)
    chunk_queue_next                         0x0002140d   Thumb Code    20  fds.o(i.chunk_queue_next)
    fds_file_delete                          0x00021a65   Thumb Code    70  fds.o(i.fds_file_delete)
    fds_gc                                   0x00021ab1   Thumb Code    58  fds.o(i.fds_gc)
    fds_init                                 0x00021af5   Thumb Code   136  fds.o(i.fds_init)
    fds_record_close                         0x00021b81   Thumb Code    54  fds.o(i.fds_record_close)
    fds_record_find                          0x00021bbd   Thumb Code    14  fds.o(i.fds_record_find)
    fds_record_find_by_key                   0x00021bcb   Thumb Code    16  fds.o(i.fds_record_find_by_key)
    fds_record_find_in_file                  0x00021bdb   Thumb Code    16  fds.o(i.fds_record_find_in_file)
    fds_record_id_from_desc                  0x00021beb   Thumb Code    16  fds.o(i.fds_record_id_from_desc)
    fds_record_open                          0x00021bfd   Thumb Code    60  fds.o(i.fds_record_open)
    fds_record_update                        0x00021c3d   Thumb Code    14  fds.o(i.fds_record_update)
    fds_record_write                         0x00021c4b   Thumb Code     8  fds.o(i.fds_record_write)
    fds_record_write_reserved                0x00021c53   Thumb Code    12  fds.o(i.fds_record_write_reserved)
    fds_register                             0x00021c61   Thumb Code    26  fds.o(i.fds_register)
    fds_reserve                              0x00021c85   Thumb Code    46  fds.o(i.fds_reserve)
    fds_reserve_cancel                       0x00021cb9   Thumb Code    60  fds.o(i.fds_reserve_cancel)
    fs_erase                                 0x00021dad   Thumb Code   110  fstorage.o(i.fs_erase)
    fs_init                                  0x00021e29   Thumb Code   164  fstorage.o(i.fs_init)
    fs_queued_op_count_get                   0x00021ed9   Thumb Code    16  fstorage.o(i.fs_queued_op_count_get)
    fs_store                                 0x00021eed   Thumb Code   124  fstorage.o(i.fs_store)
    fs_sys_event_handler                     0x00021f6d   Thumb Code    96  fstorage.o(i.fs_sys_event_handler)
    gatt_evt_handler                         0x00021fd5   Thumb Code    56  main.o(i.gatt_evt_handler)
    gatt_init                                0x00022045   Thumb Code    24  main.o(i.gatt_init)
    gcm_ble_evt_handler                      0x00022241   Thumb Code   232  gatt_cache_manager.o(i.gcm_ble_evt_handler)
    gcm_gscm_evt_handler                     0x0002232d   Thumb Code   102  gatt_cache_manager.o(i.gcm_gscm_evt_handler)
    gcm_im_evt_handler                       0x00022399   Thumb Code    44  gatt_cache_manager.o(i.gcm_im_evt_handler)
    gcm_init                                 0x000223c9   Thumb Code    66  gatt_cache_manager.o(i.gcm_init)
    gcm_local_database_has_changed           0x00022411   Thumb Code    78  gatt_cache_manager.o(i.gcm_local_database_has_changed)
    gcm_smd_evt_handler                      0x00022465   Thumb Code    14  gatt_cache_manager.o(i.gcm_smd_evt_handler)
    get_connection_by_conn_handle            0x00022475   Thumb Code    48  id_manager.o(i.get_connection_by_conn_handle)
    get_free_connection                      0x000224ad   Thumb Code    40  id_manager.o(i.get_free_connection)
    gscm_db_change_notification_done         0x00022535   Thumb Code    22  gatts_cache_manager.o(i.gscm_db_change_notification_done)
    gscm_init                                0x00022551   Thumb Code    16  gatts_cache_manager.o(i.gscm_init)
    gscm_local_database_has_changed          0x00022565   Thumb Code    22  gatts_cache_manager.o(i.gscm_local_database_has_changed)
    gscm_local_db_cache_apply                0x00022581   Thumb Code   106  gatts_cache_manager.o(i.gscm_local_db_cache_apply)
    gscm_local_db_cache_update               0x000225eb   Thumb Code   128  gatts_cache_manager.o(i.gscm_local_db_cache_update)
    gscm_pdb_evt_handler                     0x0002266d   Thumb Code    78  gatts_cache_manager.o(i.gscm_pdb_evt_handler)
    gscm_service_changed_ind_needed          0x000226c1   Thumb Code    26  gatts_cache_manager.o(i.gscm_service_changed_ind_needed)
    gscm_service_changed_ind_send            0x000226dd   Thumb Code    40  gatts_cache_manager.o(i.gscm_service_changed_ind_send)
    im_address_resolve                       0x00022795   Thumb Code    70  id_manager.o(i.im_address_resolve)
    im_ble_addr_get                          0x000227dd   Thumb Code    42  id_manager.o(i.im_ble_addr_get)
    im_ble_evt_handler                       0x0002280d   Thumb Code   174  id_manager.o(i.im_ble_evt_handler)
    im_conn_handle_get                       0x000228bd   Thumb Code    40  id_manager.o(i.im_conn_handle_get)
    im_device_identities_list_set            0x000228e9   Thumb Code   166  id_manager.o(i.im_device_identities_list_set)
    im_init                                  0x00022991   Thumb Code    54  id_manager.o(i.im_init)
    im_is_duplicate_bonding_data             0x000229d1   Thumb Code    52  id_manager.o(i.im_is_duplicate_bonding_data)
    im_master_id_is_valid                    0x00022a05   Thumb Code    24  id_manager.o(i.im_master_id_is_valid)
    im_master_ids_compare                    0x00022a1d   Thumb Code    42  id_manager.o(i.im_master_ids_compare)
    im_new_peer_id                           0x00022a47   Thumb Code     4  id_manager.o(i.im_new_peer_id)
    im_pdb_evt_handler                       0x00022a4b   Thumb Code   114  id_manager.o(i.im_pdb_evt_handler)
    im_peer_free                             0x00022abd   Thumb Code    38  id_manager.o(i.im_peer_free)
    im_peer_id_get_by_conn_handle            0x00022ae5   Thumb Code    28  id_manager.o(i.im_peer_id_get_by_conn_handle)
    im_peer_id_get_by_master_id              0x00022b05   Thumb Code    60  id_manager.o(i.im_peer_id_get_by_master_id)
    im_whitelist_get                         0x00022b41   Thumb Code    46  id_manager.o(i.im_whitelist_get)
    im_whitelist_set                         0x00022b79   Thumb Code   108  id_manager.o(i.im_whitelist_set)
    in_pin_handler                           0x00022bed   Thumb Code    12  main.o(i.in_pin_handler)
    intern_softdevice_events_execute         0x00022cb9   Thumb Code   114  softdevice_handler.o(i.intern_softdevice_events_execute)
    is_valid_irk                             0x00022df5   Thumb Code    20  id_manager.o(i.is_valid_irk)
    main                                     0x000233b1   Thumb Code   248  main.o(i.main)
    new_connection                           0x00023511   Thumb Code    80  id_manager.o(i.new_connection)
    next_id_get                              0x00023569   Thumb Code    48  peer_id.o(i.next_id_get)
    nrf_ble_gatt_init                        0x000235a9   Thumb Code    48  nrf_ble_gatt.o(i.nrf_ble_gatt_init)
    nrf_ble_gatt_on_ble_evt                  0x000235d9   Thumb Code   106  nrf_ble_gatt.o(i.nrf_ble_gatt_on_ble_evt)
    nrf_drv_clock_init                       0x000236f5   Thumb Code    64  nrf_drv_clock.o(i.nrf_drv_clock_init)
    nrf_drv_clock_on_sd_enable               0x0002373d   Thumb Code    44  nrf_drv_clock.o(i.nrf_drv_clock_on_sd_enable)
    nrf_drv_clock_on_soc_event               0x0002376d   Thumb Code    10  nrf_drv_clock.o(i.nrf_drv_clock_on_soc_event)
    nrf_drv_common_irq_enable                0x0002378d   Thumb Code    56  nrf_drv_common.o(i.nrf_drv_common_irq_enable)
    nrf_drv_gpiote_in_event_enable           0x000237cd   Thumb Code   156  nrf_drv_gpiote.o(i.nrf_drv_gpiote_in_event_enable)
    nrf_drv_gpiote_in_init                   0x00023871   Thumb Code   172  nrf_drv_gpiote.o(i.nrf_drv_gpiote_in_init)
    nrf_drv_gpiote_in_is_set                 0x00023929   Thumb Code    20  nrf_drv_gpiote.o(i.nrf_drv_gpiote_in_is_set)
    nrf_drv_gpiote_init                      0x0002393d   Thumb Code    84  nrf_drv_gpiote.o(i.nrf_drv_gpiote_init)
    nrf_drv_gpiote_is_init                   0x00023999   Thumb Code    14  nrf_drv_gpiote.o(i.nrf_drv_gpiote_is_init)
    nrf_drv_gpiote_out_init                  0x000239ad   Thumb Code   170  nrf_drv_gpiote.o(i.nrf_drv_gpiote_out_init)
    nrf_drv_gpiote_out_toggle                0x00023a65   Thumb Code    28  nrf_drv_gpiote.o(i.nrf_drv_gpiote_out_toggle)
    nrf_drv_uart_init                        0x00023a91   Thumb Code    98  nrf_drv_uart.o(i.nrf_drv_uart_init)
    nrf_drv_uart_tx                          0x00023af9   Thumb Code   262  nrf_drv_uart.o(i.nrf_drv_uart_tx)
    nrf_drv_uart_tx_in_progress              0x00023c05   Thumb Code    18  nrf_drv_uart.o(i.nrf_drv_uart_tx_in_progress)
    nrf_drv_uart_uninit                      0x00023c1d   Thumb Code    74  nrf_drv_uart.o(i.nrf_drv_uart_uninit)
    nrf_log_backend_hexdump_handler_get      0x00023dd9   Thumb Code     4  nrf_log_backend_serial.o(i.nrf_log_backend_hexdump_handler_get)
    nrf_log_backend_init                     0x00023de1   Thumb Code   100  nrf_log_backend_serial.o(i.nrf_log_backend_init)
    nrf_log_backend_std_handler_get          0x00024095   Thumb Code     4  nrf_log_backend_serial.o(i.nrf_log_backend_std_handler_get)
    nrf_log_blocking_backend_set             0x0002409d   Thumb Code     6  nrf_log_frontend.o(i.nrf_log_blocking_backend_set)
    nrf_log_frontend_dequeue                 0x000240a5   Thumb Code   298  nrf_log_frontend.o(i.nrf_log_frontend_dequeue)
    nrf_log_frontend_init                    0x000241d5   Thumb Code    16  nrf_log_frontend.o(i.nrf_log_frontend_init)
    nrf_log_frontend_std_0                   0x000241e9   Thumb Code    68  nrf_log_frontend.o(i.nrf_log_frontend_std_0)
    nrf_log_frontend_std_1                   0x00024235   Thumb Code    80  nrf_log_frontend.o(i.nrf_log_frontend_std_1)
    nrf_log_frontend_std_2                   0x0002428d   Thumb Code    96  nrf_log_frontend.o(i.nrf_log_frontend_std_2)
    nrf_log_frontend_std_3                   0x000242f5   Thumb Code   114  nrf_log_frontend.o(i.nrf_log_frontend_std_3)
    nrf_log_handlers_set                     0x00024371   Thumb Code    10  nrf_log_frontend.o(i.nrf_log_handlers_set)
    nrf_log_init                             0x00024381   Thumb Code    36  nrf_log_frontend.o(i.nrf_log_init)
    on_connected_evt                         0x00024829   Thumb Code    88  nrf_ble_gatt.o(i.on_connected_evt)
    on_data_length_changed_evt               0x000248b9   Thumb Code    10  nrf_ble_gatt.o(i.on_data_length_changed_evt)
    on_exchange_mtu_request_evt              0x00024a05   Thumb Code    82  nrf_ble_gatt.o(i.on_exchange_mtu_request_evt)
    on_exchange_mtu_rsp_evt                  0x00024a5d   Thumb Code    74  nrf_ble_gatt.o(i.on_exchange_mtu_rsp_evt)
    pdb_init                                 0x00024fd9   Thumb Code    66  peer_database.o(i.pdb_init)
    pdb_next_deleted_peer_id_get             0x00025029   Thumb Code     4  peer_database.o(i.pdb_next_deleted_peer_id_get)
    pdb_next_peer_id_get                     0x0002502d   Thumb Code     4  peer_database.o(i.pdb_next_peer_id_get)
    pdb_pds_evt_handler                      0x00025031   Thumb Code   294  peer_database.o(i.pdb_pds_evt_handler)
    pdb_peer_allocate                        0x00025161   Thumb Code     4  peer_database.o(i.pdb_peer_allocate)
    pdb_peer_data_ptr_get                    0x00025165   Thumb Code     6  peer_database.o(i.pdb_peer_data_ptr_get)
    pdb_peer_free                            0x0002516b   Thumb Code    68  peer_database.o(i.pdb_peer_free)
    pdb_raw_store                            0x000251af   Thumb Code     8  peer_database.o(i.pdb_raw_store)
    pdb_write_buf_get                        0x000251b9   Thumb Code   260  peer_database.o(i.pdb_write_buf_get)
    pdb_write_buf_release                    0x000252c1   Thumb Code    40  peer_database.o(i.pdb_write_buf_release)
    pdb_write_buf_store                      0x000252e9   Thumb Code   188  peer_database.o(i.pdb_write_buf_store)
    pdb_write_buf_store_prepare              0x000253ad   Thumb Code    98  peer_database.o(i.pdb_write_buf_store_prepare)
    pds_init                                 0x00025421   Thumb Code    98  peer_data_storage.o(i.pds_init)
    pds_next_deleted_peer_id_get             0x0002548d   Thumb Code     4  peer_data_storage.o(i.pds_next_deleted_peer_id_get)
    pds_next_peer_id_get                     0x00025491   Thumb Code     4  peer_data_storage.o(i.pds_next_peer_id_get)
    pds_peer_data_iterate                    0x00025495   Thumb Code    74  peer_data_storage.o(i.pds_peer_data_iterate)
    pds_peer_data_iterate_prepare            0x000254e5   Thumb Code    10  peer_data_storage.o(i.pds_peer_data_iterate_prepare)
    pds_peer_data_read                       0x000254f5   Thumb Code   104  peer_data_storage.o(i.pds_peer_data_read)
    pds_peer_data_store                      0x0002555d   Thumb Code   160  peer_data_storage.o(i.pds_peer_data_store)
    pds_peer_id_allocate                     0x000255fd   Thumb Code     8  peer_data_storage.o(i.pds_peer_id_allocate)
    pds_peer_id_free                         0x00025605   Thumb Code    22  peer_data_storage.o(i.pds_peer_id_free)
    pds_peer_id_is_allocated                 0x0002561b   Thumb Code     4  peer_data_storage.o(i.pds_peer_id_is_allocated)
    pds_space_reserve                        0x0002561f   Thumb Code    46  peer_data_storage.o(i.pds_space_reserve)
    pds_space_reserve_cancel                 0x0002564d   Thumb Code    16  peer_data_storage.o(i.pds_space_reserve_cancel)
    peer_id_allocate                         0x00025751   Thumb Code     6  peer_id.o(i.peer_id_allocate)
    peer_id_delete                           0x0002575d   Thumb Code    32  peer_id.o(i.peer_id_delete)
    peer_id_free                             0x00025781   Thumb Code    24  peer_id.o(i.peer_id_free)
    peer_id_get_next_deleted                 0x0002579d   Thumb Code     6  peer_id.o(i.peer_id_get_next_deleted)
    peer_id_get_next_used                    0x000257a9   Thumb Code    42  peer_id.o(i.peer_id_get_next_used)
    peer_id_init                             0x000257d9   Thumb Code    36  peer_id.o(i.peer_id_init)
    peer_id_is_allocated                     0x00025801   Thumb Code    16  peer_id.o(i.peer_id_is_allocated)
    peer_id_is_deleted                       0x00025815   Thumb Code    16  peer_id.o(i.peer_id_is_deleted)
    pm_buffer_block_acquire                  0x00025a29   Thumb Code    92  pm_buffer.o(i.pm_buffer_block_acquire)
    pm_buffer_init                           0x00025a85   Thumb Code    64  pm_buffer.o(i.pm_buffer_init)
    pm_buffer_ptr_get                        0x00025ac5   Thumb Code    40  pm_buffer.o(i.pm_buffer_ptr_get)
    pm_buffer_release                        0x00025aed   Thumb Code    46  pm_buffer.o(i.pm_buffer_release)
    pm_conn_sec_config_reply                 0x00025b1b   Thumb Code     4  peer_manager.o(i.pm_conn_sec_config_reply)
    pm_conn_secure                           0x00025b21   Thumb Code    14  peer_manager.o(i.pm_conn_secure)
    pm_device_identities_list_set            0x00025b35   Thumb Code    14  peer_manager.o(i.pm_device_identities_list_set)
    pm_gcm_evt_handler                       0x00025c01   Thumb Code   136  peer_manager.o(i.pm_gcm_evt_handler)
    pm_im_evt_handler                        0x00025c89   Thumb Code    74  peer_manager.o(i.pm_im_evt_handler)
    pm_init                                  0x00025cd9   Thumb Code    96  peer_manager.o(i.pm_init)
    pm_local_database_has_changed            0x00025d3d   Thumb Code    14  peer_manager.o(i.pm_local_database_has_changed)
    pm_mutex_init                            0x00025d51   Thumb Code    14  pm_mutex.o(i.pm_mutex_init)
    pm_mutex_lock                            0x00025d5f   Thumb Code    26  pm_mutex.o(i.pm_mutex_lock)
    pm_mutex_lock_first_available            0x00025d79   Thumb Code    54  pm_mutex.o(i.pm_mutex_lock_first_available)
    pm_mutex_lock_status_get                 0x00025daf   Thumb Code    24  pm_mutex.o(i.pm_mutex_lock_status_get)
    pm_mutex_unlock                          0x00025dc7   Thumb Code    58  pm_mutex.o(i.pm_mutex_unlock)
    pm_next_peer_id_get                      0x00025e01   Thumb Code    16  peer_manager.o(i.pm_next_peer_id_get)
    pm_on_ble_evt                            0x00025e15   Thumb Code    36  peer_manager.o(i.pm_on_ble_evt)
    pm_pdb_evt_handler                       0x00025e3d   Thumb Code   338  peer_manager.o(i.pm_pdb_evt_handler)
    pm_peer_delete                           0x00025f95   Thumb Code    14  peer_manager.o(i.pm_peer_delete)
    pm_peers_delete                          0x00025fa9   Thumb Code    50  peer_manager.o(i.pm_peers_delete)
    pm_register                              0x00025fe1   Thumb Code    34  peer_manager.o(i.pm_register)
    pm_sec_params_set                        0x0002600d   Thumb Code    14  peer_manager.o(i.pm_sec_params_set)
    pm_sm_evt_handler                        0x00026021   Thumb Code   346  peer_manager.o(i.pm_sm_evt_handler)
    pm_whitelist_get                         0x00026181   Thumb Code    38  peer_manager.o(i.pm_whitelist_get)
    pm_whitelist_set                         0x000261ad   Thumb Code    14  peer_manager.o(i.pm_whitelist_set)
    sdk_mapped_flags_bulk_update_by_key      0x0002679d   Thumb Code    68  sdk_mapped_flags.o(i.sdk_mapped_flags_bulk_update_by_key)
    sdk_mapped_flags_first_key_index_get     0x000267e1   Thumb Code    34  sdk_mapped_flags.o(i.sdk_mapped_flags_first_key_index_get)
    sdk_mapped_flags_get_by_key              0x00026813   Thumb Code    38  sdk_mapped_flags.o(i.sdk_mapped_flags_get_by_key)
    sdk_mapped_flags_key_list_get            0x00026839   Thumb Code    74  sdk_mapped_flags.o(i.sdk_mapped_flags_key_list_get)
    sdk_mapped_flags_n_flags_set             0x00026883   Thumb Code    30  sdk_mapped_flags.o(i.sdk_mapped_flags_n_flags_set)
    sdk_mapped_flags_update_by_key           0x000268a1   Thumb Code    14  sdk_mapped_flags.o(i.sdk_mapped_flags_update_by_key)
    sm_ble_evt_handler                       0x00026c01   Thumb Code    18  security_manager.o(i.sm_ble_evt_handler)
    sm_conn_sec_config_reply                 0x00026c19   Thumb Code    18  security_manager.o(i.sm_conn_sec_config_reply)
    sm_init                                  0x00026c31   Thumb Code    76  security_manager.o(i.sm_init)
    sm_link_secure                           0x00026c81   Thumb Code    10  security_manager.o(i.sm_link_secure)
    sm_pdb_evt_handler                       0x00026c8d   Thumb Code    52  security_manager.o(i.sm_pdb_evt_handler)
    sm_sec_params_set                        0x00026cc5   Thumb Code    38  security_manager.o(i.sm_sec_params_set)
    sm_smd_evt_handler                       0x00026cf1   Thumb Code   116  security_manager.o(i.sm_smd_evt_handler)
    smd_ble_evt_handler                      0x00026d69   Thumb Code   226  security_dispatcher.o(i.smd_ble_evt_handler)
    smd_init                                 0x00026e55   Thumb Code    56  security_dispatcher.o(i.smd_init)
    smd_link_secure                          0x00026e91   Thumb Code    48  security_dispatcher.o(i.smd_link_secure)
    smd_params_reply                         0x00026ec1   Thumb Code   262  security_dispatcher.o(i.smd_params_reply)
    smd_pdb_evt_handler                      0x00027055   Thumb Code    48  security_dispatcher.o(i.smd_pdb_evt_handler)
    softdevice_ble_evt_handler_set           0x00027089   Thumb Code    14  softdevice_handler.o(i.softdevice_ble_evt_handler_set)
    softdevice_enable                        0x0002709d   Thumb Code    60  softdevice_handler.o(i.softdevice_enable)
    softdevice_enable_get_default_config     0x0002713d   Thumb Code    38  softdevice_handler.o(i.softdevice_enable_get_default_config)
    softdevice_fault_handler                 0x00027163   Thumb Code     4  softdevice_handler.o(i.softdevice_fault_handler)
    softdevice_handler_init                  0x00027169   Thumb Code    92  softdevice_handler.o(i.softdevice_handler_init)
    softdevice_handler_is_enabled            0x000271cd   Thumb Code     6  softdevice_handler.o(i.softdevice_handler_is_enabled)
    softdevice_sys_evt_handler_set           0x000271d9   Thumb Code    14  softdevice_handler.o(i.softdevice_sys_evt_handler_set)
    write_to_c                               0x00027aed   Thumb Code    56  main.o(i.write_to_c)
    __ctype_table                            0x00027c78   Data         129  ctype_o.o(.constdata)
    Region$$Table$$Base                      0x0002803c   Number         0  anon$$obj.o(Region$$Table)
    Region$$Table$$Limit                     0x0002805c   Number         0  anon$$obj.o(Region$$Table)
    Image$$RW_IRAM1$$Base                    0x20002748   Number         0  anon$$obj.o ABSOLUTE
    close_door                               0x20002748   Data           1  main.o(.data)
    open_door                                0x2000275a   Data           1  main.o(.data)
    SystemCoreClock                          0x20002868   Data           4  system_nrf52.o(.data)
    fs_data$$Base                            0x2000286c   Number         0  fds.o(fs_data)
    fs_data$$Limit                           0x2000287c   Number         0  fds.o(fs_data)
    nrf_nvic_state                           0x20003584   Data          12  app_util_platform.o(.bss)
    __initial_sp                             0x20005c30   Data           0  arm_startup_nrf52.o(STACK)



==============================================================================

Memory Map of the image

  Image Entry point : 0x0001f401

  Load Region LR_IROM1 (Base: 0x0001f000, Size: 0x00009190, Max: 0x00061000, ABSOLUTE, COMPRESSED[0x0000908c])

    Execution Region ER_IROM1 (Base: 0x0001f000, Size: 0x0000905c, Max: 0x00061000, ABSOLUTE)

    Base Addr    Size         Type   Attr      Idx    E Section Name        Object

    0x0001f000   0x00000400   Data   RO         4990    RESET               arm_startup_nrf52.o
    0x0001f400   0x00000000   Code   RO         5031  * .ARM.Collect$$$$00000000  mc_w.l(entry.o)
    0x0001f400   0x00000004   Code   RO         5335    .ARM.Collect$$$$00000001  mc_w.l(entry2.o)
    0x0001f404   0x00000004   Code   RO         5338    .ARM.Collect$$$$00000004  mc_w.l(entry5.o)
    0x0001f408   0x00000000   Code   RO         5340    .ARM.Collect$$$$00000008  mc_w.l(entry7b.o)
    0x0001f408   0x00000000   Code   RO         5342    .ARM.Collect$$$$0000000A  mc_w.l(entry8b.o)
    0x0001f408   0x00000008   Code   RO         5343    .ARM.Collect$$$$0000000B  mc_w.l(entry9a.o)
    0x0001f410   0x00000000   Code   RO         5345    .ARM.Collect$$$$0000000D  mc_w.l(entry10a.o)
    0x0001f410   0x00000000   Code   RO         5347    .ARM.Collect$$$$0000000F  mc_w.l(entry11a.o)
    0x0001f410   0x00000004   Code   RO         5336    .ARM.Collect$$$$00002712  mc_w.l(entry2.o)
    0x0001f414   0x00000024   Code   RO         4991    .text               arm_startup_nrf52.o
    0x0001f438   0x00000008   Code   RO         5034    .text               mc_w.l(ctype_o.o)
    0x0001f440   0x00000024   Code   RO         5062    .text               mc_w.l(memcpya.o)
    0x0001f464   0x00000024   Code   RO         5064    .text               mc_w.l(memseta.o)
    0x0001f488   0x0000000e   Code   RO         5066    .text               mc_w.l(strlen.o)
    0x0001f496   0x0000001a   Code   RO         5068    .text               mc_w.l(memcmp.o)
    0x0001f4b0   0x00000062   Code   RO         5354    .text               mc_w.l(uldiv.o)
    0x0001f512   0x00000002   PAD
    0x0001f514   0x00000024   Code   RO         5367    .text               mc_w.l(init.o)
    0x0001f538   0x0000001e   Code   RO         5370    .text               mc_w.l(llshl.o)
    0x0001f556   0x00000020   Code   RO         5372    .text               mc_w.l(llushr.o)
    0x0001f576   0x0000003a   Code   RO         5387    .text               mc_w.l(__dczerorl.o)
    0x0001f5b0   0x00000174   Code   RO         3046    i.GPIOTE_IRQHandler  nrf_drv_gpiote.o
    0x0001f724   0x00000016   Code   RO         3654    i.NVIC_ClearPendingIRQ  app_timer.o
    0x0001f73a   0x00000016   Code   RO         4837    i.NVIC_DisableIRQ   softdevice_handler.o
    0x0001f750   0x00000016   Code   RO         3655    i.NVIC_EnableIRQ    app_timer.o
    0x0001f766   0x00000016   Code   RO         4838    i.NVIC_EnableIRQ    softdevice_handler.o
    0x0001f77c   0x00000016   Code   RO         3656    i.NVIC_SetPendingIRQ  app_timer.o
    0x0001f792   0x00000020   Code   RO         3657    i.NVIC_SetPriority  app_timer.o
    0x0001f7b2   0x00000002   PAD
    0x0001f7b4   0x00000058   Code   RO         2826    i.POWER_CLOCK_IRQHandler  nrf_drv_clock.o
    0x0001f80c   0x00000024   Code   RO         3658    i.RTC1_IRQHandler   app_timer.o
    0x0001f830   0x00000004   Code   RO         3659    i.SWI0_EGU0_IRQHandler  app_timer.o
    0x0001f834   0x00000024   Code   RO         4839    i.SWI2_EGU2_IRQHandler  softdevice_handler.o
    0x0001f858   0x0000029c   Code   RO         4999    i.SystemInit        system_nrf52.o
    0x0001faf4   0x0000001c   Code   RO         3289    i.UARTE0_UART0_IRQHandler  nrf_drv_uart.o
    0x0001fb10   0x00000030   Code   RO         5282    i.__0snprintf$8     mc_w.l(printf8.o)
    0x0001fb40   0x0000000e   Code   RO         5381    i.__scatterload_copy  mc_w.l(handlers.o)
    0x0001fb4e   0x00000002   Code   RO         5382    i.__scatterload_null  mc_w.l(handlers.o)
    0x0001fb50   0x0000000e   Code   RO         5383    i.__scatterload_zeroinit  mc_w.l(handlers.o)
    0x0001fb5e   0x00000002   PAD
    0x0001fb60   0x00000024   Code   RO         4840    i.__sd_nvic_app_accessible_irq  softdevice_handler.o
    0x0001fb84   0x00000410   Code   RO         5288    i._printf_core      mc_w.l(printf8.o)
    0x0001ff94   0x00000024   Code   RO         5289    i._printf_post_padding  mc_w.l(printf8.o)
    0x0001ffb8   0x0000002e   Code   RO         5290    i._printf_pre_padding  mc_w.l(printf8.o)
    0x0001ffe6   0x00000016   Code   RO         5291    i._snputc           mc_w.l(printf8.o)
    0x0001fffc   0x00000026   Code   RO         1356    i.addr_compare      id_manager.o
    0x00020022   0x0000002e   Code   RO            4    i.adv_report_parse  main.o
    0x00020050   0x00000036   Code   RO          607    i.advertising_buttons_configure  bsp_btn_ble.o
    0x00020086   0x00000052   Code   RO         1357    i.ah                id_manager.o
    0x000200d8   0x00000006   Code   RO          495    i.alert_timer_handler  bsp.o
    0x000200de   0x00000002   PAD
    0x000200e0   0x00000024   Code   RO         3522    i.app_button_enable  app_button.o
    0x00020104   0x00000070   Code   RO         3523    i.app_button_init   app_button.o
    0x00020174   0x00000050   Code   RO         3626    i.app_error_fault_handler  app_error_weak.o
    0x000201c4   0x00000016   Code   RO         3584    i.app_error_handler_bare  app_error.o
    0x000201da   0x00000002   PAD
    0x000201dc   0x00000024   Code   RO         3662    i.app_timer_create  app_timer.o
    0x00020200   0x00000070   Code   RO         3663    i.app_timer_init    app_timer.o
    0x00020270   0x00000088   Code   RO         3664    i.app_timer_start   app_timer.o
    0x000202f8   0x00000020   Code   RO         3665    i.app_timer_stop    app_timer.o
    0x00020318   0x00000048   Code   RO         3814    i.app_util_critical_region_enter  app_util_platform.o
    0x00020360   0x00000034   Code   RO         3815    i.app_util_critical_region_exit  app_util_platform.o
    0x00020394   0x000000b8   Code   RO         3290    i.apply_config      nrf_drv_uart.o
    0x0002044c   0x000000a0   Code   RO         2446    i.auth_status_success_process  security_dispatcher.o
    0x000204ec   0x000000bc   Code   RO            6    i.bas_c_evt_handler  main.o
    0x000205a8   0x00000058   Code   RO         2687    i.ble_bas_c_bl_notif_enable  ble_bas_c.o
    0x00020600   0x00000048   Code   RO         2688    i.ble_bas_c_bl_read  ble_bas_c.o
    0x00020648   0x00000014   Code   RO         2689    i.ble_bas_c_handles_assign  ble_bas_c.o
    0x0002065c   0x00000030   Code   RO         2690    i.ble_bas_c_init    ble_bas_c.o
    0x0002068c   0x0000009a   Code   RO         2691    i.ble_bas_c_on_ble_evt  ble_bas_c.o
    0x00020726   0x00000002   PAD
    0x00020728   0x0000007c   Code   RO         2692    i.ble_bas_on_db_disc_evt  ble_bas_c.o
    0x000207a4   0x00000010   Code   RO          858    i.ble_conn_state_conn_handles  ble_conn_state.o
    0x000207b4   0x00000010   Code   RO          859    i.ble_conn_state_encrypted  ble_conn_state.o
    0x000207c4   0x00000010   Code   RO          861    i.ble_conn_state_mitm_protected  ble_conn_state.o
    0x000207d4   0x00000010   Code   RO          862    i.ble_conn_state_n_centrals  ble_conn_state.o
    0x000207e4   0x0000010c   Code   RO          865    i.ble_conn_state_on_ble_evt  ble_conn_state.o
    0x000208f0   0x00000030   Code   RO          867    i.ble_conn_state_role  ble_conn_state.o
    0x00020920   0x0000002c   Code   RO          869    i.ble_conn_state_user_flag_acquire  ble_conn_state.o
    0x0002094c   0x00000018   Code   RO          870    i.ble_conn_state_user_flag_collection  ble_conn_state.o
    0x00020964   0x00000028   Code   RO          871    i.ble_conn_state_user_flag_get  ble_conn_state.o
    0x0002098c   0x0000002c   Code   RO          872    i.ble_conn_state_user_flag_set  ble_conn_state.o
    0x000209b8   0x00000040   Code   RO          994    i.ble_db_discovery_evt_register  ble_db_discovery.o
    0x000209f8   0x0000001c   Code   RO          995    i.ble_db_discovery_init  ble_db_discovery.o
    0x00020a14   0x0000004c   Code   RO          996    i.ble_db_discovery_on_ble_evt  ble_db_discovery.o
    0x00020a60   0x0000006c   Code   RO          997    i.ble_db_discovery_start  ble_db_discovery.o
    0x00020acc   0x0000004c   Code   RO            7    i.ble_evt_dispatch  main.o
    0x00020b18   0x00000014   Code   RO         2750    i.ble_hrs_c_handles_assign  ble_hrs_c.o
    0x00020b2c   0x00000010   Code   RO         2751    i.ble_hrs_c_hrm_notif_enable  ble_hrs_c.o
    0x00020b3c   0x00000030   Code   RO         2752    i.ble_hrs_c_init    ble_hrs_c.o
    0x00020b6c   0x0000003c   Code   RO         2753    i.ble_hrs_c_on_ble_evt  ble_hrs_c.o
    0x00020ba8   0x000000c0   Code   RO         2754    i.ble_hrs_on_db_disc_evt  ble_hrs_c.o
    0x00020c68   0x0000006c   Code   RO            8    i.ble_stack_init    main.o
    0x00020cd4   0x0000000c   Code   RO          386    i.bsp_board_button_idx_to_pin  boards.o
    0x00020ce0   0x00000020   Code   RO          387    i.bsp_board_button_state_get  boards.o
    0x00020d00   0x00000024   Code   RO          390    i.bsp_board_led_invert  boards.o
    0x00020d24   0x00000010   Code   RO          391    i.bsp_board_led_off  boards.o
    0x00020d34   0x00000010   Code   RO          392    i.bsp_board_led_on  boards.o
    0x00020d44   0x00000020   Code   RO          393    i.bsp_board_led_state_get  boards.o
    0x00020d64   0x0000002c   Code   RO          394    i.bsp_board_leds_init  boards.o
    0x00020d90   0x00000012   Code   RO          395    i.bsp_board_leds_off  boards.o
    0x00020da2   0x00000012   Code   RO          396    i.bsp_board_leds_on  boards.o
    0x00020db4   0x00000024   Code   RO          397    i.bsp_board_pin_to_button_idx  boards.o
    0x00020dd8   0x00000038   Code   RO          608    i.bsp_btn_ble_init  bsp_btn_ble.o
    0x00020e10   0x00000070   Code   RO          609    i.bsp_btn_ble_on_ble_evt  bsp_btn_ble.o
    0x00020e80   0x0000001e   Code   RO          610    i.bsp_btn_ble_sleep_mode_prepare  bsp_btn_ble.o
    0x00020e9e   0x00000002   PAD
    0x00020ea0   0x00000094   Code   RO          496    i.bsp_button_event_handler  bsp.o
    0x00020f34   0x00000004   Code   RO          497    i.bsp_button_is_pressed  bsp.o
    0x00020f38   0x00000090   Code   RO            9    i.bsp_event_handler  main.o
    0x00020fc8   0x00000044   Code   RO          500    i.bsp_event_to_button_action_assign  bsp.o
    0x0002100c   0x00000018   Code   RO          501    i.bsp_indication_set  bsp.o
    0x00021024   0x00000098   Code   RO          502    i.bsp_init          bsp.o
    0x000210bc   0x00000174   Code   RO          503    i.bsp_led_indication  bsp.o
    0x00021230   0x00000010   Code   RO          505    i.bsp_wakeup_button_enable  bsp.o
    0x00021240   0x00000012   Code   RO         4446    i.buf_len_update    nrf_log_backend_serial.o
    0x00021252   0x00000002   PAD
    0x00021254   0x00000068   Code   RO         4550    i.buf_prealloc      nrf_log_frontend.o
    0x000212bc   0x00000014   Code   RO         4551    i.buffer_is_empty   nrf_log_frontend.o
    0x000212d0   0x00000008   Code   RO          506    i.button_timer_handler  bsp.o
    0x000212d8   0x0000005c   Code   RO         2755    i.cccd_configure    ble_hrs_c.o
    0x00021334   0x0000001c   Code   RO         3047    i.channel_free      nrf_drv_gpiote.o
    0x00021350   0x00000048   Code   RO         3048    i.channel_port_alloc  nrf_drv_gpiote.o
    0x00021398   0x00000010   Code   RO         3049    i.channel_port_get  nrf_drv_gpiote.o
    0x000213a8   0x00000042   Code   RO          998    i.characteristics_discover  ble_db_discovery.o
    0x000213ea   0x00000002   PAD
    0x000213ec   0x00000020   Code   RO         4199    i.check_config      fstorage.o
    0x0002140c   0x00000018   Code   RO         3893    i.chunk_queue_next  fds.o
    0x00021424   0x00000038   Code   RO         1962    i.claim             peer_id.o
    0x0002145c   0x00000028   Code   RO         2827    i.clock_clk_started_notify  nrf_drv_clock.o
    0x00021484   0x000000ac   Code   RO         3667    i.compare_reg_update  app_timer.o
    0x00021530   0x00000020   Code   RO           10    i.db_disc_handler   main.o
    0x00021550   0x0000009c   Code   RO         3894    i.delete_execute    fds.o
    0x000215ec   0x0000008c   Code   RO          999    i.descriptors_discover  ble_db_discovery.o
    0x00021678   0x00000060   Code   RO         3525    i.detection_delay_timeout_handler  app_button.o
    0x000216d8   0x000000b4   Code   RO         1000    i.discovery_complete_evt_trigger  ble_db_discovery.o
    0x0002178c   0x00000034   Code   RO         1001    i.discovery_error_evt_trigger  ble_db_discovery.o
    0x000217c0   0x00000040   Code   RO         3668    i.elapsed_ticks_acquire  app_timer.o
    0x00021800   0x00000030   Code   RO         2447    i.encryption_failure  security_dispatcher.o
    0x00021830   0x0000006a   Code   RO         3895    i.event_prepare     fds.o
    0x0002189a   0x00000002   PAD
    0x0002189c   0x00000020   Code   RO         3896    i.event_send        fds.o
    0x000218bc   0x00000034   Code   RO         2561    i.events_send_from_err_code  security_manager.o
    0x000218f0   0x0000000c   Code   RO         1163    i.evt_send          gatt_cache_manager.o
    0x000218fc   0x0000001c   Code   RO         1358    i.evt_send          id_manager.o
    0x00021918   0x0000002c   Code   RO         2052    i.evt_send          peer_manager.o
    0x00021944   0x0000001c   Code   RO         2448    i.evt_send          security_dispatcher.o
    0x00021960   0x0000000c   Code   RO         2562    i.evt_send          security_manager.o
    0x0002196c   0x000000f8   Code   RO         1655    i.fds_evt_handler   peer_data_storage.o
    0x00021a64   0x0000004c   Code   RO         3898    i.fds_file_delete   fds.o
    0x00021ab0   0x00000044   Code   RO         3899    i.fds_gc            fds.o
    0x00021af4   0x0000008c   Code   RO         3900    i.fds_init          fds.o
    0x00021b80   0x0000003c   Code   RO         3901    i.fds_record_close  fds.o
    0x00021bbc   0x0000000e   Code   RO         3903    i.fds_record_find   fds.o
    0x00021bca   0x00000010   Code   RO         3904    i.fds_record_find_by_key  fds.o
    0x00021bda   0x00000010   Code   RO         3905    i.fds_record_find_in_file  fds.o
    0x00021bea   0x00000010   Code   RO         3906    i.fds_record_id_from_desc  fds.o
    0x00021bfa   0x00000002   PAD
    0x00021bfc   0x00000040   Code   RO         3908    i.fds_record_open   fds.o
    0x00021c3c   0x0000000e   Code   RO         3909    i.fds_record_update  fds.o
    0x00021c4a   0x00000008   Code   RO         3910    i.fds_record_write  fds.o
    0x00021c52   0x0000000c   Code   RO         3911    i.fds_record_write_reserved  fds.o
    0x00021c5e   0x00000002   PAD
    0x00021c60   0x00000024   Code   RO         3912    i.fds_register      fds.o
    0x00021c84   0x00000034   Code   RO         3913    i.fds_reserve       fds.o
    0x00021cb8   0x00000044   Code   RO         3914    i.fds_reserve_cancel  fds.o
    0x00021cfc   0x00000014   Code   RO         1656    i.file_id_within_pm_range  peer_data_storage.o
    0x00021d10   0x00000010   Code   RO         3916    i.flag_clear        fds.o
    0x00021d20   0x00000012   Code   RO         2449    i.flag_id_init      security_dispatcher.o
    0x00021d32   0x00000012   Code   RO         2563    i.flag_id_init      security_manager.o
    0x00021d44   0x00000010   Code   RO         3917    i.flag_set          fds.o
    0x00021d54   0x00000058   Code   RO         2564    i.flags_set_from_err_code  security_manager.o
    0x00021dac   0x00000074   Code   RO         4200    i.fs_erase          fstorage.o
    0x00021e20   0x00000006   Code   RO         3918    i.fs_event_handler  fds.o
    0x00021e26   0x00000002   PAD
    0x00021e28   0x000000b0   Code   RO         4202    i.fs_init           fstorage.o
    0x00021ed8   0x00000014   Code   RO         4205    i.fs_queued_op_count_get  fstorage.o
    0x00021eec   0x00000080   Code   RO         4206    i.fs_store          fstorage.o
    0x00021f6c   0x00000068   Code   RO         4207    i.fs_sys_event_handler  fstorage.o
    0x00021fd4   0x00000070   Code   RO           11    i.gatt_evt_handler  main.o
    0x00022044   0x00000020   Code   RO           12    i.gatt_init         main.o
    0x00022064   0x00000070   Code   RO         3919    i.gc_execute        fds.o
    0x000220d4   0x00000048   Code   RO         3920    i.gc_next_page      fds.o
    0x0002211c   0x0000004c   Code   RO         3921    i.gc_page_erase     fds.o
    0x00022168   0x00000034   Code   RO         3922    i.gc_record_copy    fds.o
    0x0002219c   0x00000024   Code   RO         3923    i.gc_record_find_next  fds.o
    0x000221c0   0x00000080   Code   RO         3924    i.gc_state_advance  fds.o
    0x00022240   0x000000ec   Code   RO         1164    i.gcm_ble_evt_handler  gatt_cache_manager.o
    0x0002232c   0x0000006c   Code   RO         1165    i.gcm_gscm_evt_handler  gatt_cache_manager.o
    0x00022398   0x00000030   Code   RO         1166    i.gcm_im_evt_handler  gatt_cache_manager.o
    0x000223c8   0x00000048   Code   RO         1167    i.gcm_init          gatt_cache_manager.o
    0x00022410   0x00000054   Code   RO         1168    i.gcm_local_database_has_changed  gatt_cache_manager.o
    0x00022464   0x0000000e   Code   RO         1171    i.gcm_smd_evt_handler  gatt_cache_manager.o
    0x00022472   0x00000002   PAD
    0x00022474   0x00000038   Code   RO         1359    i.get_connection_by_conn_handle  id_manager.o
    0x000224ac   0x00000030   Code   RO         1360    i.get_free_connection  id_manager.o
    0x000224dc   0x00000058   Code   RO         3526    i.gpiote_event_handler  app_button.o
    0x00022534   0x0000001c   Code   RO         1274    i.gscm_db_change_notification_done  gatts_cache_manager.o
    0x00022550   0x00000014   Code   RO         1275    i.gscm_init         gatts_cache_manager.o
    0x00022564   0x0000001c   Code   RO         1276    i.gscm_local_database_has_changed  gatts_cache_manager.o
    0x00022580   0x0000006a   Code   RO         1277    i.gscm_local_db_cache_apply  gatts_cache_manager.o
    0x000225ea   0x00000080   Code   RO         1279    i.gscm_local_db_cache_update  gatts_cache_manager.o
    0x0002266a   0x00000002   PAD
    0x0002266c   0x00000054   Code   RO         1280    i.gscm_pdb_evt_handler  gatts_cache_manager.o
    0x000226c0   0x0000001a   Code   RO         1281    i.gscm_service_changed_ind_needed  gatts_cache_manager.o
    0x000226da   0x00000002   PAD
    0x000226dc   0x0000002c   Code   RO         1282    i.gscm_service_changed_ind_send  gatts_cache_manager.o
    0x00022708   0x00000016   Code   RO         3925    i.header_is_valid   fds.o
    0x0002271e   0x00000002   PAD
    0x00022720   0x00000074   Code   RO           13    i.hrs_c_evt_handler  main.o
    0x00022794   0x00000046   Code   RO         1361    i.im_address_resolve  id_manager.o
    0x000227da   0x00000002   PAD
    0x000227dc   0x00000030   Code   RO         1362    i.im_ble_addr_get   id_manager.o
    0x0002280c   0x000000ae   Code   RO         1363    i.im_ble_evt_handler  id_manager.o
    0x000228ba   0x00000002   PAD
    0x000228bc   0x0000002c   Code   RO         1364    i.im_conn_handle_get  id_manager.o
    0x000228e8   0x000000a6   Code   RO         1365    i.im_device_identities_list_set  id_manager.o
    0x0002298e   0x00000002   PAD
    0x00022990   0x00000040   Code   RO         1368    i.im_init           id_manager.o
    0x000229d0   0x00000034   Code   RO         1369    i.im_is_duplicate_bonding_data  id_manager.o
    0x00022a04   0x00000018   Code   RO         1370    i.im_master_id_is_valid  id_manager.o
    0x00022a1c   0x0000002a   Code   RO         1371    i.im_master_ids_compare  id_manager.o
    0x00022a46   0x00000004   Code   RO         1372    i.im_new_peer_id    id_manager.o
    0x00022a4a   0x00000072   Code   RO         1373    i.im_pdb_evt_handler  id_manager.o
    0x00022abc   0x00000026   Code   RO         1374    i.im_peer_free      id_manager.o
    0x00022ae2   0x00000002   PAD
    0x00022ae4   0x00000020   Code   RO         1375    i.im_peer_id_get_by_conn_handle  id_manager.o
    0x00022b04   0x0000003c   Code   RO         1376    i.im_peer_id_get_by_master_id  id_manager.o
    0x00022b40   0x00000038   Code   RO         1379    i.im_whitelist_get  id_manager.o
    0x00022b78   0x00000074   Code   RO         1380    i.im_whitelist_set  id_manager.o
    0x00022bec   0x0000000c   Code   RO           14    i.in_pin_handler    main.o
    0x00022bf8   0x000000c0   Code   RO         3926    i.init_execute      fds.o
    0x00022cb8   0x00000078   Code   RO         4841    i.intern_softdevice_events_execute  softdevice_handler.o
    0x00022d30   0x00000078   Code   RO         3291    i.interrupts_enable  nrf_drv_uart.o
    0x00022da8   0x0000004c   Code   RO         1002    i.is_desc_discovery_reqd  ble_db_discovery.o
    0x00022df4   0x00000014   Code   RO         1381    i.is_valid_irk      id_manager.o
    0x00022e08   0x0000000c   Code   RO         3927    i.is_word_aligned   fds.o
    0x00022e14   0x00000014   Code   RO          507    i.leds_timer_handler  bsp.o
    0x00022e28   0x00000098   Code   RO         2565    i.link_secure       security_manager.o
    0x00022ec0   0x00000086   Code   RO         2450    i.link_secure_central  security_dispatcher.o
    0x00022f46   0x000000c8   Code   RO         2451    i.link_secure_central_existing_peer  security_dispatcher.o
    0x0002300e   0x0000006c   Code   RO         2452    i.link_secure_central_new_peer  security_dispatcher.o
    0x0002307a   0x00000002   PAD
    0x0002307c   0x00000058   Code   RO         2453    i.link_secure_failure  security_dispatcher.o
    0x000230d4   0x0000005c   Code   RO         2566    i.link_secure_pending_process  security_manager.o
    0x00023130   0x000000a8   Code   RO         3669    i.list_deletions_handler  app_timer.o
    0x000231d8   0x000000b8   Code   RO         3670    i.list_insertions_handler  app_timer.o
    0x00023290   0x00000074   Code   RO         1172    i.local_db_apply_in_evt  gatt_cache_manager.o
    0x00023304   0x00000078   Code   RO         1173    i.local_db_update_in_evt  gatt_cache_manager.o
    0x0002337c   0x00000032   Code   RO         2393    i.lock_by_mask      pm_mutex.o
    0x000233ae   0x00000002   PAD
    0x000233b0   0x00000160   Code   RO           15    i.main              main.o
    0x00023510   0x00000058   Code   RO         1382    i.new_connection    id_manager.o
    0x00023568   0x00000030   Code   RO         1963    i.next_id_get       peer_id.o
    0x00023598   0x00000010   Code   RO         3050    i.nrf_bitmask_bit_is_set  nrf_drv_gpiote.o
    0x000235a8   0x00000030   Code   RO         1552    i.nrf_ble_gatt_init  nrf_ble_gatt.o
    0x000235d8   0x00000070   Code   RO         1553    i.nrf_ble_gatt_on_ble_evt  nrf_ble_gatt.o
    0x00023648   0x0000000e   Code   RO         2831    i.nrf_clock_event_check  nrf_drv_clock.o
    0x00023656   0x00000010   Code   RO         2832    i.nrf_clock_event_clear  nrf_drv_clock.o
    0x00023666   0x00000002   PAD
    0x00023668   0x0000008c   Code   RO         3671    i.nrf_delay_us      app_timer.o
    0x000236f4   0x00000048   Code   RO         2839    i.nrf_drv_clock_init  nrf_drv_clock.o
    0x0002373c   0x00000030   Code   RO         2846    i.nrf_drv_clock_on_sd_enable  nrf_drv_clock.o
    0x0002376c   0x0000000a   Code   RO         2847    i.nrf_drv_clock_on_soc_event  nrf_drv_clock.o
    0x00023776   0x00000016   Code   RO         3292    i.nrf_drv_common_irq_disable  nrf_drv_uart.o
    0x0002378c   0x00000038   Code   RO         3000    i.nrf_drv_common_irq_enable  nrf_drv_common.o
    0x000237c4   0x00000006   Code   RO         3293    i.nrf_drv_get_IRQn  nrf_drv_uart.o
    0x000237ca   0x00000002   PAD
    0x000237cc   0x000000a4   Code   RO         3055    i.nrf_drv_gpiote_in_event_enable  nrf_drv_gpiote.o
    0x00023870   0x000000b8   Code   RO         3056    i.nrf_drv_gpiote_in_init  nrf_drv_gpiote.o
    0x00023928   0x00000014   Code   RO         3057    i.nrf_drv_gpiote_in_is_set  nrf_drv_gpiote.o
    0x0002393c   0x0000005c   Code   RO         3059    i.nrf_drv_gpiote_init  nrf_drv_gpiote.o
    0x00023998   0x00000014   Code   RO         3060    i.nrf_drv_gpiote_is_init  nrf_drv_gpiote.o
    0x000239ac   0x000000b8   Code   RO         3062    i.nrf_drv_gpiote_out_init  nrf_drv_gpiote.o
    0x00023a64   0x0000001c   Code   RO         3069    i.nrf_drv_gpiote_out_toggle  nrf_drv_gpiote.o
    0x00023a80   0x00000010   Code   RO         3294    i.nrf_drv_is_in_RAM  nrf_drv_uart.o
    0x00023a90   0x00000068   Code   RO         3296    i.nrf_drv_uart_init  nrf_drv_uart.o
    0x00023af8   0x0000010c   Code   RO         3303    i.nrf_drv_uart_tx   nrf_drv_uart.o
    0x00023c04   0x00000018   Code   RO         3305    i.nrf_drv_uart_tx_in_progress  nrf_drv_uart.o
    0x00023c1c   0x00000054   Code   RO         3306    i.nrf_drv_uart_uninit  nrf_drv_uart.o
    0x00023c70   0x00000024   Code   RO          399    i.nrf_gpio_cfg      boards.o
    0x00023c94   0x00000024   Code   RO         3074    i.nrf_gpio_cfg      nrf_drv_gpiote.o
    0x00023cb8   0x00000024   Code   RO         3307    i.nrf_gpio_cfg      nrf_drv_uart.o
    0x00023cdc   0x00000012   Code   RO         3308    i.nrf_gpio_cfg_default  nrf_drv_uart.o
    0x00023cee   0x00000012   Code   RO         3309    i.nrf_gpio_cfg_input  nrf_drv_uart.o
    0x00023d00   0x00000014   Code   RO         3310    i.nrf_gpio_cfg_output  nrf_drv_uart.o
    0x00023d14   0x00000022   Code   RO          508    i.nrf_gpio_cfg_sense_set  bsp.o
    0x00023d36   0x00000022   Code   RO         3076    i.nrf_gpio_cfg_sense_set  nrf_drv_gpiote.o
    0x00023d58   0x0000001c   Code   RO           16    i.nrf_gpio_pin_toggle  main.o
    0x00023d74   0x00000016   Code   RO          400    i.nrf_gpio_pin_write  boards.o
    0x00023d8a   0x00000002   PAD
    0x00023d8c   0x00000028   Code   RO         3077    i.nrf_gpio_ports_read  nrf_drv_gpiote.o
    0x00023db4   0x00000014   Code   RO         3078    i.nrf_gpiote_event_clear  nrf_drv_gpiote.o
    0x00023dc8   0x00000010   Code   RO         3079    i.nrf_gpiote_event_is_set  nrf_drv_gpiote.o
    0x00023dd8   0x00000008   Code   RO         4448    i.nrf_log_backend_hexdump_handler_get  nrf_log_backend_serial.o
    0x00023de0   0x00000070   Code   RO         4449    i.nrf_log_backend_init  nrf_log_backend_serial.o
    0x00023e50   0x0000012e   Code   RO         4450    i.nrf_log_backend_serial_hexdump_handler  nrf_log_backend_serial.o
    0x00023f7e   0x00000114   Code   RO         4451    i.nrf_log_backend_serial_std_handler  nrf_log_backend_serial.o
    0x00024092   0x00000002   PAD
    0x00024094   0x00000008   Code   RO         4452    i.nrf_log_backend_std_handler_get  nrf_log_backend_serial.o
    0x0002409c   0x00000006   Code   RO         4553    i.nrf_log_blocking_backend_set  nrf_log_frontend.o
    0x000240a2   0x00000002   PAD
    0x000240a4   0x00000130   Code   RO         4554    i.nrf_log_frontend_dequeue  nrf_log_frontend.o
    0x000241d4   0x00000014   Code   RO         4556    i.nrf_log_frontend_init  nrf_log_frontend.o
    0x000241e8   0x0000004c   Code   RO         4557    i.nrf_log_frontend_std_0  nrf_log_frontend.o
    0x00024234   0x00000058   Code   RO         4558    i.nrf_log_frontend_std_1  nrf_log_frontend.o
    0x0002428c   0x00000068   Code   RO         4559    i.nrf_log_frontend_std_2  nrf_log_frontend.o
    0x000242f4   0x0000007c   Code   RO         4560    i.nrf_log_frontend_std_3  nrf_log_frontend.o
    0x00024370   0x00000010   Code   RO         4565    i.nrf_log_handlers_set  nrf_log_frontend.o
    0x00024380   0x00000024   Code   RO         4566    i.nrf_log_init      nrf_log_frontend.o
    0x000243a4   0x0000000a   Code   RO         3311    i.nrf_uart_event_check  nrf_drv_uart.o
    0x000243ae   0x0000000c   Code   RO         3312    i.nrf_uart_event_clear  nrf_drv_uart.o
    0x000243ba   0x0000000c   Code   RO         3313    i.nrf_uart_int_enable_check  nrf_drv_uart.o
    0x000243c6   0x0000000a   Code   RO         3314    i.nrf_uarte_event_check  nrf_drv_uart.o
    0x000243d0   0x0000000c   Code   RO         3315    i.nrf_uarte_event_clear  nrf_drv_uart.o
    0x000243dc   0x00000328   Code   RO           17    i.on_ble_evt        main.o
    0x00024704   0x00000124   Code   RO         1003    i.on_characteristic_discovery_rsp  ble_db_discovery.o
    0x00024828   0x00000090   Code   RO         1554    i.on_connected_evt  nrf_ble_gatt.o
    0x000248b8   0x0000004c   Code   RO         1555    i.on_data_length_changed_evt  nrf_ble_gatt.o
    0x00024904   0x00000100   Code   RO         1004    i.on_descriptor_discovery_rsp  ble_db_discovery.o
    0x00024a04   0x00000058   Code   RO         1556    i.on_exchange_mtu_request_evt  nrf_ble_gatt.o
    0x00024a5c   0x00000050   Code   RO         1557    i.on_exchange_mtu_rsp_evt  nrf_ble_gatt.o
    0x00024aac   0x00000072   Code   RO         2756    i.on_hvx            ble_hrs_c.o
    0x00024b1e   0x00000002   PAD
    0x00024b20   0x00000054   Code   RO         4208    i.on_operation_success  fstorage.o
    0x00024b74   0x000000dc   Code   RO         1005    i.on_primary_srv_discovery_rsp  ble_db_discovery.o
    0x00024c50   0x00000094   Code   RO         1006    i.on_srv_disc_completion  ble_db_discovery.o
    0x00024ce4   0x00000080   Code   RO         3928    i.op_enqueue        fds.o
    0x00024d64   0x00000012   Code   RO         3929    i.page_offsets_update  fds.o
    0x00024d76   0x00000002   PAD
    0x00024d78   0x00000064   Code   RO         3930    i.page_scan         fds.o
    0x00024ddc   0x0000001c   Code   RO         3931    i.page_tag_write_data  fds.o
    0x00024df8   0x00000024   Code   RO         3932    i.page_tag_write_swap  fds.o
    0x00024e1c   0x000000f8   Code   RO         3933    i.pages_init        fds.o
    0x00024f14   0x0000006c   Code   RO         2454    i.pairing_failure   security_dispatcher.o
    0x00024f80   0x0000003c   Code   RO         2567    i.params_reply_pending_process  security_manager.o
    0x00024fbc   0x0000001c   Code   RO         1799    i.pdb_evt_send      peer_database.o
    0x00024fd8   0x00000050   Code   RO         1800    i.pdb_init          peer_database.o
    0x00025028   0x00000004   Code   RO         1802    i.pdb_next_deleted_peer_id_get  peer_database.o
    0x0002502c   0x00000004   Code   RO         1803    i.pdb_next_peer_id_get  peer_database.o
    0x00025030   0x00000130   Code   RO         1804    i.pdb_pds_evt_handler  peer_database.o
    0x00025160   0x00000004   Code   RO         1805    i.pdb_peer_allocate  peer_database.o
    0x00025164   0x00000006   Code   RO         1807    i.pdb_peer_data_ptr_get  peer_database.o
    0x0002516a   0x00000044   Code   RO         1808    i.pdb_peer_free     peer_database.o
    0x000251ae   0x00000008   Code   RO         1809    i.pdb_raw_store     peer_database.o
    0x000251b6   0x00000002   PAD
    0x000251b8   0x00000108   Code   RO         1810    i.pdb_write_buf_get  peer_database.o
    0x000252c0   0x00000028   Code   RO         1811    i.pdb_write_buf_release  peer_database.o
    0x000252e8   0x000000c4   Code   RO         1812    i.pdb_write_buf_store  peer_database.o
    0x000253ac   0x00000068   Code   RO         1813    i.pdb_write_buf_store_prepare  peer_database.o
    0x00025414   0x0000000c   Code   RO         1657    i.pds_evt_send      peer_data_storage.o
    0x00025420   0x0000006c   Code   RO         1658    i.pds_init          peer_data_storage.o
    0x0002548c   0x00000004   Code   RO         1659    i.pds_next_deleted_peer_id_get  peer_data_storage.o
    0x00025490   0x00000004   Code   RO         1660    i.pds_next_peer_id_get  peer_data_storage.o
    0x00025494   0x00000050   Code   RO         1663    i.pds_peer_data_iterate  peer_data_storage.o
    0x000254e4   0x00000010   Code   RO         1664    i.pds_peer_data_iterate_prepare  peer_data_storage.o
    0x000254f4   0x00000068   Code   RO         1665    i.pds_peer_data_read  peer_data_storage.o
    0x0002555c   0x000000a0   Code   RO         1666    i.pds_peer_data_store  peer_data_storage.o
    0x000255fc   0x00000008   Code   RO         1667    i.pds_peer_id_allocate  peer_data_storage.o
    0x00025604   0x00000016   Code   RO         1668    i.pds_peer_id_free  peer_data_storage.o
    0x0002561a   0x00000004   Code   RO         1669    i.pds_peer_id_is_allocated  peer_data_storage.o
    0x0002561e   0x0000002e   Code   RO         1670    i.pds_space_reserve  peer_data_storage.o
    0x0002564c   0x00000010   Code   RO         1671    i.pds_space_reserve_cancel  peer_data_storage.o
    0x0002565c   0x00000006   Code   RO         1814    i.peer_data_const_point_to_buffer  peer_database.o
    0x00025662   0x00000002   PAD
    0x00025664   0x00000080   Code   RO         1672    i.peer_data_delete  peer_data_storage.o
    0x000256e4   0x00000030   Code   RO         1673    i.peer_data_find    peer_data_storage.o
    0x00025714   0x00000020   Code   RO         1674    i.peer_data_id_is_valid  peer_data_storage.o
    0x00025734   0x0000001a   Code   RO         1815    i.peer_data_point_to_buffer  peer_database.o
    0x0002574e   0x00000002   PAD
    0x00025750   0x0000000c   Code   RO         1964    i.peer_id_allocate  peer_id.o
    0x0002575c   0x00000024   Code   RO         1965    i.peer_id_delete    peer_id.o
    0x00025780   0x0000001c   Code   RO         1966    i.peer_id_free      peer_id.o
    0x0002579c   0x0000000c   Code   RO         1967    i.peer_id_get_next_deleted  peer_id.o
    0x000257a8   0x00000030   Code   RO         1968    i.peer_id_get_next_used  peer_id.o
    0x000257d8   0x00000028   Code   RO         1969    i.peer_id_init      peer_id.o
    0x00025800   0x00000014   Code   RO         1970    i.peer_id_is_allocated  peer_id.o
    0x00025814   0x00000014   Code   RO         1971    i.peer_id_is_deleted  peer_id.o
    0x00025828   0x0000001c   Code   RO         1383    i.peer_id_set       id_manager.o
    0x00025844   0x0000007c   Code   RO           18    i.peer_manager_init  main.o
    0x000258c0   0x000000c0   Code   RO         1384    i.peers_id_keys_get  id_manager.o
    0x00025980   0x00000018   Code   RO         3080    i.pin_in_use_by_port  nrf_drv_gpiote.o
    0x00025998   0x00000018   Code   RO         3081    i.pin_in_use_by_te  nrf_drv_gpiote.o
    0x000259b0   0x00000078   Code   RO         3316    i.pins_to_default   nrf_drv_uart.o
    0x00025a28   0x0000005c   Code   RO         2319    i.pm_buffer_block_acquire  pm_buffer.o
    0x00025a84   0x00000040   Code   RO         2320    i.pm_buffer_init    pm_buffer.o
    0x00025ac4   0x00000028   Code   RO         2321    i.pm_buffer_ptr_get  pm_buffer.o
    0x00025aec   0x0000002e   Code   RO         2322    i.pm_buffer_release  pm_buffer.o
    0x00025b1a   0x00000004   Code   RO         2054    i.pm_conn_sec_config_reply  peer_manager.o
    0x00025b1e   0x00000002   PAD
    0x00025b20   0x00000014   Code   RO         2056    i.pm_conn_secure    peer_manager.o
    0x00025b34   0x00000014   Code   RO         2057    i.pm_device_identities_list_set  peer_manager.o
    0x00025b48   0x000000b8   Code   RO           19    i.pm_evt_handler    main.o
    0x00025c00   0x00000088   Code   RO         2058    i.pm_gcm_evt_handler  peer_manager.o
    0x00025c88   0x00000050   Code   RO         2061    i.pm_im_evt_handler  peer_manager.o
    0x00025cd8   0x00000064   Code   RO         2062    i.pm_init           peer_manager.o
    0x00025d3c   0x00000014   Code   RO         2064    i.pm_local_database_has_changed  peer_manager.o
    0x00025d50   0x0000000e   Code   RO         2394    i.pm_mutex_init     pm_mutex.o
    0x00025d5e   0x0000001a   Code   RO         2395    i.pm_mutex_lock     pm_mutex.o
    0x00025d78   0x00000036   Code   RO         2396    i.pm_mutex_lock_first_available  pm_mutex.o
    0x00025dae   0x00000018   Code   RO         2397    i.pm_mutex_lock_status_get  pm_mutex.o
    0x00025dc6   0x0000003a   Code   RO         2398    i.pm_mutex_unlock   pm_mutex.o
    0x00025e00   0x00000014   Code   RO         2065    i.pm_next_peer_id_get  peer_manager.o
    0x00025e14   0x00000028   Code   RO         2066    i.pm_on_ble_evt     peer_manager.o
    0x00025e3c   0x00000158   Code   RO         2067    i.pm_pdb_evt_handler  peer_manager.o
    0x00025f94   0x00000014   Code   RO         2078    i.pm_peer_delete    peer_manager.o
    0x00025fa8   0x00000038   Code   RO         2083    i.pm_peers_delete   peer_manager.o
    0x00025fe0   0x0000002c   Code   RO         2086    i.pm_register       peer_manager.o
    0x0002600c   0x00000014   Code   RO         2088    i.pm_sec_params_set  peer_manager.o
    0x00026020   0x00000160   Code   RO         2089    i.pm_sm_evt_handler  peer_manager.o
    0x00026180   0x0000002c   Code   RO         2090    i.pm_whitelist_get  peer_manager.o
    0x000261ac   0x00000014   Code   RO         2091    i.pm_whitelist_set  peer_manager.o
    0x000261c0   0x0000002c   Code   RO         4209    i.queue_advance     fstorage.o
    0x000261ec   0x00000038   Code   RO         4210    i.queue_get_next_free  fstorage.o
    0x00026224   0x000000bc   Code   RO         3934    i.queue_process     fds.o
    0x000262e0   0x00000070   Code   RO         4211    i.queue_process     fstorage.o
    0x00026350   0x00000020   Code   RO         3935    i.queue_start       fds.o
    0x00026370   0x0000001c   Code   RO         4212    i.queue_start       fstorage.o
    0x0002638c   0x00000010   Code   RO         4842    i.ram_end_address_get  softdevice_handler.o
    0x0002639c   0x00000088   Code   RO         3936    i.record_find       fds.o
    0x00026424   0x0000009c   Code   RO         3937    i.record_find_by_desc  fds.o
    0x000264c0   0x0000004c   Code   RO         3938    i.record_find_next  fds.o
    0x0002650c   0x00000024   Code   RO         3939    i.record_header_flag_dirty  fds.o
    0x00026530   0x00000014   Code   RO         1675    i.record_key_within_pm_range  peer_data_storage.o
    0x00026544   0x0000005c   Code   RO         3940    i.record_write_chunk  fds.o
    0x000265a0   0x00000038   Code   RO         1007    i.registered_handler_get  ble_db_discovery.o
    0x000265d8   0x00000010   Code   RO         1973    i.release           peer_id.o
    0x000265e8   0x0000003c   Code   RO         3672    i.rtc1_stop         app_timer.o
    0x00026624   0x00000032   Code   RO         3317    i.rx_byte           nrf_drv_uart.o
    0x00026656   0x00000018   Code   RO         3318    i.rx_done_event     nrf_drv_uart.o
    0x0002666e   0x00000002   PAD
    0x00026670   0x000000bc   Code   RO           20    i.scan_start        main.o
    0x0002672c   0x00000070   Code   RO         4844    i.sd_nvic_EnableIRQ  softdevice_handler.o
    0x0002679c   0x00000044   Code   RO         4384    i.sdk_mapped_flags_bulk_update_by_key  sdk_mapped_flags.o
    0x000267e0   0x00000022   Code   RO         4385    i.sdk_mapped_flags_first_key_index_get  sdk_mapped_flags.o
    0x00026802   0x00000010   Code   RO         4386    i.sdk_mapped_flags_get_by_index  sdk_mapped_flags.o
    0x00026812   0x00000026   Code   RO         4387    i.sdk_mapped_flags_get_by_key  sdk_mapped_flags.o
    0x00026838   0x0000004a   Code   RO         4388    i.sdk_mapped_flags_key_list_get  sdk_mapped_flags.o
    0x00026882   0x0000001e   Code   RO         4389    i.sdk_mapped_flags_n_flags_set  sdk_mapped_flags.o
    0x000268a0   0x0000000e   Code   RO         4390    i.sdk_mapped_flags_update_by_key  sdk_mapped_flags.o
    0x000268ae   0x000000b2   Code   RO         2455    i.sec_info_request_process  security_dispatcher.o
    0x00026960   0x00000076   Code   RO         2568    i.sec_params_verify  security_manager.o
    0x000269d6   0x00000002   PAD
    0x000269d8   0x00000054   Code   RO         2456    i.sec_proc_start    security_dispatcher.o
    0x00026a2c   0x00000020   Code   RO         2457    i.sec_start_send    security_dispatcher.o
    0x00026a4c   0x0000004c   Code   RO         4213    i.send_event        fstorage.o
    0x00026a98   0x0000000c   Code   RO         4453    i.serial_is_busy    nrf_log_backend_serial.o
    0x00026aa4   0x0000002c   Code   RO         4454    i.serial_tx         nrf_log_backend_serial.o
    0x00026ad0   0x00000058   Code   RO         1174    i.service_changed_pending_flags_check  gatt_cache_manager.o
    0x00026b28   0x00000044   Code   RO         1283    i.service_changed_pending_set  gatts_cache_manager.o
    0x00026b6c   0x00000094   Code   RO         1175    i.service_changed_send_in_evt  gatt_cache_manager.o
    0x00026c00   0x00000018   Code   RO         2569    i.sm_ble_evt_handler  security_manager.o
    0x00026c18   0x00000018   Code   RO         2570    i.sm_conn_sec_config_reply  security_manager.o
    0x00026c30   0x00000050   Code   RO         2571    i.sm_init           security_manager.o
    0x00026c80   0x0000000a   Code   RO         2573    i.sm_link_secure    security_manager.o
    0x00026c8a   0x00000002   PAD
    0x00026c8c   0x00000038   Code   RO         2574    i.sm_pdb_evt_handler  security_manager.o
    0x00026cc4   0x0000002c   Code   RO         2576    i.sm_sec_params_set  security_manager.o
    0x00026cf0   0x00000078   Code   RO         2577    i.sm_smd_evt_handler  security_manager.o
    0x00026d68   0x000000ec   Code   RO         2458    i.smd_ble_evt_handler  security_dispatcher.o
    0x00026e54   0x0000003c   Code   RO         2459    i.smd_init          security_dispatcher.o
    0x00026e90   0x00000030   Code   RO         2460    i.smd_link_secure   security_dispatcher.o
    0x00026ec0   0x0000010c   Code   RO         2461    i.smd_params_reply  security_dispatcher.o
    0x00026fcc   0x00000088   Code   RO         2578    i.smd_params_reply_perform  security_manager.o
    0x00027054   0x00000034   Code   RO         2462    i.smd_pdb_evt_handler  security_dispatcher.o
    0x00027088   0x00000014   Code   RO         4845    i.softdevice_ble_evt_handler_set  softdevice_handler.o
    0x0002709c   0x000000a0   Code   RO         4846    i.softdevice_enable  softdevice_handler.o
    0x0002713c   0x00000026   Code   RO         4847    i.softdevice_enable_get_default_config  softdevice_handler.o
    0x00027162   0x00000004   Code   RO         4848    i.softdevice_fault_handler  softdevice_handler.o
    0x00027166   0x00000002   PAD
    0x00027168   0x00000064   Code   RO         4849    i.softdevice_handler_init  softdevice_handler.o
    0x000271cc   0x0000000c   Code   RO         4850    i.softdevice_handler_is_enabled  softdevice_handler.o
    0x000271d8   0x00000014   Code   RO         4855    i.softdevice_sys_evt_handler_set  softdevice_handler.o
    0x000271ec   0x0000002c   Code   RO           21    i.sys_evt_dispatch  main.o
    0x00027218   0x0000008c   Code   RO         3673    i.timer_list_handler  app_timer.o
    0x000272a4   0x0000003c   Code   RO         3674    i.timer_list_insert  app_timer.o
    0x000272e0   0x00000048   Code   RO         3675    i.timer_stop_op_schedule  app_timer.o
    0x00027328   0x00000084   Code   RO         3676    i.timer_timeouts_check  app_timer.o
    0x000273ac   0x00000034   Code   RO         4455    i.timestamp_process  nrf_log_backend_serial.o
    0x000273e0   0x00000048   Code   RO         2693    i.tx_buffer_process  ble_bas_c.o
    0x00027428   0x00000094   Code   RO         2757    i.tx_buffer_process  ble_hrs_c.o
    0x000274bc   0x00000020   Code   RO         3320    i.tx_byte           nrf_drv_uart.o
    0x000274dc   0x0000001c   Code   RO         3321    i.tx_done_event     nrf_drv_uart.o
    0x000274f8   0x00000010   Code   RO         4456    i.uart_event_handler  nrf_log_backend_serial.o
    0x00027508   0x0000011e   Code   RO         3322    i.uart_irq_handler  nrf_drv_uart.o
    0x00027626   0x000000f0   Code   RO         3323    i.uarte_irq_handler  nrf_drv_uart.o
    0x00027716   0x00000002   PAD
    0x00027718   0x00000018   Code   RO          874    i.user_flag_is_acquired  ble_conn_state.o
    0x00027730   0x00000030   Code   RO         3677    i.user_op_alloc     app_timer.o
    0x00027760   0x00000058   Code   RO           22    i.whitelist_load    main.o
    0x000277b8   0x00000024   Code   RO         1816    i.write_buf_length_words_set  peer_database.o
    0x000277dc   0x00000024   Code   RO         1817    i.write_buffer_record_find  peer_database.o
    0x00027800   0x0000002c   Code   RO         1818    i.write_buffer_record_find_next  peer_database.o
    0x0002782c   0x0000001e   Code   RO         1819    i.write_buffer_record_invalidate  peer_database.o
    0x0002784a   0x00000002   PAD
    0x0002784c   0x0000002c   Code   RO         1820    i.write_buffer_record_release  peer_database.o
    0x00027878   0x00000124   Code   RO         3941    i.write_enqueue     fds.o
    0x0002799c   0x000000e8   Code   RO         3942    i.write_execute     fds.o
    0x00027a84   0x00000014   Code   RO         3943    i.write_space_free  fds.o
    0x00027a98   0x00000054   Code   RO         3944    i.write_space_reserve  fds.o
    0x00027aec   0x00000040   Code   RO           23    i.write_to_c        main.o
    0x00027b2c   0x00000034   Data   RO           26    .constdata          main.o
    0x00027b60   0x00000008   Data   RO          401    .constdata          boards.o
    0x00027b68   0x0000002c   Data   RO          513    .constdata          bsp.o
    0x00027b94   0x00000004   Data   RO         1284    .constdata          gatts_cache_manager.o
    0x00027b98   0x00000010   Data   RO         1285    .constdata          gatts_cache_manager.o
    0x00027ba8   0x00000004   Data   RO         1286    .constdata          gatts_cache_manager.o
    0x00027bac   0x00000008   Data   RO         1386    .constdata          id_manager.o
    0x00027bb4   0x00000004   Data   RO         1676    .constdata          peer_data_storage.o
    0x00027bb8   0x00000014   Data   RO         1822    .constdata          peer_database.o
    0x00027bcc   0x00000044   Data   RO         2464    .constdata          security_dispatcher.o
    0x00027c10   0x00000004   Data   RO         2579    .constdata          security_manager.o
    0x00027c14   0x00000004   Data   RO         3083    .constdata          nrf_drv_gpiote.o
    0x00027c18   0x00000008   Data   RO         3528    .constdata          app_button.o
    0x00027c20   0x00000014   Data   RO         3946    .constdata          fds.o
    0x00027c34   0x00000020   Data   RO         4459    .constdata          nrf_log_backend_serial.o
    0x00027c54   0x00000024   Data   RO         4569    .constdata          nrf_log_frontend.o
    0x00027c78   0x00000081   Data   RO         5035    .constdata          mc_w.l(ctype_o.o)
    0x00027cf9   0x00000003   PAD
    0x00027cfc   0x00000004   Data   RO         5036    .constdata          mc_w.l(ctype_o.o)
    0x00027d00   0x00000090   Data   RO           27    .conststring        main.o
    0x00027d90   0x000000c1   Data   RO         1009    .conststring        ble_db_discovery.o
    0x00027e51   0x00000003   PAD
    0x00027e54   0x000000e5   Data   RO         1558    .conststring        nrf_ble_gatt.o
    0x00027f39   0x00000003   PAD
    0x00027f3c   0x000000b0   Data   RO         2759    .conststring        ble_hrs_c.o
    0x00027fec   0x0000000b   Data   RO         4570    .conststring        nrf_log_frontend.o
    0x00027ff7   0x00000001   PAD
    0x00027ff8   0x00000042   Data   RO         4856    .conststring        softdevice_handler.o
    0x0002803a   0x00000002   PAD
    0x0002803c   0x00000020   Data   RO         5379    Region$$Table       anon$$obj.o


    Execution Region RW_IRAM1 (Base: 0x20002748, Size: 0x000034e8, Max: 0x0000d8b8, ABSOLUTE, COMPRESSED[0x00000030])

    Base Addr    Size         Type   Attr      Idx    E Section Name        Object

    0x20002748   0x00000012   Data   RW           28    .data               main.o
    0x2000275a   0x00000001   Data   RW           29    .data               main.o
    0x2000275b   0x00000001   PAD
    0x2000275c   0x00000014   Data   RW          514    .data               bsp.o
    0x20002770   0x00000008   Data   RW          611    .data               bsp_btn_ble.o
    0x20002778   0x00000010   Data   RW         1010    .data               ble_db_discovery.o
    0x20002788   0x0000000c   Data   RW         1176    .data               gatt_cache_manager.o
    0x20002794   0x0000000c   Data   RW         1287    .data               gatts_cache_manager.o
    0x200027a0   0x00000003   Data   RW         1387    .data               id_manager.o
    0x200027a3   0x00000001   PAD
    0x200027a4   0x0000000c   Data   RW         1677    .data               peer_data_storage.o
    0x200027b0   0x00000008   Data   RW         1823    .data               peer_database.o
    0x200027b8   0x00000010   Data   RW         2094    .data               peer_manager.o
    0x200027c8   0x00000004   Data   RW         2465    .data               security_dispatcher.o
    0x200027cc   0x00000015   Data   RW         2580    .data               security_manager.o
    0x200027e1   0x00000003   PAD
    0x200027e4   0x00000008   Data   RW         2695    .data               ble_bas_c.o
    0x200027ec   0x00000008   Data   RW         2760    .data               ble_hrs_c.o
    0x200027f4   0x00000014   Data   RW         3529    .data               app_button.o
    0x20002808   0x00000020   Data   RW         3678    .data               app_timer.o
    0x20002828   0x00000018   Data   RW         3947    .data               fds.o
    0x20002840   0x00000002   Data   RW         4215    .data               fstorage.o
    0x20002842   0x00000002   PAD
    0x20002844   0x0000000c   Data   RW         4460    .data               nrf_log_backend_serial.o
    0x20002850   0x00000004   Data   RW         4571    .data               nrf_log_frontend.o
    0x20002854   0x00000014   Data   RW         4857    .data               softdevice_handler.o
    0x20002868   0x00000004   Data   RW         5000    .data               system_nrf52.o
    0x2000286c   0x00000010   Data   RW         3948    fs_data             fds.o
    0x2000287c   0x000003b0   Zero   RW           24    .bss                main.o
    0x20002c2c   0x00000020   Zero   RW          509    .bss                bsp.o
    0x20002c4c   0x00000020   Zero   RW          510    .bss                bsp.o
    0x20002c6c   0x0000000c   Zero   RW          511    .bss                bsp.o
    0x20002c78   0x00000020   Zero   RW          512    .bss                bsp.o
    0x20002c98   0x00000034   Zero   RW          875    .bss                ble_conn_state.o
    0x20002ccc   0x000002a0   Zero   RW         1008    .bss                ble_db_discovery.o
    0x20002f6c   0x00000070   Zero   RW         1385    .bss                id_manager.o
    0x20002fdc   0x00000330   Zero   RW         1821    .bss                peer_database.o
    0x2000330c   0x00000040   Zero   RW         1974    .bss                peer_id.o
    0x2000334c   0x0000000c   Zero   RW         2092    .bss                peer_manager.o
    0x20003358   0x00000040   Zero   RW         2463    .bss                security_dispatcher.o
    0x20003398   0x000000a0   Zero   RW         2694    .bss                ble_bas_c.o
    0x20003438   0x000000a0   Zero   RW         2758    .bss                ble_hrs_c.o
    0x200034d8   0x00000014   Zero   RW         2849    .bss                nrf_drv_clock.o
    0x200034ec   0x00000058   Zero   RW         3082    .bss                nrf_drv_gpiote.o
    0x20003544   0x00000020   Zero   RW         3324    .bss                nrf_drv_uart.o
    0x20003564   0x00000020   Zero   RW         3527    .bss                app_button.o
    0x20003584   0x0000000c   Zero   RW         3818    .bss                app_util_platform.o
    0x20003590   0x0000011c   Zero   RW         3945    .bss                fds.o
    0x200036ac   0x00000068   Zero   RW         4214    .bss                fstorage.o
    0x20003714   0x00000100   Zero   RW         4457    .bss                nrf_log_backend_serial.o
    0x20003814   0x00000418   Zero   RW         4568    .bss                nrf_log_frontend.o
    0x20003c2c   0x00000004   PAD
    0x20003c30   0x00002000   Zero   RW         4988    STACK               arm_startup_nrf52.o


==============================================================================

Image component sizes


      Code (inc. data)   RO Data    RW Data    ZI Data      Debug   Object Name

       332         34          8         20         32       6962   app_button.o
        22          0          0          0          0       2325   app_error.o
        80         34          0          0          0      27413   app_error_weak.o
      1694        114          0         32          0      65467   app_timer.o
       124         14          0          0         12       9702   app_util_platform.o
        36          8       1024          0       8192        920   arm_startup_nrf52.o
       578         26          0          8        160       8616   ble_bas_c.o
       556         48          0          0         52      11237   ble_conn_state.o
      1762        176        193         16        672      18879   ble_db_discovery.o
       690        140        176          8        160      25217   ble_hrs_c.o
       318         42          8          0          0      13976   boards.o
       852         78         44         20        108      15391   bsp.o
       252         10          0          8          0      17053   bsp_btn_ble.o
      3620        332         20         40        284      49038   fds.o
       976         74          0          2        104      14447   fstorage.o
      1046         52          0         12          0      18760   gatt_cache_manager.o
       532         36         24         12          0      10067   gatts_cache_manager.o
      1684         74          8          3        112      26591   id_manager.o
      2746        778        196         19        944     136811   main.o
       548        140        229          0          0       6398   nrf_ble_gatt.o
       288         22          0          0         20      14208   nrf_drv_clock.o
        56          0          0          0          0      27595   nrf_drv_common.o
      1390         98          4          0         88      33962   nrf_drv_gpiote.o
      1784         60          0          0         32      68567   nrf_drv_uart.o
       848         56         32         12        256      17619   nrf_log_backend_serial.o
       898         66         47          4       1048      14034   nrf_log_frontend.o
      1080         42          4         12          0      18556   peer_data_storage.o
      1332         66         20          8        816      24775   peer_database.o
       336         38          0          0         64       9631   peer_id.o
      1384        130          0         16         12      18321   peer_manager.o
       242          0          0          0          0       7894   pm_buffer.o
       226          0          0          0          0       5653   pm_mutex.o
       274          0          0          0          0       8095   sdk_mapped_flags.o
      1850         66         68          4         64      21912   security_dispatcher.o
      1086         74          4         21          0      18677   security_manager.o
       718        146         66         20          0      45308   softdevice_handler.o
       668         58          0          4          0       2719   system_nrf52.o

    ----------------------------------------------------------------------
     32984       3132       2216        308      13236     842796   Object Totals
         0          0         32          0          0          0   (incl. Generated)
        76          0          9          7          4          0   (incl. Padding)

    ----------------------------------------------------------------------

      Code (inc. data)   RO Data    RW Data    ZI Data      Debug   Library Member Name

        58          0          0          0          0          0   __dczerorl.o
         8          4        133          0          0         68   ctype_o.o
         0          0          0          0          0          0   entry.o
         0          0          0          0          0          0   entry10a.o
         0          0          0          0          0          0   entry11a.o
         8          4          0          0          0          0   entry2.o
         4          0          0          0          0          0   entry5.o
         0          0          0          0          0          0   entry7b.o
         0          0          0          0          0          0   entry8b.o
         8          4          0          0          0          0   entry9a.o
        30          0          0          0          0          0   handlers.o
        36          8          0          0          0         68   init.o
        30          0          0          0          0         68   llshl.o
        32          0          0          0          0         68   llushr.o
        26          0          0          0          0         80   memcmp.o
        36          0          0          0          0         68   memcpya.o
        36          0          0          0          0        108   memseta.o
      1192         48          0          0          0        420   printf8.o
        14          0          0          0          0         68   strlen.o
        98          0          0          0          0         92   uldiv.o

    ----------------------------------------------------------------------
      1620         68        136          0          0       1108   Library Totals
         4          0          3          0          0          0   (incl. Padding)

    ----------------------------------------------------------------------

      Code (inc. data)   RO Data    RW Data    ZI Data      Debug   Library Name

      1616         68        133          0          0       1108   mc_w.l

    ----------------------------------------------------------------------
      1620         68        136          0          0       1108   Library Totals

    ----------------------------------------------------------------------

==============================================================================


      Code (inc. data)   RO Data    RW Data    ZI Data      Debug   

     34604       3200       2352        308      13236     801020   Grand Totals
     34604       3200       2352         48      13236     801020   ELF Image Totals (compressed)
     34604       3200       2352         48          0          0   ROM Totals

==============================================================================

    Total RO  Size (Code + RO Data)                36956 (  36.09kB)
    Total RW  Size (RW Data + ZI Data)             13544 (  13.23kB)
    Total ROM Size (Code + RO Data + RW Data)      37004 (  36.14kB)

==============================================================================

