Component: ARM Compiler 5.06 update 4 (build 422) Tool: armlink [4d35d2]

==============================================================================

Section Cross References

    main.o(i.assert_nrf_callback) refers to app_error.o(i.app_error_handler) for app_error_handler
    main.o(i.ble_evt_dispatch) refers to ble_conn_state.o(i.ble_conn_state_on_ble_evt) for ble_conn_state_on_ble_evt
    main.o(i.ble_evt_dispatch) refers to peer_manager.o(i.pm_on_ble_evt) for pm_on_ble_evt
    main.o(i.ble_evt_dispatch) refers to ble_conn_params.o(i.ble_conn_params_on_ble_evt) for ble_conn_params_on_ble_evt
    main.o(i.ble_evt_dispatch) refers to bsp_btn_ble.o(i.bsp_btn_ble_on_ble_evt) for bsp_btn_ble_on_ble_evt
    main.o(i.ble_evt_dispatch) refers to main.o(i.on_ble_evt) for on_ble_evt
    main.o(i.ble_evt_dispatch) refers to ble_advertising.o(i.ble_advertising_on_ble_evt) for ble_advertising_on_ble_evt
    main.o(i.ble_stack_init) refers to softdevice_handler.o(i.softdevice_handler_init) for softdevice_handler_init
    main.o(i.ble_stack_init) refers to app_error.o(i.app_error_handler_bare) for app_error_handler_bare
    main.o(i.ble_stack_init) refers to softdevice_handler.o(i.softdevice_enable_get_default_config) for softdevice_enable_get_default_config
    main.o(i.ble_stack_init) refers to softdevice_handler.o(i.softdevice_enable) for softdevice_enable
    main.o(i.ble_stack_init) refers to softdevice_handler.o(i.softdevice_ble_evt_handler_set) for softdevice_ble_evt_handler_set
    main.o(i.ble_stack_init) refers to softdevice_handler.o(i.softdevice_sys_evt_handler_set) for softdevice_sys_evt_handler_set
    main.o(i.ble_stack_init) refers to main.o(.constdata) for .constdata
    main.o(i.ble_stack_init) refers to main.o(.bss) for .bss
    main.o(i.ble_stack_init) refers to main.o(i.ble_evt_dispatch) for ble_evt_dispatch
    main.o(i.ble_stack_init) refers to main.o(i.sys_evt_dispatch) for sys_evt_dispatch
    main.o(i.bsp_event_handler) refers to main.o(i.sleep_mode_enter) for sleep_mode_enter
    main.o(i.bsp_event_handler) refers to app_error.o(i.app_error_handler_bare) for app_error_handler_bare
    main.o(i.bsp_event_handler) refers to ble_advertising.o(i.ble_advertising_restart_without_whitelist) for ble_advertising_restart_without_whitelist
    main.o(i.bsp_event_handler) refers to main.o(.data) for .data
    main.o(i.conn_params_error_handler) refers to app_error.o(i.app_error_handler_bare) for app_error_handler_bare
    main.o(i.main) refers to app_timer.o(i.app_timer_init) for app_timer_init
    main.o(i.main) refers to app_error.o(i.app_error_handler_bare) for app_error_handler_bare
    main.o(i.main) refers to bsp.o(i.bsp_init) for bsp_init
    main.o(i.main) refers to bsp_btn_ble.o(i.bsp_btn_ble_init) for bsp_btn_ble_init
    main.o(i.main) refers to main.o(i.ble_stack_init) for ble_stack_init
    main.o(i.main) refers to main.o(i.peer_manager_init) for peer_manager_init
    main.o(i.main) refers to memseta.o(.text) for __aeabi_memclr4
    main.o(i.main) refers to ble_advertising.o(i.ble_advertising_init) for ble_advertising_init
    main.o(i.main) refers to ble_conn_params.o(i.ble_conn_params_init) for ble_conn_params_init
    main.o(i.main) refers to ble_advertising.o(i.ble_advertising_start) for ble_advertising_start
    main.o(i.main) refers to main.o(.bss) for .bss
    main.o(i.main) refers to main.o(i.bsp_event_handler) for bsp_event_handler
    main.o(i.main) refers to main.o(.data) for .data
    main.o(i.main) refers to main.o(i.on_adv_evt) for on_adv_evt
    main.o(i.main) refers to main.o(i.on_conn_params_evt) for on_conn_params_evt
    main.o(i.main) refers to main.o(i.conn_params_error_handler) for conn_params_error_handler
    main.o(i.on_adv_evt) refers to bsp.o(i.bsp_indication_set) for bsp_indication_set
    main.o(i.on_adv_evt) refers to app_error.o(i.app_error_handler_bare) for app_error_handler_bare
    main.o(i.on_adv_evt) refers to main.o(i.sleep_mode_enter) for sleep_mode_enter
    main.o(i.on_ble_evt) refers to bsp.o(i.bsp_indication_set) for bsp_indication_set
    main.o(i.on_ble_evt) refers to app_error.o(i.app_error_handler_bare) for app_error_handler_bare
    main.o(i.on_ble_evt) refers to memcpya.o(.text) for __aeabi_memcpy
    main.o(i.on_ble_evt) refers to main.o(.data) for .data
    main.o(i.on_conn_params_evt) refers to app_error.o(i.app_error_handler_bare) for app_error_handler_bare
    main.o(i.on_conn_params_evt) refers to main.o(.data) for .data
    main.o(i.peer_manager_init) refers to peer_manager.o(i.pm_init) for pm_init
    main.o(i.peer_manager_init) refers to app_error.o(i.app_error_handler_bare) for app_error_handler_bare
    main.o(i.peer_manager_init) refers to peer_manager.o(i.pm_peers_delete) for pm_peers_delete
    main.o(i.peer_manager_init) refers to peer_manager.o(i.pm_sec_params_set) for pm_sec_params_set
[...]
    .data                                    0x20002198   Section        6  id_manager.o(.data)
    m_module_initialized                     0x20002198   Data           1  id_manager.o(.data)
    m_conn_state_user_flag_id                0x20002199   Data           1  id_manager.o(.data)
    m_wlisted_peer_cnt                       0x2000219a   Data           1  id_manager.o(.data)
    m_wlisted_peers                          0x2000219c   Data           2  id_manager.o(.data)
    .data                                    0x200021a0   Section       12  peer_data_storage.o(.data)
    m_module_initialized                     0x200021a0   Data           1  peer_data_storage.o(.data)
    m_peer_delete_queued                     0x200021a1   Data           1  peer_data_storage.o(.data)
    m_peer_delete_ongoing                    0x200021a2   Data           1  peer_data_storage.o(.data)
    m_fds_ftok                               0x200021a4   Data           8  peer_data_storage.o(.data)
    .data                                    0x200021ac   Section        8  peer_database.o(.data)
    mutex_memory                             0x200021ac   Data           1  peer_database.o(.data)
    m_module_initialized                     0x200021ad   Data           1  peer_database.o(.data)
    m_n_writes                               0x200021b0   Data           4  peer_database.o(.data)
    .data                                    0x200021b4   Section       16  peer_manager.o(.data)
    m_module_initialized                     0x200021b4   Data           1  peer_manager.o(.data)
    m_peer_rank_initialized                  0x200021b5   Data           1  peer_manager.o(.data)
    m_deleting_all                           0x200021b6   Data           1  peer_manager.o(.data)
    m_n_registrants                          0x200021b7   Data           1  peer_manager.o(.data)
    m_pairing_flag_id                        0x200021b8   Data           1  peer_manager.o(.data)
    m_bonding_flag_id                        0x200021b9   Data           1  peer_manager.o(.data)
    m_highest_ranked_peer                    0x200021ba   Data           2  peer_manager.o(.data)
    m_peer_rank_token                        0x200021bc   Data           4  peer_manager.o(.data)
    m_current_highest_peer_rank              0x200021c0   Data           4  peer_manager.o(.data)
    .data                                    0x200021c4   Section        4  security_dispatcher.o(.data)
    m_flag_sec_proc                          0x200021c4   Data           1  security_dispatcher.o(.data)
    m_flag_sec_proc_pairing                  0x200021c5   Data           1  security_dispatcher.o(.data)
    m_flag_sec_proc_new_peer                 0x200021c6   Data           1  security_dispatcher.o(.data)
    m_module_initialized                     0x200021c7   Data           1  security_dispatcher.o(.data)
    .data                                    0x200021c8   Section       21  security_manager.o(.data)
    m_flag_link_secure_pending_busy          0x200021c8   Data           1  security_manager.o(.data)
    m_flag_link_secure_pending_flash_full    0x200021c9   Data           1  security_manager.o(.data)
    m_flag_link_secure_force_repairing       0x200021ca   Data           1  security_manager.o(.data)
    m_flag_link_secure_null_params           0x200021cb   Data           1  security_manager.o(.data)
    m_flag_params_reply_pending_busy         0x200021cc   Data           1  security_manager.o(.data)
    m_flag_params_reply_pending_flash_full   0x200021cd   Data           1  security_manager.o(.data)
    m_flag_reject_pairing                    0x200021ce   Data           1  security_manager.o(.data)
    m_module_initialized                     0x200021cf   Data           1  security_manager.o(.data)
    m_sec_params_valid                       0x200021d0   Data           1  security_manager.o(.data)
    m_p_public_key                           0x200021d4   Data           4  security_manager.o(.data)
    m_sec_params                             0x200021d8   Data           5  security_manager.o(.data)
    .data                                    0x200021e0   Section       20  app_button.o(.data)
    m_button_count                           0x200021e0   Data           1  app_button.o(.data)
    mp_buttons                               0x200021e4   Data           4  app_button.o(.data)
    m_detection_delay                        0x200021e8   Data           4  app_button.o(.data)
    m_pin_state                              0x200021ec   Data           4  app_button.o(.data)
    m_pin_transition                         0x200021f0   Data           4  app_button.o(.data)
    .data                                    0x200021f4   Section       32  app_timer.o(.data)
    m_ticks_elapsed_q_read_ind               0x200021f4   Data           1  app_timer.o(.data)
    m_ticks_elapsed_q_write_ind              0x200021f5   Data           1  app_timer.o(.data)
    m_rtc1_running                           0x200021f6   Data           1  app_timer.o(.data)
    m_rtc1_reset                             0x200021f7   Data           1  app_timer.o(.data)
    mp_timer_id_head                         0x200021f8   Data           4  app_timer.o(.data)
    m_ticks_latest                           0x200021fc   Data           4  app_timer.o(.data)
    m_evt_schedule_func                      0x20002200   Data           4  app_timer.o(.data)
    m_op_queue                               0x20002204   Data           8  app_timer.o(.data)
    m_ticks_elapsed                          0x2000220c   Data           8  app_timer.o(.data)
    .data                                    0x20002214   Section       24  fds.o(.data)
    m_flags                                  0x20002214   Data           1  fds.o(.data)
    m_users                                  0x20002215   Data           1  fds.o(.data)
    m_latest_rec_id                          0x20002218   Data           4  fds.o(.data)
    tok                                      0x2000221c   Data           8  fds.o(.data)
    m_swap_page                              0x20002224   Data           8  fds.o(.data)
    .data                                    0x2000222c   Section        2  fstorage.o(.data)
    m_flags                                  0x2000222c   Data           1  fstorage.o(.data)
    m_retry_count                            0x2000222d   Data           1  fstorage.o(.data)
    .data                                    0x20002230   Section       20  softdevice_handler.o(.data)
    m_softdevice_enabled                     0x20002230   Data           1  softdevice_handler.o(.data)
    m_suspended                              0x20002231   Data           1  softdevice_handler.o(.data)
    m_ble_evt_buffer_size                    0x20002232   Data           2  softdevice_handler.o(.data)
    m_evt_schedule_func                      0x20002234   Data           4  softdevice_handler.o(.data)
    mp_ble_evt_buffer                        0x20002238   Data           4  softdevice_handler.o(.data)
    m_ble_evt_handler                        0x2000223c   Data           4  softdevice_handler.o(.data)
    m_sys_evt_handler                        0x20002240   Data           4  softdevice_handler.o(.data)
    .data                                    0x20002244   Section        4  system_nrf52.o(.data)
    __tagsym$$used                           0x20002244   Number         0  system_nrf52.o(.data)
    fs_data                                  0x20002248   Section       16  fds.o(fs_data)
    __tagsym$$used                           0x20002248   Number         0  fds.o(fs_data)
    fs_config                                0x20002248   Data          16  fds.o(fs_data)
    .bss                                     0x20002258   Section      200  main.o(.bss)
    APP_TIMER_BUF                            0x20002258   Data         120  main.o(.bss)
    BLE_EVT_BUFFER                           0x200022d0   Data          80  main.o(.bss)
    .bss                                     0x20002320   Section       32  bsp.o(.bss)
    m_leds_timer_id_data                     0x20002320   Data          32  bsp.o(.bss)
    .bss                                     0x20002340   Section       32  bsp.o(.bss)
    m_alert_timer_id_data                    0x20002340   Data          32  bsp.o(.bss)
    .bss                                     0x20002360   Section       12  bsp.o(.bss)
    m_events_list                            0x20002360   Data          12  bsp.o(.bss)
    .bss                                     0x2000236c   Section       32  bsp.o(.bss)
    m_button_timer_id_data                   0x2000236c   Data          32  bsp.o(.bss)
    .bss                                     0x2000238c   Section      179  ble_advertising.o(.bss)
    m_adv_modes_config                       0x2000238c   Data          32  ble_advertising.o(.bss)
    m_advdata                                0x200023ac   Data          60  ble_advertising.o(.bss)
    m_manuf_specific_data                    0x200023e8   Data          12  ble_advertising.o(.bss)
    m_manuf_data_array                       0x200023f4   Data          31  ble_advertising.o(.bss)
    m_service_data                           0x20002414   Data          12  ble_advertising.o(.bss)
    m_service_data_array                     0x20002420   Data          31  ble_advertising.o(.bss)
    .bss                                     0x20002440   Section       32  ble_conn_params.o(.bss)
    m_conn_params_timer_id_data              0x20002440   Data          32  ble_conn_params.o(.bss)
    .bss                                     0x20002460   Section       28  ble_conn_params.o(.bss)
    m_conn_params_config                     0x20002460   Data          28  ble_conn_params.o(.bss)
    .bss                                     0x2000247c   Section       52  ble_conn_state.o(.bss)
    m_bcs                                    0x2000247c   Data          52  ble_conn_state.o(.bss)
    .bss                                     0x200024b0   Section       96  id_manager.o(.bss)
    m_connections                            0x200024b0   Data          96  id_manager.o(.bss)
    .bss                                     0x20002510   Section      816  peer_database.o(.bss)
    buffer_memory                            0x20002510   Data         640  peer_database.o(.bss)
    m_write_buffer                           0x20002790   Data          16  peer_database.o(.bss)
    m_write_buffer_records                   0x200027a0   Data         160  peer_database.o(.bss)
    .bss                                     0x20002840   Section       64  peer_id.o(.bss)
    m_pi                                     0x20002840   Data          64  peer_id.o(.bss)
    .bss                                     0x20002880   Section       12  peer_manager.o(.bss)
    m_evt_handlers                           0x20002880   Data          12  peer_manager.o(.bss)
    .bss                                     0x2000288c   Section       64  security_dispatcher.o(.bss)
    m_peer_pk                                0x2000288c   Data          64  security_dispatcher.o(.bss)
    .bss                                     0x200028cc   Section       20  nrf_drv_clock.o(.bss)
    m_clock_cb                               0x200028cc   Data          20  nrf_drv_clock.o(.bss)
    .bss                                     0x200028e0   Section       88  nrf_drv_gpiote.o(.bss)
    m_cb                                     0x200028e0   Data          88  nrf_drv_gpiote.o(.bss)
    .bss                                     0x20002938   Section       32  nrf_drv_uart.o(.bss)
    m_cb                                     0x20002938   Data          32  nrf_drv_uart.o(.bss)
    .bss                                     0x20002958   Section       32  app_button.o(.bss)
    m_detection_delay_timer_id_data          0x20002958   Data          32  app_button.o(.bss)
    .bss                                     0x20002978   Section       12  app_util_platform.o(.bss)
    .bss                                     0x20002984   Section      284  fds.o(.bss)
    desc                                     0x20002984   Data          12  fds.o(.bss)
    m_cb_table                               0x20002990   Data          32  fds.o(.bss)
    m_op_queue                               0x200029b0   Data         120  fds.o(.bss)
    m_chunk_queue                            0x20002a28   Data          72  fds.o(.bss)
    m_pages                                  0x20002a70   Data          32  fds.o(.bss)
    m_gc                                     0x20002a90   Data          16  fds.o(.bss)
    .bss                                     0x20002aa0   Section      104  fstorage.o(.bss)
    m_queue                                  0x20002aa0   Data         104  fstorage.o(.bss)
    STACK                                    0x20002b08   Section     8192  arm_startup_nrf52.o(STACK)

    Global Symbols

    Symbol Name                              Value     Ov Type        Size  Object(Section)

    BuildAttributes$$THM_ISAv4$E$P$D$K$B$S$7EM$VFPi3$EXTD16$VFPS$VFMA$PE$A:L22UL41UL21$X:L11$S22US41US21$IEEE1$IW$USESV6$~STKCKD$USESV7$~SHL$OSPACE$EBA8$MICROLIB$REQ8$PRES8$EABIv2 0x00000000   Number         0  anon$$obj.o ABSOLUTE
    __ARM_use_no_argv                        0x00000000   Number         0  main.o ABSOLUTE
    __cpp_initialize__aeabi_                  - Undefined Weak Reference
    __cxa_finalize                            - Undefined Weak Reference
    _clock_init                               - Undefined Weak Reference
    _microlib_exit                            - Undefined Weak Reference
    __Vectors_Size                           0x00000400   Number         0  arm_startup_nrf52.o ABSOLUTE
    __Vectors                                0x0001f000   Data           4  arm_startup_nrf52.o(RESET)
    __Vectors_End                            0x0001f400   Data           0  arm_startup_nrf52.o(RESET)
    __main                                   0x0001f401   Thumb Code     0  entry.o(.ARM.Collect$$$$00000000)
    _main_stk                                0x0001f401   Thumb Code     0  entry2.o(.ARM.Collect$$$$00000001)
    _main_scatterload                        0x0001f405   Thumb Code     0  entry5.o(.ARM.Collect$$$$00000004)
    __main_after_scatterload                 0x0001f409   Thumb Code     0  entry5.o(.ARM.Collect$$$$00000004)
    _main_clock                              0x0001f409   Thumb Code     0  entry7b.o(.ARM.Collect$$$$00000008)
    _main_cpp_init                           0x0001f409   Thumb Code     0  entry8b.o(.ARM.Collect$$$$0000000A)
    _main_init                               0x0001f409   Thumb Code     0  entry9a.o(.ARM.Collect$$$$0000000B)
    __rt_final_cpp                           0x0001f411   Thumb Code     0  entry10a.o(.ARM.Collect$$$$0000000D)
    __rt_final_exit                          0x0001f411   Thumb Code     0  entry11a.o(.ARM.Collect$$$$0000000F)
    Reset_Handler                            0x0001f415   Thumb Code     8  arm_startup_nrf52.o(.text)
    NMI_Handler                              0x0001f41d   Thumb Code     2  arm_startup_nrf52.o(.text)
    HardFault_Handler                        0x0001f41f   Thumb Code     2  arm_startup_nrf52.o(.text)
    MemoryManagement_Handler                 0x0001f421   Thumb Code     2  arm_startup_nrf52.o(.text)
    BusFault_Handler                         0x0001f423   Thumb Code     2  arm_startup_nrf52.o(.text)
    UsageFault_Handler                       0x0001f425   Thumb Code     2  arm_startup_nrf52.o(.text)
    SVC_Handler                              0x0001f427   Thumb Code     2  arm_startup_nrf52.o(.text)
    DebugMon_Handler                         0x0001f429   Thumb Code     2  arm_startup_nrf52.o(.text)
    PendSV_Handler                           0x0001f42b   Thumb Code     2  arm_startup_nrf52.o(.text)
    SysTick_Handler                          0x0001f42d   Thumb Code     2  arm_startup_nrf52.o(.text)
    CCM_AAR_IRQHandler                       0x0001f42f   Thumb Code     0  arm_startup_nrf52.o(.text)
    COMP_LPCOMP_IRQHandler                   0x0001f42f   Thumb Code     0  arm_startup_nrf52.o(.text)
    ECB_IRQHandler                           0x0001f42f   Thumb Code     0  arm_startup_nrf52.o(.text)
    FPU_IRQHandler                           0x0001f42f   Thumb Code     0  arm_startup_nrf52.o(.text)
    I2S_IRQHandler                           0x0001f42f   Thumb Code     0  arm_startup_nrf52.o(.text)
    MWU_IRQHandler                           0x0001f42f   Thumb Code     0  arm_startup_nrf52.o(.text)
    NFCT_IRQHandler                          0x0001f42f   Thumb Code     0  arm_startup_nrf52.o(.text)
    PDM_IRQHandler                           0x0001f42f   Thumb Code     0  arm_startup_nrf52.o(.text)
    PWM0_IRQHandler                          0x0001f42f   Thumb Code     0  arm_startup_nrf52.o(.text)
    PWM1_IRQHandler                          0x0001f42f   Thumb Code     0  arm_startup_nrf52.o(.text)
    PWM2_IRQHandler                          0x0001f42f   Thumb Code     0  arm_startup_nrf52.o(.text)
    QDEC_IRQHandler                          0x0001f42f   Thumb Code     0  arm_startup_nrf52.o(.text)
    RADIO_IRQHandler                         0x0001f42f   Thumb Code     0  arm_startup_nrf52.o(.text)
    RNG_IRQHandler                           0x0001f42f   Thumb Code     0  arm_startup_nrf52.o(.text)
    RTC0_IRQHandler                          0x0001f42f   Thumb Code     0  arm_startup_nrf52.o(.text)
    RTC2_IRQHandler                          0x0001f42f   Thumb Code     0  arm_startup_nrf52.o(.text)
    SAADC_IRQHandler                         0x0001f42f   Thumb Code     0  arm_startup_nrf52.o(.text)
    SPIM0_SPIS0_TWIM0_TWIS0_SPI0_TWI0_IRQHandler 0x0001f42f   Thumb Code     0  arm_startup_nrf52.o(.text)
    SPIM1_SPIS1_TWIM1_TWIS1_SPI1_TWI1_IRQHandler 0x0001f42f   Thumb Code     0  arm_startup_nrf52.o(.text)
    SPIM2_SPIS2_SPI2_IRQHandler              0x0001f42f   Thumb Code     0  arm_startup_nrf52.o(.text)
    SWI1_EGU1_IRQHandler                     0x0001f42f   Thumb Code     0  arm_startup_nrf52.o(.text)
    SWI3_EGU3_IRQHandler                     0x0001f42f   Thumb Code     0  arm_startup_nrf52.o(.text)
    SWI4_EGU4_IRQHandler                     0x0001f42f   Thumb Code     0  arm_startup_nrf52.o(.text)
    SWI5_EGU5_IRQHandler                     0x0001f42f   Thumb Code     0  arm_startup_nrf52.o(.text)
    TEMP_IRQHandler                          0x0001f42f   Thumb Code     0  arm_startup_nrf52.o(.text)
    TIMER0_IRQHandler                        0x0001f42f   Thumb Code     0  arm_startup_nrf52.o(.text)
    TIMER1_IRQHandler                        0x0001f42f   Thumb Code     0  arm_startup_nrf52.o(.text)
    TIMER2_IRQHandler                        0x0001f42f   Thumb Code     0  arm_startup_nrf52.o(.text)
    TIMER3_IRQHandler                        0x0001f42f   Thumb Code     0  arm_startup_nrf52.o(.text)
    TIMER4_IRQHandler                        0x0001f42f   Thumb Code     0  arm_startup_nrf52.o(.text)
    WDT_IRQHandler                           0x0001f42f   Thumb Code     0  arm_startup_nrf52.o(.text)
    __aeabi_memcpy                           0x0001f439   Thumb Code    36  memcpya.o(.text)
    __aeabi_memcpy4                          0x0001f439   Thumb Code     0  memcpya.o(.text)
    __aeabi_memcpy8                          0x0001f439   Thumb Code     0  memcpya.o(.text)
    __aeabi_memset                           0x0001f45d   Thumb Code    14  memseta.o(.text)
    __aeabi_memset4                          0x0001f45d   Thumb Code     0  memseta.o(.text)
    __aeabi_memset8                          0x0001f45d   Thumb Code     0  memseta.o(.text)
    __aeabi_memclr                           0x0001f46b   Thumb Code     4  memseta.o(.text)
    __aeabi_memclr4                          0x0001f46b   Thumb Code     0  memseta.o(.text)
    __aeabi_memclr8                          0x0001f46b   Thumb Code     0  memseta.o(.text)
    _memset$wrapper                          0x0001f46f   Thumb Code    18  memseta.o(.text)
    memcmp                                   0x0001f481   Thumb Code    26  memcmp.o(.text)
    __scatterload                            0x0001f49d   Thumb Code    28  init.o(.text)
    __scatterload_rt2                        0x0001f49d   Thumb Code     0  init.o(.text)
    __decompress                             0x0001f4c1   Thumb Code     0  __dczerorl.o(.text)
    __decompress0                            0x0001f4c1   Thumb Code    58  __dczerorl.o(.text)
    GPIOTE_IRQHandler                        0x0001f4fd   Thumb Code   362  nrf_drv_gpiote.o(i.GPIOTE_IRQHandler)
    POWER_CLOCK_IRQHandler                   0x0001f701   Thumb Code    84  nrf_drv_clock.o(i.POWER_CLOCK_IRQHandler)
    RTC1_IRQHandler                          0x0001f759   Thumb Code    32  app_timer.o(i.RTC1_IRQHandler)
    SWI0_EGU0_IRQHandler                     0x0001f77d   Thumb Code     4  app_timer.o(i.SWI0_EGU0_IRQHandler)
    SWI2_EGU2_IRQHandler                     0x0001f781   Thumb Code    32  softdevice_handler.o(i.SWI2_EGU2_IRQHandler)
    SystemInit                               0x0001f7a5   Thumb Code   610  system_nrf52.o(i.SystemInit)
    UARTE0_UART0_IRQHandler                  0x0001fa41   Thumb Code    20  nrf_drv_uart.o(i.UARTE0_UART0_IRQHandler)
    __scatterload_copy                       0x0001fa5d   Thumb Code    14  handlers.o(i.__scatterload_copy)
    __scatterload_null                       0x0001fa6b   Thumb Code     2  handlers.o(i.__scatterload_null)
    __scatterload_zeroinit                   0x0001fa6d   Thumb Code    14  handlers.o(i.__scatterload_zeroinit)
    addr_compare                             0x0001faa1   Thumb Code    38  id_manager.o(i.addr_compare)
    adv_data_encode                          0x0001fac7   Thumb Code   386  ble_advdata.o(i.adv_data_encode)
    ah                                       0x0001fcd7   Thumb Code    82  id_manager.o(i.ah)
    app_button_enable                        0x0001fd31   Thumb Code    32  app_button.o(i.app_button_enable)
    app_button_init                          0x0001fd55   Thumb Code    96  app_button.o(i.app_button_init)
    app_error_fault_handler                  0x0001fdc5   Thumb Code    26  app_error_weak.o(i.app_error_fault_handler)
    app_error_handler_bare                   0x0001fde9   Thumb Code    22  app_error.o(i.app_error_handler_bare)
    app_timer_create                         0x0001fe01   Thumb Code    32  app_timer.o(i.app_timer_create)
    app_timer_init                           0x0001fe25   Thumb Code   102  app_timer.o(i.app_timer_init)
    app_timer_start                          0x0001fe95   Thumb Code   128  app_timer.o(i.app_timer_start)
    app_timer_stop                           0x0001ff1d   Thumb Code    26  app_timer.o(i.app_timer_stop)
    app_util_critical_region_enter           0x0001ff3d   Thumb Code    64  app_util_platform.o(i.app_util_critical_region_enter)
    app_util_critical_region_exit            0x0001ff85   Thumb Code    46  app_util_platform.o(i.app_util_critical_region_exit)
    ble_advdata_set                          0x00020059   Thumb Code   104  ble_advdata.o(i.ble_advdata_set)
    ble_advertising_init                     0x000200c1   Thumb Code   278  ble_advertising.o(i.ble_advertising_init)
    ble_advertising_on_ble_evt               0x000201e1   Thumb Code    88  ble_advertising.o(i.ble_advertising_on_ble_evt)
    ble_advertising_on_sys_evt               0x0002023d   Thumb Code    46  ble_advertising.o(i.ble_advertising_on_sys_evt)
    ble_advertising_restart_without_whitelist 0x00020271   Thumb Code    50  ble_advertising.o(i.ble_advertising_restart_without_whitelist)
    ble_advertising_start                    0x000202ad   Thumb Code   250  ble_advertising.o(i.ble_advertising_start)
    ble_conn_params_init                     0x000203b1   Thumb Code    72  ble_conn_params.o(i.ble_conn_params_init)
    ble_conn_params_on_ble_evt               0x00020409   Thumb Code   120  ble_conn_params.o(i.ble_conn_params_on_ble_evt)
    ble_conn_state_conn_handles              0x0002048d   Thumb Code    10  ble_conn_state.o(i.ble_conn_state_conn_handles)
    ble_conn_state_encrypted                 0x0002049d   Thumb Code    12  ble_conn_state.o(i.ble_conn_state_encrypted)
    ble_conn_state_mitm_protected            0x000204ad   Thumb Code    12  ble_conn_state.o(i.ble_conn_state_mitm_protected)
    ble_conn_state_on_ble_evt                0x000204bd   Thumb Code   264  ble_conn_state.o(i.ble_conn_state_on_ble_evt)
    ble_conn_state_role                      0x000205c9   Thumb Code    42  ble_conn_state.o(i.ble_conn_state_role)
    ble_conn_state_user_flag_acquire         0x000205f9   Thumb Code    40  ble_conn_state.o(i.ble_conn_state_user_flag_acquire)
    ble_conn_state_user_flag_collection      0x00020625   Thumb Code    20  ble_conn_state.o(i.ble_conn_state_user_flag_collection)
    ble_conn_state_user_flag_get             0x0002063d   Thumb Code    36  ble_conn_state.o(i.ble_conn_state_user_flag_get)
    ble_conn_state_user_flag_set             0x00020665   Thumb Code    40  ble_conn_state.o(i.ble_conn_state_user_flag_set)
    ble_srv_is_notification_enabled          0x0002071b   Thumb Code     8  ble_srv_common.o(i.ble_srv_is_notification_enabled)
    bsp_board_button_idx_to_pin              0x00020791   Thumb Code     6  boards.o(i.bsp_board_button_idx_to_pin)
    bsp_board_button_state_get               0x0002079d   Thumb Code    28  boards.o(i.bsp_board_button_state_get)
    bsp_board_led_invert                     0x000207bd   Thumb Code    32  boards.o(i.bsp_board_led_invert)
    bsp_board_led_off                        0x000207e1   Thumb Code    10  boards.o(i.bsp_board_led_off)
    bsp_board_led_on                         0x000207f1   Thumb Code    10  boards.o(i.bsp_board_led_on)
    bsp_board_led_state_get                  0x00020801   Thumb Code    28  boards.o(i.bsp_board_led_state_get)
    bsp_board_leds_init                      0x00020821   Thumb Code    38  boards.o(i.bsp_board_leds_init)
    bsp_board_leds_off                       0x0002084d   Thumb Code    18  boards.o(i.bsp_board_leds_off)
    bsp_board_leds_on                        0x0002085f   Thumb Code    18  boards.o(i.bsp_board_leds_on)
    bsp_board_pin_to_button_idx              0x00020871   Thumb Code    30  boards.o(i.bsp_board_pin_to_button_idx)
    bsp_btn_ble_init                         0x00020895   Thumb Code    52  bsp_btn_ble.o(i.bsp_btn_ble_init)
    bsp_btn_ble_on_ble_evt                   0x000208cd   Thumb Code   106  bsp_btn_ble.o(i.bsp_btn_ble_on_ble_evt)
    bsp_btn_ble_sleep_mode_prepare           0x0002093d   Thumb Code    30  bsp_btn_ble.o(i.bsp_btn_ble_sleep_mode_prepare)
    bsp_button_is_pressed                    0x000209f1   Thumb Code     4  bsp.o(i.bsp_button_is_pressed)
    bsp_event_to_button_action_assign        0x00020a39   Thumb Code    64  bsp.o(i.bsp_event_to_button_action_assign)
    bsp_indication_set                       0x00020a7d   Thumb Code    20  bsp.o(i.bsp_indication_set)
    bsp_init                                 0x00020a95   Thumb Code   132  bsp.o(i.bsp_init)
    bsp_wakeup_button_enable                 0x00020ca1   Thumb Code    16  bsp.o(i.bsp_wakeup_button_enable)
    chunk_queue_next                         0x00020d4d   Thumb Code    20  fds.o(i.chunk_queue_next)
    fds_file_delete                          0x000212f9   Thumb Code    70  fds.o(i.fds_file_delete)
    fds_gc                                   0x00021345   Thumb Code    58  fds.o(i.fds_gc)
    fds_init                                 0x00021389   Thumb Code   136  fds.o(i.fds_init)
    fds_record_close                         0x00021415   Thumb Code    54  fds.o(i.fds_record_close)
    fds_record_find                          0x00021451   Thumb Code    14  fds.o(i.fds_record_find)
    fds_record_find_by_key                   0x0002145f   Thumb Code    16  fds.o(i.fds_record_find_by_key)
    fds_record_find_in_file                  0x0002146f   Thumb Code    16  fds.o(i.fds_record_find_in_file)
    fds_record_id_from_desc                  0x0002147f   Thumb Code    16  fds.o(i.fds_record_id_from_desc)
    fds_record_open                          0x00021491   Thumb Code    60  fds.o(i.fds_record_open)
    fds_record_update                        0x000214d1   Thumb Code    14  fds.o(i.fds_record_update)
    fds_record_write                         0x000214df   Thumb Code     8  fds.o(i.fds_record_write)
    fds_record_write_reserved                0x000214e7   Thumb Code    12  fds.o(i.fds_record_write_reserved)
    fds_register                             0x000214f5   Thumb Code    26  fds.o(i.fds_register)
    fds_reserve                              0x00021519   Thumb Code    46  fds.o(i.fds_reserve)
    fds_reserve_cancel                       0x0002154d   Thumb Code    60  fds.o(i.fds_reserve_cancel)
    fs_erase                                 0x00021641   Thumb Code   110  fstorage.o(i.fs_erase)
    fs_init                                  0x000216bd   Thumb Code   164  fstorage.o(i.fs_init)
    fs_queued_op_count_get                   0x0002176d   Thumb Code    16  fstorage.o(i.fs_queued_op_count_get)
    fs_store                                 0x00021781   Thumb Code   124  fstorage.o(i.fs_store)
    fs_sys_event_handler                     0x00021801   Thumb Code    96  fstorage.o(i.fs_sys_event_handler)
    gcm_ble_evt_handler                      0x00021a45   Thumb Code   232  gatt_cache_manager.o(i.gcm_ble_evt_handler)
    gcm_gscm_evt_handler                     0x00021b31   Thumb Code   102  gatt_cache_manager.o(i.gcm_gscm_evt_handler)
    gcm_im_evt_handler                       0x00021b9d   Thumb Code    44  gatt_cache_manager.o(i.gcm_im_evt_handler)
    gcm_init                                 0x00021bcd   Thumb Code    66  gatt_cache_manager.o(i.gcm_init)
    gcm_local_database_has_changed           0x00021c15   Thumb Code    78  gatt_cache_manager.o(i.gcm_local_database_has_changed)
    gcm_smd_evt_handler                      0x00021c69   Thumb Code    14  gatt_cache_manager.o(i.gcm_smd_evt_handler)
    get_connection_by_conn_handle            0x00021c79   Thumb Code    48  id_manager.o(i.get_connection_by_conn_handle)
    get_free_connection                      0x00021cb1   Thumb Code    40  id_manager.o(i.get_free_connection)
    gscm_db_change_notification_done         0x00021d39   Thumb Code    22  gatts_cache_manager.o(i.gscm_db_change_notification_done)
    gscm_init                                0x00021d55   Thumb Code    16  gatts_cache_manager.o(i.gscm_init)
    gscm_local_database_has_changed          0x00021d69   Thumb Code    22  gatts_cache_manager.o(i.gscm_local_database_has_changed)
    gscm_local_db_cache_apply                0x00021d85   Thumb Code   106  gatts_cache_manager.o(i.gscm_local_db_cache_apply)
    gscm_local_db_cache_update               0x00021def   Thumb Code   128  gatts_cache_manager.o(i.gscm_local_db_cache_update)
    gscm_pdb_evt_handler                     0x00021e71   Thumb Code    78  gatts_cache_manager.o(i.gscm_pdb_evt_handler)
    gscm_service_changed_ind_needed          0x00021ec5   Thumb Code    26  gatts_cache_manager.o(i.gscm_service_changed_ind_needed)
    gscm_service_changed_ind_send            0x00021ee1   Thumb Code    40  gatts_cache_manager.o(i.gscm_service_changed_ind_send)
    im_address_resolve                       0x00021f23   Thumb Code    70  id_manager.o(i.im_address_resolve)
    im_ble_addr_get                          0x00021f69   Thumb Code    42  id_manager.o(i.im_ble_addr_get)
    im_ble_evt_handler                       0x00021f99   Thumb Code   174  id_manager.o(i.im_ble_evt_handler)
    im_conn_handle_get                       0x00022049   Thumb Code    40  id_manager.o(i.im_conn_handle_get)
    im_init                                  0x00022075   Thumb Code    54  id_manager.o(i.im_init)
    im_is_duplicate_bonding_data             0x000220b5   Thumb Code    52  id_manager.o(i.im_is_duplicate_bonding_data)
    im_master_id_is_valid                    0x000220e9   Thumb Code    24  id_manager.o(i.im_master_id_is_valid)
    im_master_ids_compare                    0x00022101   Thumb Code    42  id_manager.o(i.im_master_ids_compare)
    im_new_peer_id                           0x0002212b   Thumb Code     4  id_manager.o(i.im_new_peer_id)
    im_pdb_evt_handler                       0x0002212f   Thumb Code   114  id_manager.o(i.im_pdb_evt_handler)
    im_peer_free                             0x000221a1   Thumb Code    38  id_manager.o(i.im_peer_free)
    im_peer_id_get_by_conn_handle            0x000221c9   Thumb Code    28  id_manager.o(i.im_peer_id_get_by_conn_handle)
    im_peer_id_get_by_master_id              0x000221e9   Thumb Code    60  id_manager.o(i.im_peer_id_get_by_master_id)
    intern_softdevice_events_execute         0x000222e5   Thumb Code   114  softdevice_handler.o(i.intern_softdevice_events_execute)
    is_valid_irk                             0x00022379   Thumb Code    20  id_manager.o(i.is_valid_irk)
    main                                     0x00022935   Thumb Code   306  main.o(i.main)
    new_connection                           0x00022b91   Thumb Code    80  id_manager.o(i.new_connection)
    next_id_get                              0x00022be9   Thumb Code    48  peer_id.o(i.next_id_get)
    nrf_drv_clock_init                       0x00022cd5   Thumb Code    64  nrf_drv_clock.o(i.nrf_drv_clock_init)
    nrf_drv_clock_on_sd_enable               0x00022d1d   Thumb Code    44  nrf_drv_clock.o(i.nrf_drv_clock_on_sd_enable)
    nrf_drv_clock_on_soc_event               0x00022d4d   Thumb Code    10  nrf_drv_clock.o(i.nrf_drv_clock_on_soc_event)
    nrf_drv_common_irq_enable                0x00022d57   Thumb Code    56  nrf_drv_common.o(i.nrf_drv_common_irq_enable)
    nrf_drv_gpiote_in_event_enable           0x00022d91   Thumb Code   156  nrf_drv_gpiote.o(i.nrf_drv_gpiote_in_event_enable)
    nrf_drv_gpiote_in_init                   0x00022e35   Thumb Code   172  nrf_drv_gpiote.o(i.nrf_drv_gpiote_in_init)
    nrf_drv_gpiote_in_is_set                 0x00022eed   Thumb Code    20  nrf_drv_gpiote.o(i.nrf_drv_gpiote_in_is_set)
    nrf_drv_gpiote_init                      0x00022f01   Thumb Code    84  nrf_drv_gpiote.o(i.nrf_drv_gpiote_init)
    nrf_drv_gpiote_is_init                   0x00022f5d   Thumb Code    14  nrf_drv_gpiote.o(i.nrf_drv_gpiote_is_init)
    pdb_init                                 0x000234dd   Thumb Code    66  peer_database.o(i.pdb_init)
    pdb_next_deleted_peer_id_get             0x0002352d   Thumb Code     4  peer_database.o(i.pdb_next_deleted_peer_id_get)
    pdb_next_peer_id_get                     0x00023531   Thumb Code     4  peer_database.o(i.pdb_next_peer_id_get)
    pdb_pds_evt_handler                      0x00023535   Thumb Code   294  peer_database.o(i.pdb_pds_evt_handler)
    pdb_peer_allocate                        0x00023665   Thumb Code     4  peer_database.o(i.pdb_peer_allocate)
    pdb_peer_data_ptr_get                    0x00023669   Thumb Code     6  peer_database.o(i.pdb_peer_data_ptr_get)
    pdb_peer_free                            0x0002366f   Thumb Code    68  peer_database.o(i.pdb_peer_free)
    pdb_raw_store                            0x000236b3   Thumb Code     8  peer_database.o(i.pdb_raw_store)
    pdb_write_buf_get                        0x000236bd   Thumb Code   260  peer_database.o(i.pdb_write_buf_get)
    pdb_write_buf_release                    0x000237c5   Thumb Code    40  peer_database.o(i.pdb_write_buf_release)
    pdb_write_buf_store                      0x000237ed   Thumb Code   188  peer_database.o(i.pdb_write_buf_store)
    pdb_write_buf_store_prepare              0x000238b1   Thumb Code    98  peer_database.o(i.pdb_write_buf_store_prepare)
    pds_init                                 0x00023925   Thumb Code    98  peer_data_storage.o(i.pds_init)
    pds_next_deleted_peer_id_get             0x00023991   Thumb Code     4  peer_data_storage.o(i.pds_next_deleted_peer_id_get)
    pds_next_peer_id_get                     0x00023995   Thumb Code     4  peer_data_storage.o(i.pds_next_peer_id_get)
    pds_peer_data_iterate                    0x00023999   Thumb Code    74  peer_data_storage.o(i.pds_peer_data_iterate)
    pds_peer_data_iterate_prepare            0x000239e9   Thumb Code    10  peer_data_storage.o(i.pds_peer_data_iterate_prepare)
    pds_peer_data_read                       0x000239f9   Thumb Code   104  peer_data_storage.o(i.pds_peer_data_read)
    pds_peer_data_store                      0x00023a61   Thumb Code   160  peer_data_storage.o(i.pds_peer_data_store)
    pds_peer_id_allocate                     0x00023b01   Thumb Code     8  peer_data_storage.o(i.pds_peer_id_allocate)
    pds_peer_id_free                         0x00023b09   Thumb Code    22  peer_data_storage.o(i.pds_peer_id_free)
    pds_peer_id_is_allocated                 0x00023b1f   Thumb Code     4  peer_data_storage.o(i.pds_peer_id_is_allocated)
    pds_space_reserve                        0x00023b23   Thumb Code    46  peer_data_storage.o(i.pds_space_reserve)
    pds_space_reserve_cancel                 0x00023b51   Thumb Code    16  peer_data_storage.o(i.pds_space_reserve_cancel)
    peer_id_allocate                         0x00023c55   Thumb Code     6  peer_id.o(i.peer_id_allocate)
    peer_id_delete                           0x00023c61   Thumb Code    32  peer_id.o(i.peer_id_delete)
    peer_id_free                             0x00023c85   Thumb Code    24  peer_id.o(i.peer_id_free)
    peer_id_get_next_deleted                 0x00023ca1   Thumb Code     6  peer_id.o(i.peer_id_get_next_deleted)
    peer_id_get_next_used                    0x00023cad   Thumb Code    42  peer_id.o(i.peer_id_get_next_used)
    peer_id_init                             0x00023cdd   Thumb Code    36  peer_id.o(i.peer_id_init)
    peer_id_is_allocated                     0x00023d05   Thumb Code    16  peer_id.o(i.peer_id_is_allocated)
    peer_id_is_deleted                       0x00023d19   Thumb Code    16  peer_id.o(i.peer_id_is_deleted)
    pm_buffer_block_acquire                  0x00023df5   Thumb Code    92  pm_buffer.o(i.pm_buffer_block_acquire)
    pm_buffer_init                           0x00023e51   Thumb Code    64  pm_buffer.o(i.pm_buffer_init)
    pm_buffer_ptr_get                        0x00023e91   Thumb Code    40  pm_buffer.o(i.pm_buffer_ptr_get)
    pm_buffer_release                        0x00023eb9   Thumb Code    46  pm_buffer.o(i.pm_buffer_release)
    pm_conn_sec_config_reply                 0x00023ee7   Thumb Code     4  peer_manager.o(i.pm_conn_sec_config_reply)
    pm_gcm_evt_handler                       0x00023f45   Thumb Code   136  peer_manager.o(i.pm_gcm_evt_handler)
    pm_im_evt_handler                        0x00023fcd   Thumb Code    74  peer_manager.o(i.pm_im_evt_handler)
    pm_init                                  0x0002401d   Thumb Code    96  peer_manager.o(i.pm_init)
    pm_local_database_has_changed            0x00024081   Thumb Code    14  peer_manager.o(i.pm_local_database_has_changed)
    pm_mutex_init                            0x00024095   Thumb Code    14  pm_mutex.o(i.pm_mutex_init)
    pm_mutex_lock                            0x000240a3   Thumb Code    26  pm_mutex.o(i.pm_mutex_lock)
    pm_mutex_lock_first_available            0x000240bd   Thumb Code    54  pm_mutex.o(i.pm_mutex_lock_first_available)
    pm_mutex_lock_status_get                 0x000240f3   Thumb Code    24  pm_mutex.o(i.pm_mutex_lock_status_get)
    pm_mutex_unlock                          0x0002410b   Thumb Code    58  pm_mutex.o(i.pm_mutex_unlock)
    pm_on_ble_evt                            0x00024145   Thumb Code    36  peer_manager.o(i.pm_on_ble_evt)
    pm_pdb_evt_handler                       0x0002416d   Thumb Code   338  peer_manager.o(i.pm_pdb_evt_handler)
    pm_peer_delete                           0x000242c5   Thumb Code    14  peer_manager.o(i.pm_peer_delete)
    pm_peers_delete                          0x000242d9   Thumb Code    50  peer_manager.o(i.pm_peers_delete)
    pm_register                              0x00024311   Thumb Code    34  peer_manager.o(i.pm_register)
    pm_sec_params_set                        0x0002433d   Thumb Code    14  peer_manager.o(i.pm_sec_params_set)
    pm_sm_evt_handler                        0x00024351   Thumb Code   346  peer_manager.o(i.pm_sm_evt_handler)
    sdk_mapped_flags_bulk_update_by_key      0x00024989   Thumb Code    68  sdk_mapped_flags.o(i.sdk_mapped_flags_bulk_update_by_key)
    sdk_mapped_flags_first_key_index_get     0x000249cd   Thumb Code    34  sdk_mapped_flags.o(i.sdk_mapped_flags_first_key_index_get)
    sdk_mapped_flags_get_by_key              0x000249ff   Thumb Code    38  sdk_mapped_flags.o(i.sdk_mapped_flags_get_by_key)
    sdk_mapped_flags_key_list_get            0x00024a25   Thumb Code    74  sdk_mapped_flags.o(i.sdk_mapped_flags_key_list_get)
    sdk_mapped_flags_update_by_key           0x00024a6f   Thumb Code    14  sdk_mapped_flags.o(i.sdk_mapped_flags_update_by_key)
    sm_ble_evt_handler                       0x00024ed1   Thumb Code    18  security_manager.o(i.sm_ble_evt_handler)
    sm_conn_sec_config_reply                 0x00024ee9   Thumb Code    18  security_manager.o(i.sm_conn_sec_config_reply)
    sm_init                                  0x00024f01   Thumb Code    76  security_manager.o(i.sm_init)
    sm_pdb_evt_handler                       0x00024f51   Thumb Code    52  security_manager.o(i.sm_pdb_evt_handler)
    sm_sec_params_set                        0x00024f89   Thumb Code    38  security_manager.o(i.sm_sec_params_set)
    sm_smd_evt_handler                       0x00024fb5   Thumb Code   116  security_manager.o(i.sm_smd_evt_handler)
    smd_ble_evt_handler                      0x0002502d   Thumb Code   226  security_dispatcher.o(i.smd_ble_evt_handler)
    smd_init                                 0x00025119   Thumb Code    56  security_dispatcher.o(i.smd_init)
    smd_link_secure                          0x00025155   Thumb Code    48  security_dispatcher.o(i.smd_link_secure)
    smd_params_reply                         0x00025185   Thumb Code   262  security_dispatcher.o(i.smd_params_reply)
    smd_pdb_evt_handler                      0x00025319   Thumb Code    48  security_dispatcher.o(i.smd_pdb_evt_handler)
    softdevice_ble_evt_handler_set           0x0002534d   Thumb Code    14  softdevice_handler.o(i.softdevice_ble_evt_handler_set)
    softdevice_enable                        0x00025361   Thumb Code    14  softdevice_handler.o(i.softdevice_enable)
    softdevice_enable_get_default_config     0x00025375   Thumb Code    38  softdevice_handler.o(i.softdevice_enable_get_default_config)
    softdevice_fault_handler                 0x0002539b   Thumb Code     4  softdevice_handler.o(i.softdevice_fault_handler)
    softdevice_handler_init                  0x000253a1   Thumb Code    92  softdevice_handler.o(i.softdevice_handler_init)
    softdevice_handler_is_enabled            0x00025405   Thumb Code     6  softdevice_handler.o(i.softdevice_handler_is_enabled)
    softdevice_sys_evt_handler_set           0x00025411   Thumb Code    14  softdevice_handler.o(i.softdevice_sys_evt_handler_set)
    Region$$Table$$Base                      0x00025da8   Number         0  anon$$obj.o(Region$$Table)
    Region$$Table$$Limit                     0x00025dc8   Number         0  anon$$obj.o(Region$$Table)
    Image$$RW_IRAM1$$Base                    0x20002128   Number         0  anon$$obj.o ABSOLUTE
    SystemCoreClock                          0x20002244   Data           4  system_nrf52.o(.data)
    fs_data$$Base                            0x20002248   Number         0  fds.o(fs_data)
    fs_data$$Limit                           0x20002258   Number         0  fds.o(fs_data)
    nrf_nvic_state                           0x20002978   Data          12  app_util_platform.o(.bss)
    __initial_sp                             0x20004b08   Data           0  arm_startup_nrf52.o(STACK)



==============================================================================

Memory Map of the image

  Image Entry point : 0x0001f401

  Load Region LR_IROM1 (Base: 0x0001f000, Size: 0x00006ef8, Max: 0x00061000, ABSOLUTE, COMPRESSED[0x00006df0])

    Execution Region ER_IROM1 (Base: 0x0001f000, Size: 0x00006dc8, Max: 0x00061000, ABSOLUTE)

    Base Addr    Size         Type   Attr      Idx    E Section Name        Object

    0x0001f000   0x00000400   Data   RO         4446    RESET               arm_startup_nrf52.o
    0x0001f400   0x00000000   Code   RO         4487  * .ARM.Collect$$$$00000000  mc_w.l(entry.o)
    0x0001f400   0x00000004   Code   RO         4502    .ARM.Collect$$$$00000001  mc_w.l(entry2.o)
    0x0001f404   0x00000004   Code   RO         4505    .ARM.Collect$$$$00000004  mc_w.l(entry5.o)
    0x0001f408   0x00000000   Code   RO         4507    .ARM.Collect$$$$00000008  mc_w.l(entry7b.o)
    0x0001f408   0x00000000   Code   RO         4509    .ARM.Collect$$$$0000000A  mc_w.l(entry8b.o)
    0x0001f408   0x00000008   Code   RO         4510    .ARM.Collect$$$$0000000B  mc_w.l(entry9a.o)
    0x0001f410   0x00000000   Code   RO         4512    .ARM.Collect$$$$0000000D  mc_w.l(entry10a.o)
    0x0001f410   0x00000000   Code   RO         4514    .ARM.Collect$$$$0000000F  mc_w.l(entry11a.o)
    0x0001f410   0x00000004   Code   RO         4503    .ARM.Collect$$$$00002712  mc_w.l(entry2.o)
    0x0001f414   0x00000024   Code   RO         4447    .text               arm_startup_nrf52.o
    0x0001f438   0x00000024   Code   RO         4490    .text               mc_w.l(memcpya.o)
    0x0001f45c   0x00000024   Code   RO         4492    .text               mc_w.l(memseta.o)
    0x0001f480   0x0000001a   Code   RO         4496    .text               mc_w.l(memcmp.o)
    0x0001f49a   0x00000002   PAD
    0x0001f49c   0x00000024   Code   RO         4516    .text               mc_w.l(init.o)
    0x0001f4c0   0x0000003a   Code   RO         4526    .text               mc_w.l(__dczerorl.o)
    0x0001f4fa   0x00000002   PAD
    0x0001f4fc   0x00000174   Code   RO         2703    i.GPIOTE_IRQHandler  nrf_drv_gpiote.o
    0x0001f670   0x00000016   Code   RO         3311    i.NVIC_ClearPendingIRQ  app_timer.o
    0x0001f686   0x00000016   Code   RO         4299    i.NVIC_DisableIRQ   softdevice_handler.o
    0x0001f69c   0x00000016   Code   RO         3312    i.NVIC_EnableIRQ    app_timer.o
    0x0001f6b2   0x00000016   Code   RO         4300    i.NVIC_EnableIRQ    softdevice_handler.o
    0x0001f6c8   0x00000016   Code   RO         3313    i.NVIC_SetPendingIRQ  app_timer.o
    0x0001f6de   0x00000020   Code   RO         3314    i.NVIC_SetPriority  app_timer.o
    0x0001f6fe   0x00000002   PAD
    0x0001f700   0x00000058   Code   RO         2486    i.POWER_CLOCK_IRQHandler  nrf_drv_clock.o
    0x0001f758   0x00000024   Code   RO         3315    i.RTC1_IRQHandler   app_timer.o
    0x0001f77c   0x00000004   Code   RO         3316    i.SWI0_EGU0_IRQHandler  app_timer.o
    0x0001f780   0x00000024   Code   RO         4301    i.SWI2_EGU2_IRQHandler  softdevice_handler.o
    0x0001f7a4   0x0000029c   Code   RO         4455    i.SystemInit        system_nrf52.o
    0x0001fa40   0x0000001c   Code   RO         2946    i.UARTE0_UART0_IRQHandler  nrf_drv_uart.o
    0x0001fa5c   0x0000000e   Code   RO         4520    i.__scatterload_copy  mc_w.l(handlers.o)
    0x0001fa6a   0x00000002   Code   RO         4521    i.__scatterload_null  mc_w.l(handlers.o)
    0x0001fa6c   0x0000000e   Code   RO         4522    i.__scatterload_zeroinit  mc_w.l(handlers.o)
    0x0001fa7a   0x00000002   PAD
    0x0001fa7c   0x00000024   Code   RO         4302    i.__sd_nvic_app_accessible_irq  softdevice_handler.o
    0x0001faa0   0x00000026   Code   RO         1260    i.addr_compare      id_manager.o
    0x0001fac6   0x00000182   Code   RO          648    i.adv_data_encode   ble_advdata.o
    0x0001fc48   0x00000058   Code   RO          728    i.adv_mode_next_avail_get  ble_advertising.o
    0x0001fca0   0x00000036   Code   RO          566    i.advertising_buttons_configure  bsp_btn_ble.o
    0x0001fcd6   0x00000052   Code   RO         1261    i.ah                id_manager.o
    0x0001fd28   0x00000006   Code   RO          451    i.alert_timer_handler  bsp.o
    0x0001fd2e   0x00000002   PAD
    0x0001fd30   0x00000024   Code   RO         3179    i.app_button_enable  app_button.o
    0x0001fd54   0x00000070   Code   RO         3180    i.app_button_init   app_button.o
    0x0001fdc4   0x00000024   Code   RO         3283    i.app_error_fault_handler  app_error_weak.o
    0x0001fde8   0x00000016   Code   RO         3241    i.app_error_handler_bare  app_error.o
    0x0001fdfe   0x00000002   PAD
    0x0001fe00   0x00000024   Code   RO         3319    i.app_timer_create  app_timer.o
    0x0001fe24   0x00000070   Code   RO         3320    i.app_timer_init    app_timer.o
    0x0001fe94   0x00000088   Code   RO         3321    i.app_timer_start   app_timer.o
    0x0001ff1c   0x00000020   Code   RO         3322    i.app_timer_stop    app_timer.o
    0x0001ff3c   0x00000048   Code   RO         3471    i.app_util_critical_region_enter  app_util_platform.o
    0x0001ff84   0x00000034   Code   RO         3472    i.app_util_critical_region_exit  app_util_platform.o
    0x0001ffb8   0x000000a0   Code   RO         2245    i.auth_status_success_process  security_dispatcher.o
    0x00020058   0x00000068   Code   RO          649    i.ble_advdata_set   ble_advdata.o
    0x000200c0   0x00000120   Code   RO          729    i.ble_advertising_init  ble_advertising.o
    0x000201e0   0x0000005c   Code   RO          730    i.ble_advertising_on_ble_evt  ble_advertising.o
    0x0002023c   0x00000034   Code   RO          731    i.ble_advertising_on_sys_evt  ble_advertising.o
    0x00020270   0x0000003c   Code   RO          733    i.ble_advertising_restart_without_whitelist  ble_advertising.o
    0x000202ac   0x00000104   Code   RO          734    i.ble_advertising_start  ble_advertising.o
    0x000203b0   0x00000058   Code   RO          810    i.ble_conn_params_init  ble_conn_params.o
    0x00020408   0x00000084   Code   RO          811    i.ble_conn_params_on_ble_evt  ble_conn_params.o
    0x0002048c   0x00000010   Code   RO          880    i.ble_conn_state_conn_handles  ble_conn_state.o
    0x0002049c   0x00000010   Code   RO          881    i.ble_conn_state_encrypted  ble_conn_state.o
    0x000204ac   0x00000010   Code   RO          883    i.ble_conn_state_mitm_protected  ble_conn_state.o
    0x000204bc   0x0000010c   Code   RO          887    i.ble_conn_state_on_ble_evt  ble_conn_state.o
    0x000205c8   0x00000030   Code   RO          889    i.ble_conn_state_role  ble_conn_state.o
    0x000205f8   0x0000002c   Code   RO          891    i.ble_conn_state_user_flag_acquire  ble_conn_state.o
    0x00020624   0x00000018   Code   RO          892    i.ble_conn_state_user_flag_collection  ble_conn_state.o
    0x0002063c   0x00000028   Code   RO          893    i.ble_conn_state_user_flag_get  ble_conn_state.o
    0x00020664   0x0000002c   Code   RO          894    i.ble_conn_state_user_flag_set  ble_conn_state.o
    0x00020690   0x00000060   Code   RO          650    i.ble_device_addr_encode  ble_advdata.o
    0x000206f0   0x0000002a   Code   RO            5    i.ble_evt_dispatch  main.o
    0x0002071a   0x00000008   Code   RO         1013    i.ble_srv_is_notification_enabled  ble_srv_common.o
    0x00020722   0x00000002   PAD
    0x00020724   0x0000006c   Code   RO            6    i.ble_stack_init    main.o
    0x00020790   0x0000000c   Code   RO          335    i.bsp_board_button_idx_to_pin  boards.o
    0x0002079c   0x00000020   Code   RO          336    i.bsp_board_button_state_get  boards.o
    0x000207bc   0x00000024   Code   RO          339    i.bsp_board_led_invert  boards.o
    0x000207e0   0x00000010   Code   RO          340    i.bsp_board_led_off  boards.o
    0x000207f0   0x00000010   Code   RO          341    i.bsp_board_led_on  boards.o
    0x00020800   0x00000020   Code   RO          342    i.bsp_board_led_state_get  boards.o
    0x00020820   0x0000002c   Code   RO          343    i.bsp_board_leds_init  boards.o
    0x0002084c   0x00000012   Code   RO          344    i.bsp_board_leds_off  boards.o
    0x0002085e   0x00000012   Code   RO          345    i.bsp_board_leds_on  boards.o
    0x00020870   0x00000024   Code   RO          346    i.bsp_board_pin_to_button_idx  boards.o
    0x00020894   0x00000038   Code   RO          567    i.bsp_btn_ble_init  bsp_btn_ble.o
    0x000208cc   0x00000070   Code   RO          568    i.bsp_btn_ble_on_ble_evt  bsp_btn_ble.o
    0x0002093c   0x0000001e   Code   RO          569    i.bsp_btn_ble_sleep_mode_prepare  bsp_btn_ble.o
    0x0002095a   0x00000002   PAD
    0x0002095c   0x00000094   Code   RO          452    i.bsp_button_event_handler  bsp.o
    0x000209f0   0x00000004   Code   RO          453    i.bsp_button_is_pressed  bsp.o
    0x000209f4   0x00000044   Code   RO            7    i.bsp_event_handler  main.o
    0x00020a38   0x00000044   Code   RO          456    i.bsp_event_to_button_action_assign  bsp.o
    0x00020a7c   0x00000018   Code   RO          457    i.bsp_indication_set  bsp.o
    0x00020a94   0x00000098   Code   RO          458    i.bsp_init          bsp.o
    0x00020b2c   0x00000174   Code   RO          459    i.bsp_led_indication  bsp.o
    0x00020ca0   0x00000010   Code   RO          461    i.bsp_wakeup_button_enable  bsp.o
    0x00020cb0   0x00000008   Code   RO          462    i.button_timer_handler  bsp.o
    0x00020cb8   0x0000001c   Code   RO         2704    i.channel_free      nrf_drv_gpiote.o
    0x00020cd4   0x00000048   Code   RO         2705    i.channel_port_alloc  nrf_drv_gpiote.o
    0x00020d1c   0x00000010   Code   RO         2706    i.channel_port_get  nrf_drv_gpiote.o
    0x00020d2c   0x00000020   Code   RO         3856    i.check_config      fstorage.o
    0x00020d4c   0x00000018   Code   RO         3550    i.chunk_queue_next  fds.o
    0x00020d64   0x00000038   Code   RO         1793    i.claim             peer_id.o
    0x00020d9c   0x00000028   Code   RO         2487    i.clock_clk_started_notify  nrf_drv_clock.o
    0x00020dc4   0x000000ac   Code   RO         3324    i.compare_reg_update  app_timer.o
    0x00020e70   0x00000088   Code   RO          651    i.conn_int_encode   ble_advdata.o
    0x00020ef8   0x00000004   Code   RO            8    i.conn_params_error_handler  main.o
    0x00020efc   0x0000005c   Code   RO          813    i.conn_params_negotiation  ble_conn_params.o
    0x00020f58   0x0000009c   Code   RO         3551    i.delete_execute    fds.o
    0x00020ff4   0x00000060   Code   RO         3182    i.detection_delay_timeout_handler  app_button.o
    0x00021054   0x00000040   Code   RO         3325    i.elapsed_ticks_acquire  app_timer.o
    0x00021094   0x00000030   Code   RO         2246    i.encryption_failure  security_dispatcher.o
    0x000210c4   0x0000006a   Code   RO         3552    i.event_prepare     fds.o
    0x0002112e   0x00000002   PAD
    0x00021130   0x00000020   Code   RO         3553    i.event_send        fds.o
    0x00021150   0x00000034   Code   RO         2360    i.events_send_from_err_code  security_manager.o
    0x00021184   0x0000000c   Code   RO         1070    i.evt_send          gatt_cache_manager.o
    0x00021190   0x0000001c   Code   RO         1262    i.evt_send          id_manager.o
    0x000211ac   0x0000002c   Code   RO         1883    i.evt_send          peer_manager.o
    0x000211d8   0x0000001c   Code   RO         2247    i.evt_send          security_dispatcher.o
    0x000211f4   0x0000000c   Code   RO         2361    i.evt_send          security_manager.o
    0x00021200   0x000000f8   Code   RO         1486    i.fds_evt_handler   peer_data_storage.o
    0x000212f8   0x0000004c   Code   RO         3555    i.fds_file_delete   fds.o
    0x00021344   0x00000044   Code   RO         3556    i.fds_gc            fds.o
    0x00021388   0x0000008c   Code   RO         3557    i.fds_init          fds.o
    0x00021414   0x0000003c   Code   RO         3558    i.fds_record_close  fds.o
    0x00021450   0x0000000e   Code   RO         3560    i.fds_record_find   fds.o
    0x0002145e   0x00000010   Code   RO         3561    i.fds_record_find_by_key  fds.o
    0x0002146e   0x00000010   Code   RO         3562    i.fds_record_find_in_file  fds.o
    0x0002147e   0x00000010   Code   RO         3563    i.fds_record_id_from_desc  fds.o
    0x0002148e   0x00000002   PAD
    0x00021490   0x00000040   Code   RO         3565    i.fds_record_open   fds.o
    0x000214d0   0x0000000e   Code   RO         3566    i.fds_record_update  fds.o
    0x000214de   0x00000008   Code   RO         3567    i.fds_record_write  fds.o
    0x000214e6   0x0000000c   Code   RO         3568    i.fds_record_write_reserved  fds.o
    0x000214f2   0x00000002   PAD
    0x000214f4   0x00000024   Code   RO         3569    i.fds_register      fds.o
    0x00021518   0x00000034   Code   RO         3570    i.fds_reserve       fds.o
    0x0002154c   0x00000044   Code   RO         3571    i.fds_reserve_cancel  fds.o
    0x00021590   0x00000014   Code   RO         1487    i.file_id_within_pm_range  peer_data_storage.o
    0x000215a4   0x00000010   Code   RO         3573    i.flag_clear        fds.o
    0x000215b4   0x00000012   Code   RO         2248    i.flag_id_init      security_dispatcher.o
    0x000215c6   0x00000012   Code   RO         2362    i.flag_id_init      security_manager.o
    0x000215d8   0x00000010   Code   RO         3574    i.flag_set          fds.o
    0x000215e8   0x00000058   Code   RO         2363    i.flags_set_from_err_code  security_manager.o
    0x00021640   0x00000074   Code   RO         3857    i.fs_erase          fstorage.o
    0x000216b4   0x00000006   Code   RO         3575    i.fs_event_handler  fds.o
    0x000216ba   0x00000002   PAD
    0x000216bc   0x000000b0   Code   RO         3859    i.fs_init           fstorage.o
    0x0002176c   0x00000014   Code   RO         3862    i.fs_queued_op_count_get  fstorage.o
    0x00021780   0x00000080   Code   RO         3863    i.fs_store          fstorage.o
    0x00021800   0x00000068   Code   RO         3864    i.fs_sys_event_handler  fstorage.o
    0x00021868   0x00000070   Code   RO         3576    i.gc_execute        fds.o
    0x000218d8   0x00000048   Code   RO         3577    i.gc_next_page      fds.o
    0x00021920   0x0000004c   Code   RO         3578    i.gc_page_erase     fds.o
    0x0002196c   0x00000034   Code   RO         3579    i.gc_record_copy    fds.o
    0x000219a0   0x00000024   Code   RO         3580    i.gc_record_find_next  fds.o
    0x000219c4   0x00000080   Code   RO         3581    i.gc_state_advance  fds.o
    0x00021a44   0x000000ec   Code   RO         1071    i.gcm_ble_evt_handler  gatt_cache_manager.o
    0x00021b30   0x0000006c   Code   RO         1072    i.gcm_gscm_evt_handler  gatt_cache_manager.o
    0x00021b9c   0x00000030   Code   RO         1073    i.gcm_im_evt_handler  gatt_cache_manager.o
    0x00021bcc   0x00000048   Code   RO         1074    i.gcm_init          gatt_cache_manager.o
    0x00021c14   0x00000054   Code   RO         1075    i.gcm_local_database_has_changed  gatt_cache_manager.o
    0x00021c68   0x0000000e   Code   RO         1078    i.gcm_smd_evt_handler  gatt_cache_manager.o
    0x00021c76   0x00000002   PAD
    0x00021c78   0x00000038   Code   RO         1263    i.get_connection_by_conn_handle  id_manager.o
    0x00021cb0   0x00000030   Code   RO         1264    i.get_free_connection  id_manager.o
    0x00021ce0   0x00000058   Code   RO         3183    i.gpiote_event_handler  app_button.o
    0x00021d38   0x0000001c   Code   RO         1178    i.gscm_db_change_notification_done  gatts_cache_manager.o
    0x00021d54   0x00000014   Code   RO         1179    i.gscm_init         gatts_cache_manager.o
    0x00021d68   0x0000001c   Code   RO         1180    i.gscm_local_database_has_changed  gatts_cache_manager.o
    0x00021d84   0x0000006a   Code   RO         1181    i.gscm_local_db_cache_apply  gatts_cache_manager.o
    0x00021dee   0x00000080   Code   RO         1183    i.gscm_local_db_cache_update  gatts_cache_manager.o
    0x00021e6e   0x00000002   PAD
    0x00021e70   0x00000054   Code   RO         1184    i.gscm_pdb_evt_handler  gatts_cache_manager.o
    0x00021ec4   0x0000001a   Code   RO         1185    i.gscm_service_changed_ind_needed  gatts_cache_manager.o
    0x00021ede   0x00000002   PAD
    0x00021ee0   0x0000002c   Code   RO         1186    i.gscm_service_changed_ind_send  gatts_cache_manager.o
    0x00021f0c   0x00000016   Code   RO         3582    i.header_is_valid   fds.o
    0x00021f22   0x00000046   Code   RO         1265    i.im_address_resolve  id_manager.o
    0x00021f68   0x00000030   Code   RO         1266    i.im_ble_addr_get   id_manager.o
    0x00021f98   0x000000ae   Code   RO         1267    i.im_ble_evt_handler  id_manager.o
    0x00022046   0x00000002   PAD
    0x00022048   0x0000002c   Code   RO         1268    i.im_conn_handle_get  id_manager.o
    0x00022074   0x00000040   Code   RO         1272    i.im_init           id_manager.o
    0x000220b4   0x00000034   Code   RO         1273    i.im_is_duplicate_bonding_data  id_manager.o
    0x000220e8   0x00000018   Code   RO         1274    i.im_master_id_is_valid  id_manager.o
    0x00022100   0x0000002a   Code   RO         1275    i.im_master_ids_compare  id_manager.o
    0x0002212a   0x00000004   Code   RO         1276    i.im_new_peer_id    id_manager.o
    0x0002212e   0x00000072   Code   RO         1277    i.im_pdb_evt_handler  id_manager.o
    0x000221a0   0x00000026   Code   RO         1278    i.im_peer_free      id_manager.o
    0x000221c6   0x00000002   PAD
    0x000221c8   0x00000020   Code   RO         1279    i.im_peer_id_get_by_conn_handle  id_manager.o
    0x000221e8   0x0000003c   Code   RO         1280    i.im_peer_id_get_by_master_id  id_manager.o
    0x00022224   0x000000c0   Code   RO         3583    i.init_execute      fds.o
    0x000222e4   0x00000078   Code   RO         4303    i.intern_softdevice_events_execute  softdevice_handler.o
    0x0002235c   0x0000001c   Code   RO          814    i.is_conn_params_ok  ble_conn_params.o
    0x00022378   0x00000014   Code   RO         1285    i.is_valid_irk      id_manager.o
    0x0002238c   0x0000000c   Code   RO         3584    i.is_word_aligned   fds.o
    0x00022398   0x00000014   Code   RO          463    i.leds_timer_handler  bsp.o
    0x000223ac   0x00000098   Code   RO         2364    i.link_secure       security_manager.o
    0x00022444   0x00000086   Code   RO         2249    i.link_secure_central  security_dispatcher.o
    0x000224ca   0x000000c8   Code   RO         2250    i.link_secure_central_existing_peer  security_dispatcher.o
    0x00022592   0x0000006c   Code   RO         2251    i.link_secure_central_new_peer  security_dispatcher.o
    0x000225fe   0x00000002   PAD
    0x00022600   0x00000058   Code   RO         2252    i.link_secure_failure  security_dispatcher.o
    0x00022658   0x0000005c   Code   RO         2365    i.link_secure_pending_process  security_manager.o
    0x000226b4   0x000000a8   Code   RO         3326    i.list_deletions_handler  app_timer.o
    0x0002275c   0x000000b8   Code   RO         3327    i.list_insertions_handler  app_timer.o
    0x00022814   0x00000074   Code   RO         1079    i.local_db_apply_in_evt  gatt_cache_manager.o
    0x00022888   0x00000078   Code   RO         1080    i.local_db_update_in_evt  gatt_cache_manager.o
    0x00022900   0x00000032   Code   RO         2192    i.lock_by_mask      pm_mutex.o
    0x00022932   0x00000002   PAD
    0x00022934   0x0000015c   Code   RO            9    i.main              main.o
    0x00022a90   0x00000064   Code   RO          652    i.manuf_specific_data_encode  ble_advdata.o
    0x00022af4   0x0000009c   Code   RO          653    i.name_encode       ble_advdata.o
    0x00022b90   0x00000058   Code   RO         1286    i.new_connection    id_manager.o
    0x00022be8   0x00000030   Code   RO         1794    i.next_id_get       peer_id.o
    0x00022c18   0x00000010   Code   RO         2707    i.nrf_bitmask_bit_is_set  nrf_drv_gpiote.o
    0x00022c28   0x0000000e   Code   RO         2491    i.nrf_clock_event_check  nrf_drv_clock.o
    0x00022c36   0x00000010   Code   RO         2492    i.nrf_clock_event_clear  nrf_drv_clock.o
    0x00022c46   0x00000002   PAD
    0x00022c48   0x0000008c   Code   RO         3328    i.nrf_delay_us      app_timer.o
    0x00022cd4   0x00000048   Code   RO         2499    i.nrf_drv_clock_init  nrf_drv_clock.o
    0x00022d1c   0x00000030   Code   RO         2506    i.nrf_drv_clock_on_sd_enable  nrf_drv_clock.o
    0x00022d4c   0x0000000a   Code   RO         2507    i.nrf_drv_clock_on_soc_event  nrf_drv_clock.o
    0x00022d56   0x00000038   Code   RO         2657    i.nrf_drv_common_irq_enable  nrf_drv_common.o
    0x00022d8e   0x00000002   PAD
    0x00022d90   0x000000a4   Code   RO         2712    i.nrf_drv_gpiote_in_event_enable  nrf_drv_gpiote.o
    0x00022e34   0x000000b8   Code   RO         2713    i.nrf_drv_gpiote_in_init  nrf_drv_gpiote.o
    0x00022eec   0x00000014   Code   RO         2714    i.nrf_drv_gpiote_in_is_set  nrf_drv_gpiote.o
    0x00022f00   0x0000005c   Code   RO         2716    i.nrf_drv_gpiote_init  nrf_drv_gpiote.o
    0x00022f5c   0x00000014   Code   RO         2717    i.nrf_drv_gpiote_is_init  nrf_drv_gpiote.o
    0x00022f70   0x00000024   Code   RO          348    i.nrf_gpio_cfg      boards.o
    0x00022f94   0x00000024   Code   RO         2731    i.nrf_gpio_cfg      nrf_drv_gpiote.o
    0x00022fb8   0x00000022   Code   RO          464    i.nrf_gpio_cfg_sense_set  bsp.o
    0x00022fda   0x00000022   Code   RO         2733    i.nrf_gpio_cfg_sense_set  nrf_drv_gpiote.o
    0x00022ffc   0x00000016   Code   RO          349    i.nrf_gpio_pin_write  boards.o
    0x00023012   0x00000002   PAD
    0x00023014   0x00000028   Code   RO         2734    i.nrf_gpio_ports_read  nrf_drv_gpiote.o
    0x0002303c   0x00000014   Code   RO         2735    i.nrf_gpiote_event_clear  nrf_drv_gpiote.o
    0x00023050   0x00000010   Code   RO         2736    i.nrf_gpiote_event_is_set  nrf_drv_gpiote.o
    0x00023060   0x0000000a   Code   RO         2968    i.nrf_uart_event_check  nrf_drv_uart.o
    0x0002306a   0x0000000c   Code   RO         2969    i.nrf_uart_event_clear  nrf_drv_uart.o
    0x00023076   0x0000000c   Code   RO         2970    i.nrf_uart_int_enable_check  nrf_drv_uart.o
    0x00023082   0x0000000a   Code   RO         2971    i.nrf_uarte_event_check  nrf_drv_uart.o
    0x0002308c   0x0000000c   Code   RO         2972    i.nrf_uarte_event_clear  nrf_drv_uart.o
    0x00023098   0x00000024   Code   RO           10    i.on_adv_evt        main.o
    0x000230bc   0x000000bc   Code   RO           11    i.on_ble_evt        main.o
    0x00023178   0x0000001c   Code   RO           12    i.on_conn_params_evt  main.o
    0x00023194   0x00000054   Code   RO         3865    i.on_operation_success  fstorage.o
    0x000231e8   0x00000080   Code   RO         3585    i.op_enqueue        fds.o
    0x00023268   0x00000012   Code   RO         3586    i.page_offsets_update  fds.o
    0x0002327a   0x00000002   PAD
    0x0002327c   0x00000064   Code   RO         3587    i.page_scan         fds.o
    0x000232e0   0x0000001c   Code   RO         3588    i.page_tag_write_data  fds.o
    0x000232fc   0x00000024   Code   RO         3589    i.page_tag_write_swap  fds.o
    0x00023320   0x000000f8   Code   RO         3590    i.pages_init        fds.o
    0x00023418   0x0000006c   Code   RO         2253    i.pairing_failure   security_dispatcher.o
    0x00023484   0x0000003c   Code   RO         2366    i.params_reply_pending_process  security_manager.o
    0x000234c0   0x0000001c   Code   RO         1630    i.pdb_evt_send      peer_database.o
    0x000234dc   0x00000050   Code   RO         1631    i.pdb_init          peer_database.o
    0x0002352c   0x00000004   Code   RO         1633    i.pdb_next_deleted_peer_id_get  peer_database.o
    0x00023530   0x00000004   Code   RO         1634    i.pdb_next_peer_id_get  peer_database.o
    0x00023534   0x00000130   Code   RO         1635    i.pdb_pds_evt_handler  peer_database.o
    0x00023664   0x00000004   Code   RO         1636    i.pdb_peer_allocate  peer_database.o
    0x00023668   0x00000006   Code   RO         1638    i.pdb_peer_data_ptr_get  peer_database.o
    0x0002366e   0x00000044   Code   RO         1639    i.pdb_peer_free     peer_database.o
    0x000236b2   0x00000008   Code   RO         1640    i.pdb_raw_store     peer_database.o
    0x000236ba   0x00000002   PAD
    0x000236bc   0x00000108   Code   RO         1641    i.pdb_write_buf_get  peer_database.o
    0x000237c4   0x00000028   Code   RO         1642    i.pdb_write_buf_release  peer_database.o
    0x000237ec   0x000000c4   Code   RO         1643    i.pdb_write_buf_store  peer_database.o
    0x000238b0   0x00000068   Code   RO         1644    i.pdb_write_buf_store_prepare  peer_database.o
    0x00023918   0x0000000c   Code   RO         1488    i.pds_evt_send      peer_data_storage.o
    0x00023924   0x0000006c   Code   RO         1489    i.pds_init          peer_data_storage.o
    0x00023990   0x00000004   Code   RO         1490    i.pds_next_deleted_peer_id_get  peer_data_storage.o
    0x00023994   0x00000004   Code   RO         1491    i.pds_next_peer_id_get  peer_data_storage.o
    0x00023998   0x00000050   Code   RO         1494    i.pds_peer_data_iterate  peer_data_storage.o
    0x000239e8   0x00000010   Code   RO         1495    i.pds_peer_data_iterate_prepare  peer_data_storage.o
    0x000239f8   0x00000068   Code   RO         1496    i.pds_peer_data_read  peer_data_storage.o
    0x00023a60   0x000000a0   Code   RO         1497    i.pds_peer_data_store  peer_data_storage.o
    0x00023b00   0x00000008   Code   RO         1498    i.pds_peer_id_allocate  peer_data_storage.o
    0x00023b08   0x00000016   Code   RO         1499    i.pds_peer_id_free  peer_data_storage.o
    0x00023b1e   0x00000004   Code   RO         1500    i.pds_peer_id_is_allocated  peer_data_storage.o
    0x00023b22   0x0000002e   Code   RO         1501    i.pds_space_reserve  peer_data_storage.o
    0x00023b50   0x00000010   Code   RO         1502    i.pds_space_reserve_cancel  peer_data_storage.o
    0x00023b60   0x00000006   Code   RO         1645    i.peer_data_const_point_to_buffer  peer_database.o
    0x00023b66   0x00000002   PAD
    0x00023b68   0x00000080   Code   RO         1503    i.peer_data_delete  peer_data_storage.o
    0x00023be8   0x00000030   Code   RO         1504    i.peer_data_find    peer_data_storage.o
    0x00023c18   0x00000020   Code   RO         1505    i.peer_data_id_is_valid  peer_data_storage.o
    0x00023c38   0x0000001a   Code   RO         1646    i.peer_data_point_to_buffer  peer_database.o
    0x00023c52   0x00000002   PAD
    0x00023c54   0x0000000c   Code   RO         1795    i.peer_id_allocate  peer_id.o
    0x00023c60   0x00000024   Code   RO         1796    i.peer_id_delete    peer_id.o
    0x00023c84   0x0000001c   Code   RO         1797    i.peer_id_free      peer_id.o
    0x00023ca0   0x0000000c   Code   RO         1798    i.peer_id_get_next_deleted  peer_id.o
    0x00023cac   0x00000030   Code   RO         1799    i.peer_id_get_next_used  peer_id.o
    0x00023cdc   0x00000028   Code   RO         1800    i.peer_id_init      peer_id.o
    0x00023d04   0x00000014   Code   RO         1801    i.peer_id_is_allocated  peer_id.o
    0x00023d18   0x00000014   Code   RO         1802    i.peer_id_is_deleted  peer_id.o
    0x00023d2c   0x0000001c   Code   RO         1287    i.peer_id_set       id_manager.o
    0x00023d48   0x0000007c   Code   RO           13    i.peer_manager_init  main.o
    0x00023dc4   0x00000018   Code   RO         2737    i.pin_in_use_by_port  nrf_drv_gpiote.o
    0x00023ddc   0x00000018   Code   RO         2738    i.pin_in_use_by_te  nrf_drv_gpiote.o
    0x00023df4   0x0000005c   Code   RO         2150    i.pm_buffer_block_acquire  pm_buffer.o
    0x00023e50   0x00000040   Code   RO         2151    i.pm_buffer_init    pm_buffer.o
    0x00023e90   0x00000028   Code   RO         2152    i.pm_buffer_ptr_get  pm_buffer.o
    0x00023eb8   0x0000002e   Code   RO         2153    i.pm_buffer_release  pm_buffer.o
    0x00023ee6   0x00000004   Code   RO         1885    i.pm_conn_sec_config_reply  peer_manager.o
    0x00023eea   0x0000005a   Code   RO           14    i.pm_evt_handler    main.o
    0x00023f44   0x00000088   Code   RO         1889    i.pm_gcm_evt_handler  peer_manager.o
    0x00023fcc   0x00000050   Code   RO         1892    i.pm_im_evt_handler  peer_manager.o
    0x0002401c   0x00000064   Code   RO         1893    i.pm_init           peer_manager.o
    0x00024080   0x00000014   Code   RO         1895    i.pm_local_database_has_changed  peer_manager.o
    0x00024094   0x0000000e   Code   RO         2193    i.pm_mutex_init     pm_mutex.o
    0x000240a2   0x0000001a   Code   RO         2194    i.pm_mutex_lock     pm_mutex.o
    0x000240bc   0x00000036   Code   RO         2195    i.pm_mutex_lock_first_available  pm_mutex.o
    0x000240f2   0x00000018   Code   RO         2196    i.pm_mutex_lock_status_get  pm_mutex.o
    0x0002410a   0x0000003a   Code   RO         2197    i.pm_mutex_unlock   pm_mutex.o
    0x00024144   0x00000028   Code   RO         1897    i.pm_on_ble_evt     peer_manager.o
    0x0002416c   0x00000158   Code   RO         1898    i.pm_pdb_evt_handler  peer_manager.o
    0x000242c4   0x00000014   Code   RO         1909    i.pm_peer_delete    peer_manager.o
    0x000242d8   0x00000038   Code   RO         1914    i.pm_peers_delete   peer_manager.o
    0x00024310   0x0000002c   Code   RO         1917    i.pm_register       peer_manager.o
    0x0002433c   0x00000014   Code   RO         1919    i.pm_sec_params_set  peer_manager.o
    0x00024350   0x00000160   Code   RO         1920    i.pm_sm_evt_handler  peer_manager.o
    0x000244b0   0x0000002c   Code   RO         3866    i.queue_advance     fstorage.o
    0x000244dc   0x00000038   Code   RO         3867    i.queue_get_next_free  fstorage.o
    0x00024514   0x000000bc   Code   RO         3591    i.queue_process     fds.o
    0x000245d0   0x00000070   Code   RO         3868    i.queue_process     fstorage.o
    0x00024640   0x00000020   Code   RO         3592    i.queue_start       fds.o
    0x00024660   0x0000001c   Code   RO         3869    i.queue_start       fstorage.o
    0x0002467c   0x00000088   Code   RO         3593    i.record_find       fds.o
    0x00024704   0x0000009c   Code   RO         3594    i.record_find_by_desc  fds.o
    0x000247a0   0x0000004c   Code   RO         3595    i.record_find_next  fds.o
    0x000247ec   0x00000024   Code   RO         3596    i.record_header_flag_dirty  fds.o
    0x00024810   0x00000014   Code   RO         1506    i.record_key_within_pm_range  peer_data_storage.o
    0x00024824   0x0000005c   Code   RO         3597    i.record_write_chunk  fds.o
    0x00024880   0x00000010   Code   RO         1804    i.release           peer_id.o
    0x00024890   0x0000003c   Code   RO         3329    i.rtc1_stop         app_timer.o
    0x000248cc   0x00000032   Code   RO         2974    i.rx_byte           nrf_drv_uart.o
    0x000248fe   0x00000018   Code   RO         2975    i.rx_done_event     nrf_drv_uart.o
    0x00024916   0x00000002   PAD
    0x00024918   0x00000070   Code   RO         4305    i.sd_nvic_EnableIRQ  softdevice_handler.o
    0x00024988   0x00000044   Code   RO         4015    i.sdk_mapped_flags_bulk_update_by_key  sdk_mapped_flags.o
    0x000249cc   0x00000022   Code   RO         4016    i.sdk_mapped_flags_first_key_index_get  sdk_mapped_flags.o
    0x000249ee   0x00000010   Code   RO         4017    i.sdk_mapped_flags_get_by_index  sdk_mapped_flags.o
    0x000249fe   0x00000026   Code   RO         4018    i.sdk_mapped_flags_get_by_key  sdk_mapped_flags.o
    0x00024a24   0x0000004a   Code   RO         4019    i.sdk_mapped_flags_key_list_get  sdk_mapped_flags.o
    0x00024a6e   0x0000000e   Code   RO         4021    i.sdk_mapped_flags_update_by_key  sdk_mapped_flags.o
    0x00024a7c   0x000000b2   Code   RO         2254    i.sec_info_request_process  security_dispatcher.o
    0x00024b2e   0x00000076   Code   RO         2367    i.sec_params_verify  security_manager.o
    0x00024ba4   0x00000054   Code   RO         2255    i.sec_proc_start    security_dispatcher.o
    0x00024bf8   0x00000020   Code   RO         2256    i.sec_start_send    security_dispatcher.o
    0x00024c18   0x0000004c   Code   RO         3870    i.send_event        fstorage.o
    0x00024c64   0x00000058   Code   RO         1081    i.service_changed_pending_flags_check  gatt_cache_manager.o
    0x00024cbc   0x00000044   Code   RO         1187    i.service_changed_pending_set  gatts_cache_manager.o
    0x00024d00   0x00000094   Code   RO         1082    i.service_changed_send_in_evt  gatt_cache_manager.o
    0x00024d94   0x00000088   Code   RO          654    i.service_data_encode  ble_advdata.o
    0x00024e1c   0x00000048   Code   RO          736    i.set_adv_mode_fast  ble_advertising.o
    0x00024e64   0x00000044   Code   RO          737    i.set_adv_mode_slow  ble_advertising.o
    0x00024ea8   0x00000028   Code   RO           15    i.sleep_mode_enter  main.o
    0x00024ed0   0x00000018   Code   RO         2368    i.sm_ble_evt_handler  security_manager.o
    0x00024ee8   0x00000018   Code   RO         2369    i.sm_conn_sec_config_reply  security_manager.o
    0x00024f00   0x00000050   Code   RO         2370    i.sm_init           security_manager.o
    0x00024f50   0x00000038   Code   RO         2373    i.sm_pdb_evt_handler  security_manager.o
    0x00024f88   0x0000002c   Code   RO         2375    i.sm_sec_params_set  security_manager.o
    0x00024fb4   0x00000078   Code   RO         2376    i.sm_smd_evt_handler  security_manager.o
    0x0002502c   0x000000ec   Code   RO         2257    i.smd_ble_evt_handler  security_dispatcher.o
    0x00025118   0x0000003c   Code   RO         2258    i.smd_init          security_dispatcher.o
    0x00025154   0x00000030   Code   RO         2259    i.smd_link_secure   security_dispatcher.o
    0x00025184   0x0000010c   Code   RO         2260    i.smd_params_reply  security_dispatcher.o
    0x00025290   0x00000088   Code   RO         2377    i.smd_params_reply_perform  security_manager.o
    0x00025318   0x00000034   Code   RO         2261    i.smd_pdb_evt_handler  security_dispatcher.o
    0x0002534c   0x00000014   Code   RO         4306    i.softdevice_ble_evt_handler_set  softdevice_handler.o
    0x00025360   0x00000014   Code   RO         4307    i.softdevice_enable  softdevice_handler.o
    0x00025374   0x00000026   Code   RO         4308    i.softdevice_enable_get_default_config  softdevice_handler.o
    0x0002539a   0x00000004   Code   RO         4309    i.softdevice_fault_handler  softdevice_handler.o
    0x0002539e   0x00000002   PAD
    0x000253a0   0x00000064   Code   RO         4310    i.softdevice_handler_init  softdevice_handler.o
    0x00025404   0x0000000c   Code   RO         4311    i.softdevice_handler_is_enabled  softdevice_handler.o
    0x00025410   0x00000014   Code   RO         4316    i.softdevice_sys_evt_handler_set  softdevice_handler.o
    0x00025424   0x00000012   Code   RO           16    i.sys_evt_dispatch  main.o
    0x00025436   0x00000002   PAD
    0x00025438   0x0000008c   Code   RO         3330    i.timer_list_handler  app_timer.o
    0x000254c4   0x0000003c   Code   RO         3331    i.timer_list_insert  app_timer.o
    0x00025500   0x00000048   Code   RO         3332    i.timer_stop_op_schedule  app_timer.o
    0x00025548   0x00000084   Code   RO         3333    i.timer_timeouts_check  app_timer.o
    0x000255cc   0x00000020   Code   RO         2977    i.tx_byte           nrf_drv_uart.o
    0x000255ec   0x0000001c   Code   RO         2978    i.tx_done_event     nrf_drv_uart.o
    0x00025608   0x0000011e   Code   RO         2979    i.uart_irq_handler  nrf_drv_uart.o
    0x00025726   0x000000f0   Code   RO         2980    i.uarte_irq_handler  nrf_drv_uart.o
    0x00025816   0x0000000a   Code   RO          655    i.uint16_encode     ble_advdata.o
    0x00025820   0x00000060   Code   RO          815    i.update_timeout_handler  ble_conn_params.o
    0x00025880   0x00000018   Code   RO          896    i.user_flag_is_acquired  ble_conn_state.o
    0x00025898   0x00000030   Code   RO         3334    i.user_op_alloc     app_timer.o
    0x000258c8   0x00000030   Code   RO          656    i.uuid_list_encode  ble_advdata.o
    0x000258f8   0x0000009e   Code   RO          657    i.uuid_list_sized_encode  ble_advdata.o
    0x00025996   0x00000024   Code   RO         1647    i.write_buf_length_words_set  peer_database.o
    0x000259ba   0x00000024   Code   RO         1648    i.write_buffer_record_find  peer_database.o
    0x000259de   0x00000002   PAD
    0x000259e0   0x0000002c   Code   RO         1649    i.write_buffer_record_find_next  peer_database.o
    0x00025a0c   0x0000001e   Code   RO         1650    i.write_buffer_record_invalidate  peer_database.o
    0x00025a2a   0x00000002   PAD
    0x00025a2c   0x0000002c   Code   RO         1651    i.write_buffer_record_release  peer_database.o
    0x00025a58   0x00000124   Code   RO         3598    i.write_enqueue     fds.o
    0x00025b7c   0x000000e8   Code   RO         3599    i.write_execute     fds.o
    0x00025c64   0x00000014   Code   RO         3600    i.write_space_free  fds.o
    0x00025c78   0x00000054   Code   RO         3601    i.write_space_reserve  fds.o
    0x00025ccc   0x00000004   Data   RO           18    .constdata          main.o
    0x00025cd0   0x00000008   Data   RO          350    .constdata          boards.o
    0x00025cd8   0x0000002c   Data   RO          469    .constdata          bsp.o
    0x00025d04   0x00000004   Data   RO          818    .constdata          ble_conn_params.o
    0x00025d08   0x00000004   Data   RO         1188    .constdata          gatts_cache_manager.o
    0x00025d0c   0x00000010   Data   RO         1189    .constdata          gatts_cache_manager.o
    0x00025d1c   0x00000004   Data   RO         1190    .constdata          gatts_cache_manager.o
    0x00025d20   0x00000008   Data   RO         1290    .constdata          id_manager.o
    0x00025d28   0x00000004   Data   RO         1507    .constdata          peer_data_storage.o
    0x00025d2c   0x00000014   Data   RO         1653    .constdata          peer_database.o
    0x00025d40   0x00000044   Data   RO         2263    .constdata          security_dispatcher.o
    0x00025d84   0x00000004   Data   RO         2378    .constdata          security_manager.o
    0x00025d88   0x00000004   Data   RO         2740    .constdata          nrf_drv_gpiote.o
    0x00025d8c   0x00000008   Data   RO         3185    .constdata          app_button.o
    0x00025d94   0x00000014   Data   RO         3603    .constdata          fds.o
    0x00025da8   0x00000020   Data   RO         4518    Region$$Table       anon$$obj.o


    Execution Region RW_IRAM1 (Base: 0x20002128, Size: 0x000029e0, Max: 0x0000ded8, ABSOLUTE, COMPRESSED[0x00000028])

    Base Addr    Size         Type   Attr      Idx    E Section Name        Object

    0x20002128   0x00000006   Data   RW           19    .data               main.o
    0x2000212e   0x00000002   PAD
    0x20002130   0x00000014   Data   RW          470    .data               bsp.o
    0x20002144   0x00000008   Data   RW          570    .data               bsp_btn_ble.o
    0x2000214c   0x0000001f   Data   RW          739    .data               ble_advertising.o
    0x2000216b   0x00000001   PAD
    0x2000216c   0x00000014   Data   RW          819    .data               ble_conn_params.o
    0x20002180   0x0000000c   Data   RW         1083    .data               gatt_cache_manager.o
    0x2000218c   0x0000000c   Data   RW         1191    .data               gatts_cache_manager.o
    0x20002198   0x00000006   Data   RW         1291    .data               id_manager.o
    0x2000219e   0x00000002   PAD
    0x200021a0   0x0000000c   Data   RW         1508    .data               peer_data_storage.o
    0x200021ac   0x00000008   Data   RW         1654    .data               peer_database.o
    0x200021b4   0x00000010   Data   RW         1925    .data               peer_manager.o
    0x200021c4   0x00000004   Data   RW         2264    .data               security_dispatcher.o
    0x200021c8   0x00000015   Data   RW         2379    .data               security_manager.o
    0x200021dd   0x00000003   PAD
    0x200021e0   0x00000014   Data   RW         3186    .data               app_button.o
    0x200021f4   0x00000020   Data   RW         3335    .data               app_timer.o
    0x20002214   0x00000018   Data   RW         3604    .data               fds.o
    0x2000222c   0x00000002   Data   RW         3872    .data               fstorage.o
    0x2000222e   0x00000002   PAD
    0x20002230   0x00000014   Data   RW         4317    .data               softdevice_handler.o
    0x20002244   0x00000004   Data   RW         4456    .data               system_nrf52.o
    0x20002248   0x00000010   Data   RW         3605    fs_data             fds.o
    0x20002258   0x000000c8   Zero   RW           17    .bss                main.o
    0x20002320   0x00000020   Zero   RW          465    .bss                bsp.o
    0x20002340   0x00000020   Zero   RW          466    .bss                bsp.o
    0x20002360   0x0000000c   Zero   RW          467    .bss                bsp.o
    0x2000236c   0x00000020   Zero   RW          468    .bss                bsp.o
    0x2000238c   0x000000b3   Zero   RW          738    .bss                ble_advertising.o
    0x2000243f   0x00000001   PAD
    0x20002440   0x00000020   Zero   RW          816    .bss                ble_conn_params.o
    0x20002460   0x0000001c   Zero   RW          817    .bss                ble_conn_params.o
    0x2000247c   0x00000034   Zero   RW          897    .bss                ble_conn_state.o
    0x200024b0   0x00000060   Zero   RW         1289    .bss                id_manager.o
    0x20002510   0x00000330   Zero   RW         1652    .bss                peer_database.o
    0x20002840   0x00000040   Zero   RW         1805    .bss                peer_id.o
    0x20002880   0x0000000c   Zero   RW         1923    .bss                peer_manager.o
    0x2000288c   0x00000040   Zero   RW         2262    .bss                security_dispatcher.o
    0x200028cc   0x00000014   Zero   RW         2509    .bss                nrf_drv_clock.o
    0x200028e0   0x00000058   Zero   RW         2739    .bss                nrf_drv_gpiote.o
    0x20002938   0x00000020   Zero   RW         2981    .bss                nrf_drv_uart.o
    0x20002958   0x00000020   Zero   RW         3184    .bss                app_button.o
    0x20002978   0x0000000c   Zero   RW         3475    .bss                app_util_platform.o
    0x20002984   0x0000011c   Zero   RW         3602    .bss                fds.o
    0x20002aa0   0x00000068   Zero   RW         3871    .bss                fstorage.o
    0x20002b08   0x00002000   Zero   RW         4444    STACK               arm_startup_nrf52.o


==============================================================================

Image component sizes


      Code (inc. data)   RO Data    RW Data    ZI Data      Debug   Object Name

       332         34          8         20         32      10150   app_button.o
        22          0          0          0          0       2241   app_error.o
        36         10          0          0          0      27353   app_error_weak.o
      1694        114          0         32          0      64487   app_timer.o
       124         14          0          0         12       9502   app_util_platform.o
        36          8       1024          0       8192        928   arm_startup_nrf52.o
      1330          0          0          0          0      30792   ble_advdata.o
       980         70          0         31        179      10113   ble_advertising.o
       436         54          4         20         60       5852   ble_conn_params.o
       540         44          0          0         52      10065   ble_conn_state.o
         8          0          0          0          0       1454   ble_srv_common.o
       318         42          8          0          0      13356   boards.o
       852         78         44         20        108      14779   bsp.o
       252         10          0          8          0       4961   bsp_btn_ble.o
      3620        332         20         40        284      46926   fds.o
       976         74          0          2        104      13223   fstorage.o
      1046         52          0         12          0      16156   gatt_cache_manager.o
       532         36         24         12          0       9615   gatts_cache_manager.o
      1154         56          8          6         96      20717   id_manager.o
      1094         92          4          6        200     146271   main.o
       288         22          0          0         20      12792   nrf_drv_clock.o
        56          0          0          0          0      27555   nrf_drv_common.o
      1178         84          4          0         88      30336   nrf_drv_gpiote.o
       744          8          0          0         32      24384   nrf_drv_uart.o
      1080         42          4         12          0      17692   peer_data_storage.o
      1332         66         20          8        816      23759   peer_database.o
       336         38          0          0         64       9107   peer_id.o
      1260        102          0         16         12      13532   peer_manager.o
       242          0          0          0          0       4471   pm_buffer.o
       226          0          0          0          0       5369   pm_mutex.o
       244          0          0          0          0       6340   sdk_mapped_flags.o
      1850         66         68          4         64      21064   security_dispatcher.o
      1076         74          4         21          0      17096   security_manager.o
       562         52          0         20          0      43920   softdevice_handler.o
       668         58          0          4          0       2735   system_nrf52.o

    ----------------------------------------------------------------------
     26580       1732       1276        304      10416     719093   Object Totals
         0          0         32          0          0          0   (incl. Generated)
        56          0          0         10          1          0   (incl. Padding)

    ----------------------------------------------------------------------

      Code (inc. data)   RO Data    RW Data    ZI Data      Debug   Library Member Name

        58          0          0          0          0          0   __dczerorl.o
         0          0          0          0          0          0   entry.o
         0          0          0          0          0          0   entry10a.o
         0          0          0          0          0          0   entry11a.o
         8          4          0          0          0          0   entry2.o
         4          0          0          0          0          0   entry5.o
         0          0          0          0          0          0   entry7b.o
         0          0          0          0          0          0   entry8b.o
         8          4          0          0          0          0   entry9a.o
        30          0          0          0          0          0   handlers.o
        36          8          0          0          0         68   init.o
        26          0          0          0          0         80   memcmp.o
        36          0          0          0          0         68   memcpya.o
        36          0          0          0          0        108   memseta.o

    ----------------------------------------------------------------------
       248         16          0          0          0        324   Library Totals
         6          0          0          0          0          0   (incl. Padding)

    ----------------------------------------------------------------------

      Code (inc. data)   RO Data    RW Data    ZI Data      Debug   Library Name

       242         16          0          0          0        324   mc_w.l

    ----------------------------------------------------------------------
       248         16          0          0          0        324   Library Totals

    ----------------------------------------------------------------------

==============================================================================


      Code (inc. data)   RO Data    RW Data    ZI Data      Debug   

     26828       1748       1276        304      10416     683697   Grand Totals
     26828       1748       1276         40      10416     683697   ELF Image Totals (compressed)
     26828       1748       1276         40          0          0   ROM Totals

==============================================================================

    Total RO  Size (Code + RO Data)                28104 (  27.45kB)
    Total RW  Size (RW Data + ZI Data)             10720 (  10.47kB)
    Total ROM Size (Code + RO Data + RW Data)      28144 (  27.48kB)

==============================================================================

