<html>
<body>
<pre>
<h1>µVision Build Log</h1>
<h2>Tool Versions:</h2>
IDE-Version: µVision V5.20.0.0
Copyright (C) 2016 ARM Ltd and ARM Germany GmbH. All rights reserved.
License Information: University of Agder University of Agder University of Agder Flex license: MDK-ARM Professional (Eval) (mdk_pro_eval) Operation stops: 12 Apr 2017
 
Tool Versions:
Toolchain:       MDK-ARM Professional (Eval)  Version: 5.20
Toolchain Path:  C:\Keil_v5\ARM\ARMCC\Bin
C Compiler:      Armcc.exe V5.06 update 2 (build 183)
Assembler:       Armasm.exe V5.06 update 2 (build 183)
Linker/Locator:  ArmLink.exe V5.06 update 2 (build 183)
Library Manager: ArmAr.exe V5.06 update 2 (build 183)
Hex Converter:   FromElf.exe V5.06 update 2 (build 183)
CPU DLL:         
Dialog DLL:      
Target DLL:      Segger\JL2CM3.dll V2.99.20.0
Dialog DLL:      TCM.DLL V1.14.9.0
 
<h2>Project:</h2>
D:\Programmer\Dropbox\UiA\ELE301 Bachelor\bachelorprosjekt\Keil\Master og Slave\examples\ble_peripheral_SLAVE\ble_app_hrs\pca10040\s132\arm5_no_packs\ble_app_hrs_pca10040_s132.uvprojx
Project File Date:  04/05/2017

<h2>Output:</h2>
*** Using Compiler 'V5.06 update 2 (build 183)', folder: 'C:\Keil_v5\ARM\ARMCC\Bin'
Build target 'nrf52832_xxaa'
compiling bsp.c...
compiling boards.c...
compiling main.c...
..\..\..\main.c(1000): warning:  #177-D: variable "static_pin_option" was declared but never referenced
  		ble_opt_t static_pin_option;
..\..\..\main.c: 1 warning, 0 errors
compiling bsp_nfc.c...
compiling bsp_btn_ble.c...
compiling ble_advdata.c...
compiling ble_conn_state.c...
compiling ble_advertising.c...
compiling ble_conn_params.c...
compiling gatts_cache_manager.c...
compiling gatt_cache_manager.c...
compiling ble_srv_common.c...
compiling id_manager.c...
compiling peer_data.c...
compiling nrf_ble_gatt.c...
compiling peer_id.c...
compiling peer_data_storage.c...
compiling peer_database.c...
compiling pm_buffer.c...
compiling pm_mutex.c...
compiling peer_manager.c...
compiling ble_bas.c...
compiling security_manager.c...
compiling security_dispatcher.c...
compiling ble_hrs.c...
compiling nrf_drv_clock.c...
compiling ble_dis.c...
compiling nrf_drv_uart.c...
compiling nrf_drv_common.c...
compiling nrf_drv_gpiote.c...
compiling app_error_weak.c...
compiling app_error.c...
compiling app_button.c...
compiling app_util_platform.c...
compiling crc16.c...
compiling app_timer.c...
compiling hardfault_implementation.c...
compiling fstorage.c...
compiling fds.c...
compiling sdk_errors.c...
compiling sensorsim.c...
compiling nrf_log_backend_serial.c...
compiling nrf_assert.c...
compiling sdk_mapped_flags.c...
compiling RTT_Syscalls_KEIL.c...
compiling SEGGER_RTT_printf.c...
compiling nrf_log_frontend.c...
compiling SEGGER_RTT.c...
assembling arm_startup_nrf52.s...
compiling softdevice_handler.c...
compiling system_nrf52.c...
linking...
Program Size: Code=30452 RO-data=1292 RW-data=408 ZI-data=10864  
FromELF: creating hex file...
".\_build\nrf52832_xxaa.axf" - 0 Error(s), 1 Warning(s).

<h2>Software Packages used:</h2>

Package Vendor: NordicSemiconductor
                http://developer.nordicsemi.com/nRF5_SDK/pieces/nRF_DeviceFamilyPack/NordicSemiconductor.nRF_DeviceFamilyPack.8.11.1.pack
                NordicSemiconductor::Device:Startup:8.11.1
                Nordic Semiconductor nRF ARM devices Device Family Pack.
   * Component: Startup Version: 8.11.1

Package Vendor: ARM
                http://www.keil.com/pack/ARM.CMSIS.4.5.0.pack
                ARM::CMSIS:CORE:4.3.0
                CMSIS (Cortex Microcontroller Software Interface Standard)
   * Component: CORE Version: 4.3.0

<h2>Collection of Component include folders:</h2>
  D:\Programmer\Dropbox\UiA\ELE301 Bachelor\bachelorprosjekt\Keil\Master og Slave\examples\ble_peripheral_SLAVE\ble_app_hrs\pca10040\s132\arm5_no_packs\RTE
  C:\Keil_v5\ARM\PACK\ARM\CMSIS\4.5.0\CMSIS\Include
  C:\Keil_v5\ARM\PACK\NordicSemiconductor\nRF_DeviceFamilyPack\8.11.1\Device\Include
  C:\Keil_v5\ARM\PACK\NordicSemiconductor\nRF_DeviceFamilyPack\8.12.0\Device\Include

<h2>Collection of Component Files used:</h2>

   * Component: NordicSemiconductor::Device:Startup:8.11.1
      Include file:  Device\Include\system_nrf52.h
      Source file:   Device\Source\arm\arm_startup_nrf52.s
      Source file:   Device\Source\system_nrf52.c

   * Component: ARM::CMSIS:CORE:4.3.0
Build Time Elapsed:  00:00:33
</pre>
</body>
</html>
